OBJECT,VALUE,DATE,TIME
[H[2JFX.6Y.EURUSD.B,905,,
FX.2M.USDCAD.O,-1.7,,
ESTR.ON.EUR,-0.558,,
FX.SP.USDHKD.B,7.7531,,
FX.SP.USDCHF.B,0.8885,,
FX.8M.EURJPY.O,32.8,,
FX.SP.NZDUSD.B,0.7198,,
FX.10M.NZDUSD.B,-1.81,,
FX.1M.AUDUSD.B,0.961,,
FX.TOM.USDJPY.B,-0.35,,
FX.2M.NZDUSD.B,-0.15,,
FX.SN.USDSGD.O,0.05,,
FX.2Y.GBPUSD.O,67,,
FX.3M.USDSGD.O,0.1,,
FX.7M.USDCHF.B,-55.25,,
FX.1W.EURGBP.B,1.03,,
FX.7M.USDSGD.B,-1.3,,
FX.TOM.GBPUSD.O,0.22,,
FX.2Y.EURJPY.B,77.98,,
FX.5Y.USDHKD.O,209,,
FX.5M.USDCAD.B,-2.75,,
FX.2M.USDHKD.O,-4,,
FX.3W.USDJPY.O,-2.1,,
FX.1W.USDSGD.O,0.08,,
FX.1W.USDHKD.O,0.5,,
FX.9M.USDCHF.O,-69.75,,
FX.10M.AUDUSD.B,10.6,,
FX.TOM.EURJPY.B,0.44,,
FX.1Y.NZDUSD.O,0.5,,
FX.10M.EURGBP.O,46.9,,
FX.6M.EURGBP.B,27.2,,
FX.3W.GBPUSD.O,1.37,,
FX.ON.USDSGD.O,0.03,,
FX.3W.EURJPY.O,3.25,,
FX.ON.EURUSD.B,0.21,,
FX.3M.USDCHF.B,-23.944,,
FX.1M.EURJPY.O,4.421,,
FX.1Y.USDJPY.O,-50.8,,
FX.SP.USDCHF.O,0.8886,,
FX.5M.EURUSD.B,40.5,,
FX.3Y.AUDUSD.B,14,,
FX.2W.USDJPY.O,-1.5,,
FX.SP.EURGBP.O,0.8844,,
FX.SN.GBPUSD.B,0.05,,
FX.1Y.USDHKD.O,-12,,
FX.4M.USDJPY.B,-14.2,,
FX.9M.USDCAD.B,-3.25,,
FX.1W.USDCHF.O,-1.71,,
CPI.ON.GBP.B,109.1,,
FX.1M.USDSGD.O,0.12,,
FX.ON.GBPUSD.B,-0.01,,
FX.8M.USDSGD.B,-1.7,,
FX.7M.USDSGD.O,2.7,,
FX.3M.USDJPY.O,-10.916,,
FX.2M.USDCAD.B,-2,,
FX.8M.USDJPY.B,-30.5,,
FX.4M.USDCHF.B,-31.1,,
FX.SP.USDCAD.O,1.2776,,
FX.TOM.USDHKD.B,4,,
FX.SP.USDJPY.B,104.74,,
FX.2W.USDSGD.B,0.03,,
FX.2M.USDSGD.B,0.15,,
FX.1M.USDHKD.B,-1,,
CPI.ON.USA.O,108.9524,,
FX.1M.GBPUSD.B,1.84,,
FX.5Y.NZDUSD.O,-51,,
FX.3M.USDCAD.B,-2.74,,
FX.5M.NZDUSD.O,-0.3,,
FX.10M.EURUSD.O,83.2,,
FX.3M.AUDUSD.O,3.958,,
FX.10M.GBPUSD.B,21.25,,
FX.7M.EURGBP.B,31.6,,
CPI.ON.USD.B,108.9524,,
FX.SP.USDSGD.O,1.3281,,
FX.7M.EURUSD.O,58.1,,
FX.6M.EURUSD.B,49.1,,
FX.SP.NZDUSD.O,0.7198,,
FX.3W.USDCAD.O,-0.83,,
LIBOR.3M.GBP,0.0373,31 JAN 2021,21:29
FX.5Y.USDCAD.B,91,,
FX.4M.GBPUSD.B,8.7,,
EURIBOR.9M.EUR,-0.195,,
FX.11M.EURGBP.O,51.3,,
FX.1Y.USDCHF.O,-96.75,,
FX.1Y.AUDUSD.B,13.4,,
FX.1M.USDCAD.O,-1.06,,
FX.SP.USDSGD.B,1.3279,,
FX.4Y.USDJPY.O,-326,,
EONIA.ON.EUR,-0.479,,
FX.3W.USDCAD.B,-0.98,,
FX.SN.USDSGD.B,0.02,,
FX.2M.USDSGD.O,0.3,,
FX.4Y.AUDUSD.O,20.1,,
EURIBOR.6M.EUR,-0.528,,
FX.1M.USDJPY.B,-2.964,,
FX.1M.AUDUSD.O,1.172,,
FX.1W.GBPUSD.O,0.41,,
FX.2Y.AUDUSD.O,2,,
FX.7M.EURUSD.B,57.1,,
FX.8M.USDJPY.O,-29.8,,
FX.TOM.EURGBP.B,0.483,,
FX.11M.EURUSD.B,95.9,,
FX.4M.NZDUSD.O,0.01,,
FX.3Y.USDCAD.B,33,,
FX.1W.EURUSD.O,1.83,,
FX.8M.USDHKD.B,-17,,
FX.SP.EURGBP.B,0.8843,,
FX.SN.NZDUSD.O,0.02,,
FX.3Y.NZDUSD.B,-32,,
FX.2M.USDJPY.O,-6.8,,
SONIA.ON.GBP,0.0489,,
FX.TOM.USDJPY.O,-0.33,,
FX.10M.EURJPY.O,40.63,,
FX.2W.NZDUSD.O,-0.01,,
FX.1Y.USDCAD.O,-3,,
FX.ON.USDCAD.O,-0.04,,
FX.5Y.GBPUSD.B,282,,
FX.3M.USDSGD.B,-0.1,,
FX.11M.AUDUSD.B,12.4,,
FX.6Y.USDJPY.B,-758.9,,
FX.9M.NZDUSD.B,-1.15,,
FX.2M.EURUSD.B,16.05,,
FX.1W.USDJPY.B,-0.73,,
FX.11M.USDCHF.B,-90.75,,
FX.SN.AUDUSD.O,0.04,,
FX.SP.EURJPY.O,127.204,,
FX.ON.USDJPY.O,-0.04,,
FX.7M.EURGBP.O,32.6,,
FX.8M.USDCHF.B,-62.75,,
FX.1W.NZDUSD.B,-0.15,,
FX.5M.EURUSD.O,41,,
FX.ON.USDHKD.O,-0.1,,
FX.4M.AUDUSD.B,4.5,,
FX.4M.NZDUSD.B,-0.49,,
FX.8M.EURJPY.B,30.91,,
FX.1Y.EURJPY.B,45.38,,
FX.3M.NZDUSD.B,0.02,,
FX.ON.AUDUSD.O,0.03,,
FX.1W.AUDUSD.O,0.16,,
FX.4Y.EURUSD.O,513,,
FX.2Y.USDHKD.O,3,,
FX.4Y.GBPUSD.B,177,,
FX.1W.NZDUSD.O,-0.05,,
FX.6Y.EURUSD.O,945,,
FX.6M.USDCAD.B,-3.25,,
FX.10M.USDHKD.O,-6.7,,
FX.6M.USDCHF.O,-46.7,,
FX.9M.USDJPY.O,-33.7,,
EURIBOR.2M.EUR,-0.336,,
FX.9M.USDCHF.B,-71,,
FX.ON.USDCAD.B,-0.06,,
FX.1M.USDCHF.B,-7.294,,
FX.1W.USDHKD.B,-0.5,,
FX.2Y.USDCHF.O,-193,,
FX.SP.USDJPY.O,104.746,,
FX.3M.EURJPY.O,13.39,,
FX.5Y.EURUSD.B,688,,
LIBOR.ON.GBP,0.038,31 JAN 2021,21:29
FX.4Y.AUDUSD.B,0.1,,
FX.6M.USDSGD.O,-0.5,,
FX.7M.NZDUSD.B,-1.2,,
FX.2W.USDCHF.O,-3.7,,
FX.9M.GBPUSD.O,20.25,,
FX.8M.USDCAD.O,-1.75,,
FX.1Y.EURJPY.O,47.39,,
FX.4Y.USDHKD.O,208,,
FX.6M.EURJPY.O,25.05,,
FX.5M.USDCHF.O,-38.6,,
FX.10M.USDJPY.O,-37.6,,
FX.4Y.USDCHF.O,-403,,
FX.3Y.EURUSD.B,336,,
FX.3Y.USDCAD.O,43,,
FX.1M.EURUSD.O,7.475,,
FX.8M.AUDUSD.B,8.4,,
FX.5Y.AUDUSD.O,19,,
FX.7M.USDHKD.B,-16,,
FX.1Y.USDSGD.B,-3,,
FX.1W.EURJPY.B,0.96,,
FX.7M.USDCHF.O,-54.75,,
FX.1M.EURGBP.B,3.989,,
FX.1M.EURUSD.B,7.348,,
FX.ON.NZDUSD.O,0.02,,
FX.8M.USDHKD.O,-12,,
FX.1M.USDSGD.B,0.02,,
FX.10M.GBPUSD.O,22.25,,
FX.1M.USDHKD.O,1,,
FX.4M.USDJPY.O,-14,,
FX.7M.NZDUSD.O,1.15,,
CPI.ON.GBR.O,109.1,,
FX.1M.USDJPY.O,-2.795,,
FX.6M.AUDUSD.O,7.4,,
FX.9M.EURUSD.B,74,,
FX.4Y.USDJPY.B,-336,,
FX.ON.USDCHF.O,-0.225,,
FX.TOM.USDCAD.B,-0.25,,
FX.7M.AUDUSD.B,7.6,,
FX.SP.EURUSD.B,1.2144,,
FX.6M.USDCAD.O,-2.25,,
FX.11M.USDCAD.O,-1,,
FX.SN.USDCAD.B,-0.25,,
FX.5Y.NZDUSD.B,-81,,
FX.7Y.USDJPY.O,-933.8,,
FX.3Y.GBPUSD.B,108,,
FX.1Y.NZDUSD.B,-1.5,,
FX.2Y.NZDUSD.O,-0.68,,
FX.8M.USDCAD.B,-3,,
FX.3W.USDHKD.B,-2.5,,
FX.ON.EURUSD.O,0.22,,
FX.3M.USDJPY.B,-11.285,,
FX.4M.USDCHF.O,-30.8,,
FX.4Y.NZDUSD.O,-39,,
FX.5Y.EURUSD.O,708,,
FX.11M.EURUSD.O,96.9,,
FX.ON.EURJPY.O,0.18,,
FX.2W.USDSGD.O,0.08,,
FX.2W.USDCHF.B,-3.8,,
FX.7M.EURJPY.O,29.77,,
FX.3M.GBPUSD.O,7.262,,
FX.8M.GBPUSD.B,17.25,,
FX.2Y.USDCHF.B,-196,,
FX.7M.EURJPY.B,27.88,,
FX.SN.USDJPY.O,-0.1,,
FX.6M.USDHKD.O,-12,,
FX.1Y.EURGBP.O,55.9,,
FX.SN.EURJPY.B,0.12,,
FX.3W.EURUSD.B,5.43,,
FX.SP.EURUSD.O,1.2144,,
FX.5M.GBPUSD.B,11.1,,
FX.1Y.USDSGD.O,-2,,
LIBOR.2M.GBP,0.0346,31 JAN 2021,21:29
FX.10M.EURGBP.B,45.5,,
FX.4M.EURUSD.B,32.2,,
FX.SN.USDHKD.B,0.15,,
FX.6M.AUDUSD.B,6.8,,
FX.8M.USDSGD.O,4.3,,
FX.9M.EURJPY.O,36.99,,
FX.9M.GBPUSD.B,19.25,,
FX.11M.EURGBP.B,49.9,,
FX.1Y.EURUSD.B,104.25,,
FX.TOM.NZDUSD.B,-0.2,,
FX.4M.EURJPY.O,16.98,,
FX.1W.AUDUSD.B,0.06,,
FX.9M.AUDUSD.O,10.4,,
FX.2Y.EURGBP.O,115.7,,
FX.3Y.USDJPY.B,-209,,
FX.6M.USDSGD.B,-1,,
FX.1Y.EURUSD.O,105.25,,
FX.3W.EURGBP.O,3.22,,
FX.1W.GBPUSD.B,0.36,,
FX.TOM.USDHKD.O,6,,
FX.SN.EURJPY.O,0.17,,
FX.SN.USDJPY.B,-0.105,,
FX.6M.USDJPY.B,-22.4,,
FX.2W.NZDUSD.B,-0.11,,
FX.5M.EURGBP.O,22.8,,
FX.4M.USDSGD.O,0.1,,
FX.4Y.EURUSD.B,493,,
FX.ON.EURJPY.B,0.12,,
CPI.ON.GBP.B,109.1,,
FX.2Y.AUDUSD.B,17,,
FX.2W.EURGBP.O,2.32,,
FX.5Y.USDCAD.O,121,,
FX.10M.USDSGD.O,2.7,,
FX.4Y.USDCAD.B,67,,
FX.4Y.USDCHF.B,-427.5,,
FX.11M.USDHKD.B,-16.3,,
FX.5Y.USDJPY.O,-479,,
FX.9M.USDCAD.O,-1.25,,
FX.6M.NZDUSD.B,-0.99,,
FX.11M.USDCHF.O,-89.5,,
FX.4M.USDHKD.O,-9,,
FX.TOM.AUDUSD.O,0.07,,
FX.1W.USDCAD.O,-0.33,,
FX.4Y.USDHKD.B,-192,,
FX.3Y.USDCHF.B,-294,,
FX.1Y.GBPUSD.B,32.5,,
FX.2W.USDJPY.B,-1.53,,
FX.3W.EURJPY.B,3.05,,
FX.3M.GBPUSD.B,6.631,,
FX.3M.EURGBP.O,13.995,,
FX.9M.USDSGD.O,-1,,
FX.SN.EURGBP.B,0.148,,
FX.5Y.GBPUSD.O,29,,
FX.2W.EURUSD.B,3.85,,
FX.11M.GBPUSD.O,31,,
FX.3Y.USDHKD.O,13,,
FX.SN.EURUSD.B,0.255,,
FX.3W.USDHKD.O,-1.5,,
FX.SN.USDCHF.B,-0.255,,
FX.ON.USDCHF.B,-0.23,,
FX.ON.AUDUSD.B,0.02,,
FX.ON.USDJPY.B,-0.08,,
FX.2Y.EURUSD.B,209,,
FX.2Y.EURGBP.B,110.8,,
FX.SN.NZDUSD.B,-0.02,,
FX.3M.USDCHF.O,-23.235,,
FX.11M.EURJPY.B,41.78,,
FX.1M.NZDUSD.B,-0.15,,
FX.5Y.USDCHF.O,-532,,
FX.SN.USDCAD.O,-0.2,,
FX.5M.GBPUSD.O,11.5,,
FX.2W.EURUSD.O,3.95,,
FX.1W.USDJPY.O,-0.7,,
FX.3Y.USDJPY.O,-199,,
FX.10M.USDHKD.B,-16.7,,
LIBOR.1W.GBP,0.0308,31 JAN 2021,21:29
LIBOR.6M.GBP,0.0435,31 JAN 2021,21:29
FX.3Y.GBPUSD.O,113,,
TONAR.ON.JPY,-0.016,,
FX.1W.USDCHF.B,-1.76,,
FX.TOM.USDCHF.B,-0.815,,
FX.2Y.USDCAD.B,2,,
FX.11M.AUDUSD.O,13.4,,
FX.3M.AUDUSD.B,3.642,,
FX.10M.USDCHF.O,-77.75,,
FX.11M.USDSGD.O,2.3,,
FX.6M.USDHKD.B,-16,,
FX.3W.USDJPY.B,-2.13,,
FX.2M.USDHKD.B,-6,,
FX.3Y.AUDUSD.O,21,,
FX.7M.USDJPY.B,-26,,
FX.2W.EURGBP.B,2.21,,
FX.2M.EURJPY.B,8.36,,
FX.SP.USDCAD.B,1.2776,,
FX.7Y.USDJPY.B,-973.8,,
FX.4Y.USDCAD.O,87,,
FX.8M.USDCHF.O,-62,,
FX.5Y.USDCHF.B,-552,,
FX.3W.GBPUSD.B,1.27,,
FX.7Y.USDHKD.O,29,,
FX.SN.USDCHF.O,-0.245,,
FX.10Y.USDHKD.B,-33,,
FX.6M.USDJPY.O,-22.1,,
FX.9M.USDSGD.B,-2,,
FX.9M.USDHKD.O,-12,,
FX.TOM.USDSGD.B,0.1,,
FX.2W.USDCAD.B,-0.31,,
FX.11M.USDCAD.B,-3.5,,
FX.2Y.USDJPY.O,-113,,
FX.1W.USDCAD.B,-0.48,,
FX.SP.USDHKD.O,7.7536,,
FX.11M.NZDUSD.O,1,,
FX.6M.USDCHF.B,-47.2,,
FX.10M.USDCAD.B,-3,,
FX.3W.NZDUSD.B,-0.15,,
FX.TOM.GBPUSD.B,0.19,,
SOFR.ON.USD,0.03,,
FX.11M.USDHKD.O,-6.3,,
FX.11M.GBPUSD.B,3,,
FX.5M.USDJPY.B,-18.3,,
FX.4Y.GBPUSD.O,183,,
FX.5M.AUDUSD.O,6.1,,
FX.8M.NZDUSD.B,-1.2,,
FX.1Y.EURGBP.B,54.5,,
FX.10M.AUDUSD.O,11.6,,
FX.5M.USDSGD.B,-0.7,,
FX.4M.AUDUSD.O,4.9,,
FX.2Y.USDHKD.B,-1,,
FX.1W.EURUSD.B,1.77,,
FX.SN.AUDUSD.B,0.03,,
FX.4M.USDSGD.B,-0.7,,
FX.TOM.EURJPY.O,0.49,,
FX.2W.AUDUSD.O,0.62,,
FX.TOM.USDCAD.O,-0.2,,
FX.8M.EURUSD.B,65.4,,
FX.2W.AUDUSD.B,0.52,,
FX.2Y.EURUSD.O,219,,
FX.7Y.USDHKD.B,-31,,
FX.ON.USDHKD.B,-0.3,,
FX.4Y.NZDUSD.B,-54,,
FX.8M.GBPUSD.O,18,,
FX.3W.USDCHF.O,-5.25,,
FX.10M.USDSGD.B,-2.3,,
FX.4M.EURGBP.B,17.7,,
FX.ON.NZDUSD.B,-0.02,,
FX.1M.NZDUSD.O,0.05,,
FX.3M.USDHKD.B,-10.55,,
FX.6M.EURGBP.O,27.8,,
EURIBOR.1M.EUR,-0.563,,
FX.6M.NZDUSD.O,0.01,,
FX.3W.NZDUSD.O,0.05,,
FX.3W.EURUSD.O,5.53,,
FX.4M.EURJPY.B,16.32,,
FX.1Y.USDHKD.B,-16,,
LIBOR.1Y.GBP,0.0788,31 JAN 2021,21:29
FX.5M.USDCAD.O,-2,,
FX.2M.USDCHF.O,-15.25,,
FX.8M.AUDUSD.O,9.4,,
FX.4M.EURGBP.O,18.2,,
FX.3W.AUDUSD.B,0.78,,
FX.7M.USDJPY.O,-25.3,,
FX.SP.AUDUSD.O,0.7676,,
FX.SN.USDHKD.O,0.35,,
FX.10Y.USDHKD.O,17,,
FX.2M.EURJPY.O,8.69,,
FX.8M.EURGBP.O,37.3,,
FX.4M.GBPUSD.O,9,,
FX.5Y.USDJPY.B,-489,,
FX.3M.EURUSD.O,24.854,,
FX.2W.GBPUSD.O,0.94,,
FX.6M.GBPUSD.O,13.5,,
FX.4M.EURUSD.O,32.6,,
FX.2W.GBPUSD.B,0.88,,
FX.4M.USDCAD.O,-2.25,,
FX.TOM.USDSGD.O,0.15,,
FX.11M.NZDUSD.B,-1,,
FX.3M.EURUSD.B,24.538,,
FX.2W.USDHKD.O,-0.5,,
FX.3Y.USDHKD.B,-17,,
FX.8M.NZDUSD.O,-0.4,,
FX.SN.EURGBP.O,0.161,,
FX.8M.EURUSD.O,66.4,,
FX.5M.EURGBP.B,22.2,,
FX.6M.EURJPY.B,24.16,,
FX.11M.USDJPY.B,-47.7,,
FX.2M.EURGBP.O,9,,
FX.SN.GBPUSD.O,0.06,,
EURIBOR.3M.EUR,-0.539,,
FX.2M.EURUSD.O,16.25,,
FX.9M.EURJPY.B,34.97,,
LIBOR.1M.GBP,0.0288,31 JAN 2021,21:29
FX.3M.USDCAD.O,-2.34,,
FX.9M.AUDUSD.B,9.4,,
FX.5M.USDHKD.B,-14,,
FX.ON.GBPUSD.O,0.01,,
FX.3Y.USDCHF.O,-284,,
FX.9M.NZDUSD.O,0.35,,
FX.11M.USDSGD.B,-2.7,,
FX.1W.EURGBP.O,1.11,,
FX.5M.NZDUSD.B,-0.5,,
FX.1M.USDCAD.B,-1.26,,
FX.1Y.USDJPY.B,-51.6,,
FX.3Y.EURUSD.O,346,,
FX.7M.GBPUSD.B,14.75,,
FX.11M.EURJPY.O,43.79,,
FX.3W.USDCHF.B,-5.35,,
FX.6Y.USDJPY.O,-728.9,,
FX.7M.AUDUSD.O,8.6,,
FX.1W.EURJPY.O,1.06,,
FX.TOM.EURUSD.B,0.855,,
FX.1Y.GBPUSD.O,33.5,,
FX.2M.EURGBP.B,8.7,,
FX.5M.EURJPY.B,20.08,,
FX.7M.USDCAD.O,-3.1,,
FX.6M.EURUSD.O,49.6,,
FX.1Y.USDCAD.B,-5,,
FX.7M.USDHKD.O,-12,,
FX.2M.AUDUSD.O,2.7,,
FX.SP.GBPUSD.B,1.3731,,
EURIBOR.1W.EUR,-0.563,,
FX.1M.EURJPY.B,4.052,,
FX.1M.USDCHF.O,-7.002,,
FX.2M.USDJPY.B,-6.9,,
FX.10M.USDCAD.O,-1,,
FX.2M.AUDUSD.B,2.45,,
FX.4M.USDCAD.B,-3,,
EURIBOR.2W.EUR,-0.371,,
FX.2W.EURJPY.B,2.18,,
FX.SN.EURUSD.O,0.265,,
FX.5M.AUDUSD.B,5.6,,
FX.2Y.GBPUSD.B,64,,
FX.10M.NZDUSD.O,1.19,,
FX.1M.GBPUSD.O,1.94,,
FX.2W.EURJPY.O,2.28,,
FX.10M.USDJPY.B,-38.4,,
FX.2Y.NZDUSD.B,-10.68,,
FX.2Y.USDCAD.O,9,,
FX.3M.EURGBP.B,13.364,,
FX.2M.NZDUSD.O,0.15,,
FX.2M.GBPUSD.B,4.45,,
FX.ON.EURGBP.O,0.167,,
FX.10M.EURUSD.B,82.2,,
FX.SP.GBPUSD.O,1.3731,,
FX.5M.USDJPY.O,-18.1,,
FX.7M.GBPUSD.O,15.5,,
FX.TOM.AUDUSD.B,0.05,,
FX.11M.USDJPY.O,-46.9,,
FX.5Y.AUDUSD.B,4,,
FX.5M.USDCHF.B,-39,,
FX.1M.EURGBP.O,4.41,,
FX.5M.USDSGD.O,0.1,,
FX.TOM.NZDUSD.O,-0.15,,
FX.10M.USDCHF.B,-78.75,,
FX.3M.NZDUSD.O,0.22,,
FX.TOM.EURGBP.O,0.517,,
FX.5M.EURJPY.O,20.85,,
FX.TOM.USDCHF.O,-0.805,,
FX.2Y.USDJPY.B,-116,,
FX.3Y.NZDUSD.O,-22,,
FX.1Y.AUDUSD.O,14.4,,
FX.4M.USDHKD.B,-12,,
FX.9M.USDHKD.B,-17,,
FX.2W.USDHKD.B,-1.5,,
FX.5M.USDHKD.O,-11,,
FX.ON.USDSGD.B,-0.01,,
FX.9M.USDJPY.B,-34.5,,
FX.2M.USDCHF.B,-15.5,,
FX.9M.EURGBP.O,42.2,,
FX.2Y.EURJPY.O,85.82,,
FX.9M.EURGBP.B,40.8,,
FX.TOM.EURUSD.O,0.875,,
FX.3W.EURGBP.B,3.08,,
FX.3M.USDHKD.O,-5.449,,
FX.1W.USDSGD.B,0.05,,
FX.8M.EURGBP.B,36.1,,
FX.6M.GBPUSD.B,13.1,,
FX.3M.EURJPY.B,12.917,,
FX.5Y.USDHKD.B,-291,,
FX.SP.AUDUSD.B,0.7671,,
FX.ON.EURGBP.B,0.147,,
FX.9M.EURUSD.O,75,,
FX.2W.USDCAD.O,-0.16,,
FX.1Y.USDCHF.B,-98,,
FX.3W.AUDUSD.O,0.88,,
FX.2M.GBPUSD.O,4.65,,
FX.10M.EURJPY.B,38.61,,
FX.7M.USDCAD.B,-3.8,,
FX.SP.EURJPY.B,127.189,,
518 record(s) listed
