[H[JSORT SIENA.CACHE WITH OBJECT LIKE UKG... BY FIELD OBJECT FIELD VALUE ID-SUPP                                                                   Page 1
OBJECT.............................   FIELD..............................   VALUE..............................
UKG.XS1103286305                      A2D FUNDING II PLC F 4.5   26         0
UKG.XS0975865949                      A2D FUNDING PLC FUND 4.75  22         0
UKG.XS1379593566                      ALPHA PLUS HOLDINGS  5     24         0
UKG.XS0089553282                      ANGLIAN WATER SERVIC 6.625 23         0
UKG.XS0138717441                      AVIVA PLC 6*12536    6.125 36         0
UKG.XS0134886067                      BARCLAYS BANK PLC BA 5.75  26         0
UKG.XS0097283096                      BRITISH TELECOMMUNIC 5.75  28         0
UKG.XS2104011304                      BRUNTWOOD BOND 2 PLC 6     25         0
UKG.XS1756325228                      BURFORD CAPITAL FINA 3.06  25         0
UKG.XS1614096425                      BURFORD CAPITAL PLC  2.5   26         0
UKG.XS1391063424                      BURFORD CAPITAL PLC  6.125 24         0
UKG.XS1088905093                      BURFORD CAPITAL PLC  6.5   22         0
UKG.XS0058209106                      EASTERN GROUP EAST*G 8.5   25         0
UKG.XS0187202303                      EASTERN POWER NETWOR 5.75  24         0
UKG.XS0880578728                      ENQUEST PLC ENQ 22 P 5.5   22         0
UKG.XS1112834608                      EROS STX GLOBAL CORP 6.5   21         0
UKG.XS0340495216                      GE CAPITAL UK FUNDIN 5.875 33         0
UKG.XS0140516864                      GLAXOSMITHKLINE CAPI 5.25  33         0
UKG.XS0184639895                      HAMMERSON PLC 626    6     26         0
UKG.XS0085732716                      HAMMERSON PLC 7Q28   7.25  28         0
UKG.XS0174470764                      HSBC BANK PLC BK*5*3 5.375 33         0
UKG.XS0088317853                      HSBC BANK PLC BK*6*5 6.5   23         0
UKG.XS1200576699                      INTERMEDIATE CAPITAL 5     23         0
UKG.XS1998163148                      INTERNATIONAL PERSON 7.75  23         0
UKG.XS1066478014                      LADBROKES GROUP FINA 5.125 22         0
UKG.XS0121464779                      LEGAL + GENERAL FINA 5.875 31         0
UKG.XS1649806343                      LENDINVEST SECURED I 2.63  22         0
UKG.XS1791022186                      LENDINVEST SECURED I 2.69  23         0
UKG.XS0503834821                      LLOYDS BANK PLC BK*  7.625 25         0
UKG.XS0543369184                      LLOYDS BANK PLC BK*4 6.5   40         0
UKG.XS0043098127                      LLOYDS BANK PLC BK*9 9.625 23         0
UKG.XS0148889420                      LONDON POWER NETWORK 6.125 27         0
UKG.XS0846486040                      LONDON STOCK EXCHANG 4.75  21         0
UKG.XS0678522490                      NATIONAL GRID PLC NA 1.25  21         0
UKG.XS0891023086                      PARAGON BANKING GROU 6     20         0
UKG.XS1275325758                      PARAGON BANKING GROU 6     24         0
UKG.XS1018830270                      PARAGON BANKING GROU 6.125 22         0
UKG.XS0731910765                      PLACES FOR PEOPLE CA 1     22         0
UKG.XS1527331430                      PLACES FOR PEOPLE FI 4.25  23         0
SORT SIENA.CACHE WITH OBJECT LIKE UKG... BY FIELD OBJECT FIELD VALUE ID-SUPP                                                                   Page 2
OBJECT.............................   FIELD..............................   VALUE..............................
UKG.XS0997703250                      PREMIER OIL PLC OIL2 5     21         0
UKG.XS1209091856                      PROVIDENT FINANCIAL  5.125 23         0
UKG.XS0900863084                      PROVIDENT FINANCIAL  6     21         0
UKG.XS0083544212                      PRUDENTIAL PLC PRU*6 6.875 23         0
UKG.XS1849479602                      REGIONAL REIT LIMITE 4.5   24         0
UKG.XS1713569629                      RETAIL CHARITY BONDS 3.9   27         0
UKG.XS1695541299                      RETAIL CHARITY BONDS 4     27         0
UKG.XS1575974933                      RETAIL CHARITY BONDS 4.25  26         0
UKG.XS1634535253                      RETAIL CHARITY BONDS 4.25  26         0
UKG.XS1066485902                      RETAIL CHARITY BONDS 4.375 21         0
UKG.XS1200788369                      RETAIL CHARITY BONDS 4.4   25         0
UKG.XS1821505259                      RETAIL CHARITY BONDS 4.5   26         0
UKG.XS1386668591                      RETAIL CHARITY BONDS 5     26         0
UKG.XS2132997433                      RETAIL CHARITY BONDS 5     30         0
UKG.XS0221324154                      SEGRO PLC SEGRO*5*75 5.75  35         0
UKG.XS0107099466                      SEGRO PLC SEGRO*6*75 6.75  24         0
UKG.XS0095371638                      SSE PLC SSE*5*875    5.875 22         0
UKG.XS0780063235                      TESCO PERSONAL FINAN 5     20         0
UKG.XS0105244585                      TESCO PLC 6NT29      6     29         0
UKG.GB00BD0PCK97                      UK 0 1/2 22          0.5   22         0
UKG.GB00B421JZ66                      UK 0 1/2 IL 50       0.5   50         0
UKG.GB00BMBL1D50                      UK 0 1/2 TR 61             61         0
UKG.GB00B73ZYW09                      UK 0 1/4 IL 52       0.25  52         0
UKG.GB00B3Y1JG82                      UK 0 1/8 IL 29       0.125 29         0
UKG.GB00B7RN0G65                      UK 0 1/8 IL 44       0.125 44         0
UKG.GB00BYY5F144                      UK 0 1/8 IL TG 26    0.125 26         0
UKG.GB00BZ1NTB69                      UK 0 1/8 IL TG 28          28         0
UKG.GB00BYZW3J87                      UK 0 1/8 IL TG 36    0.125 36         0
UKG.GB00BGDYHF49                      UK 0 1/8 IL TG 41          41         0
UKG.GB00BYMWG366                      UK 0 1/8 IL TG 46    0.125 46         0
UKG.GB00BP9DLZ64                      UK 0 1/8 IL TG 58    0.125 58         0
UKG.GB00BD9MZZ71                      UK 0 1/8 IL TG 65    0.125 65         0
UKG.GB00BDX8CX86                      UK 0 1/8 IL TG 68    0.125 68         0
UKG.GB00B85SFQ54                      UK 0 1/8 IL TR 24    0.125 24         0
UKG.GB00BZ13DV40                      UK 0 1/8 IL TR 48          48         0
UKG.GB00BYVP4K94                      UK 0 1/8 IL TR 56    0.125 56         0
UKG.GB00BL68HG94                      UK 0 1/8 TR 23             23         0
UKG.GB00BMGR2791                      UK 0 1/8 TR 24             24         0
UKG.GB00BL68HJ26                      UK 0 1/8 TR 26             26         0
SORT SIENA.CACHE WITH OBJECT LIKE UKG... BY FIELD OBJECT FIELD VALUE ID-SUPP                                                                   Page 3
OBJECT.............................   FIELD..............................   VALUE..............................
UKG.GB00BMBL1G81                      UK 0 1/8 TR 28             28         0
UKG.GB00B46CGH68                      UK 0 3/4 IL 34       0.75  34         0
UKG.GB00BF0HZ991                      UK 0 3/4 TG 23       1.5   23         0
UKG.GB00B4PTCY75                      UK 0 3/8 IL 62       0.375 62         0
UKG.GB00BL68HH02                      UK 0 3/8 TR 30             30         0
UKG.GB00BK5CVX03                      UK 0 5/8 TG 25             25         0
UKG.GB00BMGR2916                      UK 0 5/8 TR 35             35         0
UKG.GB00BMBL1F74                      UK 0 5/8 TR 50             50         0
UKG.GB00BJMHB534                      UK 0 7/8 TR 29             29         0
UKG.GB00BYY5F581                      UK 1 1/2 TG 21       1.5   21         0
UKG.GB00BYZW3G56                      UK 1 1/2 TG 26       1.5   26         0
UKG.GB00BDCHBW80                      UK 1 1/2 TG 47       1.5   47         0
UKG.GB00B128DH60                      UK 1 1/4 IL 27       1.25  27         0
UKG.GB00B3D4VD98                      UK 1 1/4 IL 32       1.25  32         0
UKG.GB00B0CNHZ09                      UK 1 1/4 IL 55       1.25  55         0
UKG.GB00BDRHNP05                      UK 1 1/4 TG 27             27         0
UKG.GB00BJQWYH73                      UK 1 1/4 TG 41             41         0
UKG.GB00B1L6W962                      UK 1 1/8 IL 37       1.125 37         0
UKG.GB00B7L9SL19                      UK 1 3/4 22          1.75  22         0
UKG.GB00BZB26Y51                      UK 1 3/4 TG 37       3.5   37         0
UKG.GB00BD0XH204                      UK 1 3/4 TG 57       3.5   57         0
UKG.GB00BFWFPP71                      UK 1 3/4 TG49              49         0
UKG.GB00BFMCN652                      UK 1 5/8 TG 71             71         0
UKG.GB00BFX0ZL78                      UK 1 5/8 TR 28             28         0
UKG.GB00BJLR0J16                      UK 1 5/8 TR 54             54         0
UKG.GB00B1Z5HQ14                      UK 1 7/8 IL 22       1.875 22         0
UKG.GB00BFWFPL34                      UK 1 TR 24                 24         0
UKG.GB00BYYMZX75                      UK 2 1/2 TG 65       5     65         0
UKG.GB00BTHH2R79                      UK 2 25              2     25         0
UKG.GB00BHBFH458                      UK 2 3/4 TR 24       2.75  24         0
UKG.GB00BN65R313                      UK 3 1/2 45          7     45         0
UKG.GB00BBJNQY21                      UK 3 1/2 TR GT 68    3.5   68         0
UKG.GB00B84Z9V04                      UK 3 1/4 44          3.25  44         0
UKG.GB00B6RNH572                      UK 3 3/4 52          3.75  52         0
UKG.GB00B4RMG977                      UK 3 3/4 TR 21       3.75  21         0
UKG.GB00B24FFM16                      UK 3/4 IL 47         0.75  47         0
UKG.GB00B16NNR78                      UK 4 1/4 27          4.25  27         0
UKG.GB0004893086                      UK 4 1/4 32          4.25  32         0
UKG.GB00B6460505                      UK 4 1/4 40          4.25  40         0
SORT SIENA.CACHE WITH OBJECT LIKE UKG... BY FIELD OBJECT FIELD VALUE ID-SUPP                                                                   Page 4
OBJECT.............................   FIELD..............................   VALUE..............................
UKG.GB00B128DP45                      UK 4 1/4 46          4.25  46         0
UKG.GB00B06YGN05                      UK 4 1/4 55          4.25  55         0
UKG.GB00B00NY175                      UK 4 3/4 38          4.75  38         0
UKG.GB00B24FF097                      UK 4*75 30           4.75  30         0
UKG.GB0030880693                      UK 5 25              5     25         0
UKG.GB0002404191                      UK 6 28              6     28         0
UKG.GB0009997999                      UK 8 21              8     21         0
UKG.GB00B3MYD345                      UK TR 0 5/8 IL 42    0.625 42         0
UKG.GB00B7Z53659                      UK TR 2 1/4 23       2.25  23         0
UKG.GB00B1VWPJ53                      UK TR 4 1/2 42       4.5   42         0
UKG.GB00B39R3707                      UK TR 4 1/4 49       4.25  49         0
UKG.GB00B3KJDS62                      UK TR 4 1/439        4.25  39         0
UKG.GB00B3KJDQ49                      UK TR 4 22           4     22         0
UKG.GB00B54QLM75                      UK TR* 4 60          4     60         0
UKG.GB00B3LZBF68                      UK TR*0 5/8IL 40     0.625 40         0
UKG.GB0008983024                      UK TR*2 1/2IL 24     2.5   24         0
UKG.GB0031790826                      UK TR*2IL 35         2     35         0
UKG.GB00B52WS153                      UK TR*4 1/2 34       4.5   34         0
UKG.GB0032452392                      UK TR*4 1/4 36       4.25  36         0
UKG.GB0008932666                      UK TR*4 1/8IL 30     4.125 30         0
UKG.XS0158715713                      VODAFONE GROUP PLC 5 5.9   32         0
UKG.XS0181816652                      VODAFONE GROUP PLC N 5.625 25         0
UKG.XS1221940510                      WASPS FINANCE PLC 22 6.5   22         0
UKG.XS0214275785                      WESSEX WATER SERVICE 5.375 28         0
UKG.XS0178489844                      WESSEX WATER SERVICE 5.75  33         0

142 record(s) listed
