TIME,CMD,ELAPSED,SESSIONTOKEN,SESSIONUSER,CMD
[H[J15:34:14.04325,!U_CLEARFILES WCT NOPAGE,,U_CLEARFILES,mwtgodev@DEV,!U_CLEARFILES WCT NOPAGE
15:34:16.04327,SERVICES  ,,U_CLEARFILES,mwtgodev@DEV,SERVICES  
15:34:18.04329,SERVICES  ,,U_CLEARFILES,mwtgodev@DEV,SERVICES  
15:34:43.04331,SERVICES  ,,U_CLEARFILES,mwtgodev@DEV,SERVICES  
15:34:45.04333,SERVICES  ,,U_CLEARFILES,mwtgodev@DEV,SERVICES  
15:34:48.04335,SERVICES  ,,U_CLEARFILES,mwtgodev@DEV,SERVICES  
15:34:54.04342,@CONFIGURATION LIST ,,U_CLEARFILES,mwtgodev@DEV,@CONFIGURATION LIST 
15:34:56.04344,SERVICES  ,,U_CLEARFILES,mwtgodev@DEV,SERVICES  
15:34:59.04346,SERVICES  ,,U_CLEARFILES,mwtgodev@DEV,SERVICES  
15:35:15.04352,@CONFIGURATION VIEW siena_realisedrate_idxs.list,,U_CLEARFILES,mwtgodev@DEV,@CONFIGURATION VIEW siena_realisedrate_idxs.list
15:35:16.04354,SERVICES  ,,U_CLEARFILES,mwtgodev@DEV,SERVICES  
15:35:19.04356,SERVICES  ,,U_CLEARFILES,mwtgodev@DEV,SERVICES  
15:35:43.04358,SERVICES  ,,U_CLEARFILES,mwtgodev@DEV,SERVICES  
15:35:45.04360,SERVICES  ,,U_CLEARFILES,mwtgodev@DEV,SERVICES  
15:35:47.04362,SERVICES  ,,U_CLEARFILES,mwtgodev@DEV,SERVICES  
15:35:52.04364,SERVICES  ,,U_CLEARFILES,mwtgodev@DEV,SERVICES  
15:35:54.04366,SERVICES  ,,U_CLEARFILES,mwtgodev@DEV,SERVICES  
15:35:57.04368,SERVICES  ,,U_CLEARFILES,mwtgodev@DEV,SERVICES  
15:36:27.04381,!SIENA.GEN.TXNS SPOT NOPAGE,,SIENA.GEN.TXN.DATA-SPOT,mwtgodev@DEV,!SIENA.GEN.TXNS SPOT NOPAGE
15:36:28.04383,SERVICES  ,,SIENA.GEN.TXN.DATA-SPOT,mwtgodev@DEV,SERVICES  
15:36:28.04384,SERVICES  ,,SIENA.GEN.TXN.DATA-SPOT,mwtgodev@DEV,SERVICES  
15:36:28.04385,SERVICES  ,,SIENA.GEN.TXN.DATA-SPOT,mwtgodev@DEV,SERVICES  
15:36:28.04386,SERVICES  ,,SIENA.GEN.TXN.DATA-SPOT,mwtgodev@DEV,SERVICES  
15:36:29.04388,SERVICES  ,,SIENA.GEN.TXN.DATA-SPOT,mwtgodev@DEV,SERVICES  
15:36:31.04390,SERVICES  ,,SIENA.GEN.TXN.DATA-SPOT,mwtgodev@DEV,SERVICES  
15:36:32.04392,SERVICES  ,,SIENA.GEN.TXN.DATA-SPOT,mwtgodev@DEV,SERVICES  
15:36:35.04394,SERVICES  ,,SIENA.GEN.TXN.DATA-SPOT,mwtgodev@DEV,SERVICES  
15:36:40.04396,SERVICES  ,,SIENA.GEN.TXN.DATA-SPOT,mwtgodev@DEV,SERVICES  
15:36:42.04398,SERVICES  ,,SIENA.GEN.TXN.DATA-SPOT,mwtgodev@DEV,SERVICES  
15:36:55.04400,SERVICES  ,,SIENA.GEN.TXN.DATA-SPOT,mwtgodev@DEV,SERVICES  
15:36:57.04402,SERVICES  ,,SIENA.GEN.TXN.DATA-SPOT,mwtgodev@DEV,SERVICES  
15:36:59.04404,SERVICES  ,,SIENA.GEN.TXN.DATA-SPOT,mwtgodev@DEV,SERVICES  
15:37:04.04406,SERVICES  ,,SIENA.GEN.TXN.DATA-SPOT,mwtgodev@DEV,SERVICES  
15:37:06.04408,SERVICES  ,,SIENA.GEN.TXN.DATA-SPOT,mwtgodev@DEV,SERVICES  
15:37:07.04410,SERVICES  ,,SIENA.GEN.TXN.DATA-SPOT,mwtgodev@DEV,SERVICES  
15:37:09.04412,SERVICES  ,,SIENA.GEN.TXN.DATA-SPOT,mwtgodev@DEV,SERVICES  
15:37:10.04414,SERVICES  ,,SIENA.GEN.TXN.DATA-SPOT,mwtgodev@DEV,SERVICES  
15:37:12.04416,SERVICES  ,,SIENA.GEN.TXN.DATA-SPOT,mwtgodev@DEV,SERVICES  
15:37:14.04418,SERVICES  ,,SIENA.GEN.TXN.DATA-SPOT,mwtgodev@DEV,SERVICES  
15:37:18.04422,!SIENA.GEN.TXNS ACCOUNTS NOPAGE,,SIENA.GEN.TXN.DATA-ACCOUNTS,mwtgodev@DEV,!SIENA.GEN.TXNS ACCOUNTS NOPAGE
15:37:20.04424,SERVICES  ,,SIENA.GEN.TXN.DATA-ACCOUNTS,mwtgodev@DEV,SERVICES  
15:37:22.04426,SERVICES  ,,SIENA.GEN.TXN.DATA-ACCOUNTS,mwtgodev@DEV,SERVICES  
15:37:38.04428,SERVICES  ,,SIENA.GEN.TXN.DATA-ACCOUNTS,mwtgodev@DEV,SERVICES  
15:37:41.04430,SERVICES  ,,SIENA.GEN.TXN.DATA-ACCOUNTS,mwtgodev@DEV,SERVICES  
15:37:44.04432,SERVICES  ,,SIENA.GEN.TXN.DATA-ACCOUNTS,mwtgodev@DEV,SERVICES  
45 record(s) listed
'.keep' not found
