TIME,CMD,ELAPSED,SESSIONTOKEN,SESSIONUSER,CMD
02:18:39.04850,CLEAR-FILE DATA UTIL.LOG.EVENT,,U_CLEARFILES,root@DEV,CLEAR-FILE DATA UTIL.LOG.EVENT
02:18:39.04851,CLEAR-FILE DATA UTIL.WORKFILE,,U_CLEARFILES,root@DEV,CLEAR-FILE DATA UTIL.WORKFILE
02:18:39.04852,CLEAR-FILE DATA UTIL.WCT.RESP,,U_CLEARFILES,root@DEV,CLEAR-FILE DATA UTIL.WCT.RESP
02:18:39.04853,CLEAR-FILE DATA UTIL.WCT.RECV,,U_CLEARFILES,root@DEV,CLEAR-FILE DATA UTIL.WCT.RECV
02:18:39.04854,CLEAR-FILE DATA UTIL.WCT.TOKENS,,U_CLEARFILES,root@DEV,CLEAR-FILE DATA UTIL.WCT.TOKENS
02:18:39.04855,CLEAR-FILE DATA LOGS,,U_CLEARFILES,root@DEV,CLEAR-FILE DATA LOGS
02:18:39.04856,SELECT UTIL.CONFIG LIKE clear.nopage.properties,,U_CLEARFILES,root@DEV,SELECT UTIL.CONFIG LIKE clear.nopage.properties
02:18:39.04857,,00.00.01,U_CLEARFILES,root@DEV,
02:18:39.04858,U_CLEARFILES WCT NOPAGE,,U_CLEARFILES,root@DEV,U_CLEARFILES WCT NOPAGE
02:18:39.04859,!U_CLEARFILES WCT NOPAGE,,U_CLEARFILES,authorAdjust@DEV,!U_CLEARFILES WCT NOPAGE
02:18:45.04860,"SELECT UTIL.WCT.RECV WITH @ID UNLIKE "".keep"" TO 1",,U_CLEARFILES,root@DEV,"SELECT UTIL.WCT.RECV WITH @ID UNLIKE "".keep"" TO 1"
02:18:45.04861,SERVICES  ,,U_CLEARFILES,authorAdjust@DEV,SERVICES  
02:18:56.04862,"SELECT UTIL.WCT.RECV WITH @ID UNLIKE "".keep"" TO 1",,U_CLEARFILES,root@DEV,"SELECT UTIL.WCT.RECV WITH @ID UNLIKE "".keep"" TO 1"
02:18:56.04863,,,JOB.DO,root@DEV,
02:18:56.04864,,,JOB.DO,root@DEV,
02:18:56.04865,,,JOB.DO,root@DEV,
02:18:56.04866,,00.00.00,JOB.DO,root@DEV,
02:18:56.04867,JOB.DO BUILD.SERVICE.CATALOG NOPAGE,,JOB.DO,root@DEV,JOB.DO BUILD.SERVICE.CATALOG NOPAGE
02:18:56.04868,JOB.DO BUILD.SERVICE.CATALOG NOPAGE,,JOB.DO,authorAdjust@DEV,JOB.DO BUILD.SERVICE.CATALOG NOPAGE
02:21:19.04869,,00.02.23,JOB.DO,root@DEV,
15:55:03.04870,,,BCC,root@DEV,
15:55:03.04871,FORMAT UTIL.BP U_TEST,,BCC,root@DEV,FORMAT UTIL.BP U_TEST
15:55:03.04872,BASIC UTIL.BP U_TEST,,BCC,root@DEV,BASIC UTIL.BP U_TEST
15:55:03.04873,CATALOG UTIL.BP U_TEST,,BCC,root@DEV,CATALOG UTIL.BP U_TEST
15:55:30.04874,,,BCC,root@DEV,
15:55:30.04875,FORMAT UTIL.BP U_TEST,,BCC,root@DEV,FORMAT UTIL.BP U_TEST
15:55:30.04876,BASIC UTIL.BP U_TEST,,BCC,root@DEV,BASIC UTIL.BP U_TEST
15:55:30.04877,CATALOG UTIL.BP U_TEST,,BCC,root@DEV,CATALOG UTIL.BP U_TEST
15:55:38.04878,,,U_TEST,root@DEV,
15:58:07.04879,,,BCC,root@DEV,
15:58:07.04880,FORMAT UTIL.BP U_TEST,,BCC,root@DEV,FORMAT UTIL.BP U_TEST
15:58:07.04881,BASIC UTIL.BP U_TEST,,BCC,root@DEV,BASIC UTIL.BP U_TEST
15:58:07.04882,CATALOG UTIL.BP U_TEST,,BCC,root@DEV,CATALOG UTIL.BP U_TEST
15:58:09.04883,,,U_TEST,root@DEV,
15:59:25.04884,,,BCC,root@DEV,
15:59:31.04885,,,BCC,root@DEV,
15:59:31.04886,FORMAT UTIL.BP W_SERVICE.ENVIRONMENT,,BCC,root@DEV,FORMAT UTIL.BP W_SERVICE.ENVIRONMENT
15:59:31.04887,BASIC UTIL.BP W_SERVICE.ENVIRONMENT,,BCC,root@DEV,BASIC UTIL.BP W_SERVICE.ENVIRONMENT
15:59:31.04888,CATALOG UTIL.BP W_SERVICE.ENVIRONMENT,,BCC,root@DEV,CATALOG UTIL.BP W_SERVICE.ENVIRONMENT
15:59:37.04889,,,U_TEST,root@DEV,
16:07:39.04890,,,BCC,root@DEV,
16:07:39.04891,FORMAT UTIL.BP U_TEST,,BCC,root@DEV,FORMAT UTIL.BP U_TEST
16:07:39.04892,BASIC UTIL.BP U_TEST,,BCC,root@DEV,BASIC UTIL.BP U_TEST
16:07:39.04893,CATALOG UTIL.BP U_TEST,,BCC,root@DEV,CATALOG UTIL.BP U_TEST
16:07:41.04894,,,U_TEST,root@DEV,
16:13:15.04895,,,BCC,root@DEV,
16:13:15.04896,FORMAT UTIL.BP U_TEST,,BCC,root@DEV,FORMAT UTIL.BP U_TEST
16:13:15.04897,BASIC UTIL.BP U_TEST,,BCC,root@DEV,BASIC UTIL.BP U_TEST
16:13:15.04898,CATALOG UTIL.BP U_TEST,,BCC,root@DEV,CATALOG UTIL.BP U_TEST
16:13:17.04899,,,U_TEST,root@DEV,
16:13:45.04900,,,U_TEST,root@DEV,
16:17:20.04901,,,BCC,root@DEV,
16:17:20.04902,FORMAT UTIL.BP W_SERVICE.DATAMAP,,BCC,root@DEV,FORMAT UTIL.BP W_SERVICE.DATAMAP
16:17:20.04903,BASIC UTIL.BP W_SERVICE.DATAMAP,,BCC,root@DEV,BASIC UTIL.BP W_SERVICE.DATAMAP
16:17:20.04904,CATALOG UTIL.BP W_SERVICE.DATAMAP,,BCC,root@DEV,CATALOG UTIL.BP W_SERVICE.DATAMAP
16:19:05.04905,,,BCC,root@DEV,
16:19:05.04906,FORMAT UTIL.BP W_SERVICE.DATAMAP,,BCC,root@DEV,FORMAT UTIL.BP W_SERVICE.DATAMAP
16:19:05.04907,BASIC UTIL.BP W_SERVICE.DATAMAP,,BCC,root@DEV,BASIC UTIL.BP W_SERVICE.DATAMAP
16:19:05.04908,CATALOG UTIL.BP W_SERVICE.DATAMAP,,BCC,root@DEV,CATALOG UTIL.BP W_SERVICE.DATAMAP
16:19:09.04909,,,BCC,root@DEV,
16:19:09.04910,FORMAT UTIL.BP U_TEST,,BCC,root@DEV,FORMAT UTIL.BP U_TEST
16:19:09.04911,BASIC UTIL.BP U_TEST,,BCC,root@DEV,BASIC UTIL.BP U_TEST
16:19:09.04912,CATALOG UTIL.BP U_TEST,,BCC,root@DEV,CATALOG UTIL.BP U_TEST
16:19:11.04913,,,U_TEST,root@DEV,
16:19:11.04914,,,U_TEST,root@DEV,
16:19:11.04915,,00.00.00,U_TEST,root@DEV,
16:20:13.04916,,,BCC,root@DEV,
16:20:13.04917,FORMAT UTIL.BP U_IO.GET.LIST,,BCC,root@DEV,FORMAT UTIL.BP U_IO.GET.LIST
16:20:13.04918,BASIC UTIL.BP U_IO.GET.LIST,,BCC,root@DEV,BASIC UTIL.BP U_IO.GET.LIST
16:20:13.04919,CATALOG UTIL.BP U_IO.GET.LIST,,BCC,root@DEV,CATALOG UTIL.BP U_IO.GET.LIST
16:20:15.04920,,,U_TEST,root@DEV,
16:20:15.04921,,,U_TEST,root@DEV,
16:20:15.04922,,00.00.00,U_TEST,root@DEV,
16:20:58.04923,,,U_TEST,root@DEV,
16:20:59.04924,,,U_TEST,root@DEV,
16:22:35.04925,,,BCC,root@DEV,
16:22:35.04926,FORMAT UTIL.BP W_SERVICE.DATAMAP_VIEW,,BCC,root@DEV,FORMAT UTIL.BP W_SERVICE.DATAMAP_VIEW
16:22:35.04927,BASIC UTIL.BP W_SERVICE.DATAMAP_VIEW,,BCC,root@DEV,BASIC UTIL.BP W_SERVICE.DATAMAP_VIEW
16:22:35.04928,CATALOG UTIL.BP W_SERVICE.DATAMAP_VIEW,,BCC,root@DEV,CATALOG UTIL.BP W_SERVICE.DATAMAP_VIEW
16:22:37.04929,,,U_TEST,root@DEV,
16:22:37.04930,,,U_TEST,root@DEV,
16:22:38.04931,,,U_TEST,root@DEV,
16:30:12.04932,,,BCC,root@DEV,
16:30:12.04933,FORMAT UTIL.BP W_SERVICE.DATAMAP_VIEW,,BCC,root@DEV,FORMAT UTIL.BP W_SERVICE.DATAMAP_VIEW
16:30:13.04934,BASIC UTIL.BP W_SERVICE.DATAMAP_VIEW,,BCC,root@DEV,BASIC UTIL.BP W_SERVICE.DATAMAP_VIEW
16:30:13.04935,CATALOG UTIL.BP W_SERVICE.DATAMAP_VIEW,,BCC,root@DEV,CATALOG UTIL.BP W_SERVICE.DATAMAP_VIEW
16:30:15.04936,,,U_TEST,root@DEV,
16:30:15.04937,,,U_TEST,root@DEV,
16:30:15.04938,,,U_TEST,root@DEV,
16:31:54.04939,,,BCC,root@DEV,
16:31:54.04940,FORMAT UTIL.BP W_SERVICE.DATAMAP_VIEW,,BCC,root@DEV,FORMAT UTIL.BP W_SERVICE.DATAMAP_VIEW
16:31:54.04941,BASIC UTIL.BP W_SERVICE.DATAMAP_VIEW,,BCC,root@DEV,BASIC UTIL.BP W_SERVICE.DATAMAP_VIEW
16:31:54.04942,CATALOG UTIL.BP W_SERVICE.DATAMAP_VIEW,,BCC,root@DEV,CATALOG UTIL.BP W_SERVICE.DATAMAP_VIEW
16:31:55.04943,,,U_TEST,root@DEV,
16:31:55.04944,,,U_TEST,root@DEV,
16:31:55.04945,,,U_TEST,root@DEV,
16:32:01.04946,,,BCC,root@DEV,
16:32:01.04947,FORMAT UTIL.BP W_SERVICE.DATAMAP_VIEW,,BCC,root@DEV,FORMAT UTIL.BP W_SERVICE.DATAMAP_VIEW
16:32:01.04948,BASIC UTIL.BP W_SERVICE.DATAMAP_VIEW,,BCC,root@DEV,BASIC UTIL.BP W_SERVICE.DATAMAP_VIEW
16:32:01.04949,CATALOG UTIL.BP W_SERVICE.DATAMAP_VIEW,,BCC,root@DEV,CATALOG UTIL.BP W_SERVICE.DATAMAP_VIEW
16:32:16.04950,,,BCC,root@DEV,
16:32:16.04951,FORMAT UTIL.BP W_SERVICE.DATAMAP_VIEW,,BCC,root@DEV,FORMAT UTIL.BP W_SERVICE.DATAMAP_VIEW
16:32:16.04952,BASIC UTIL.BP W_SERVICE.DATAMAP_VIEW,,BCC,root@DEV,BASIC UTIL.BP W_SERVICE.DATAMAP_VIEW
16:32:16.04953,CATALOG UTIL.BP W_SERVICE.DATAMAP_VIEW,,BCC,root@DEV,CATALOG UTIL.BP W_SERVICE.DATAMAP_VIEW
16:32:18.04954,,,U_TEST,root@DEV,
16:32:18.04955,,,U_TEST,root@DEV,
16:32:18.04956,,,U_TEST,root@DEV,
16:32:18.04957,,00.00.00,U_TEST,root@DEV,
16:32:18.04958,,00.00.00,U_TEST,root@DEV,
16:32:53.04959,,,BCC,root@DEV,
16:32:53.04960,FORMAT UTIL.BP W_SERVICE.DATAMAP_VIEW,,BCC,root@DEV,FORMAT UTIL.BP W_SERVICE.DATAMAP_VIEW
16:32:53.04961,BASIC UTIL.BP W_SERVICE.DATAMAP_VIEW,,BCC,root@DEV,BASIC UTIL.BP W_SERVICE.DATAMAP_VIEW
16:32:53.04962,CATALOG UTIL.BP W_SERVICE.DATAMAP_VIEW,,BCC,root@DEV,CATALOG UTIL.BP W_SERVICE.DATAMAP_VIEW
16:32:55.04963,,,U_TEST,root@DEV,
16:32:55.04964,,,U_TEST,root@DEV,
16:32:55.04965,,,U_TEST,root@DEV,
16:32:55.04966,,00.00.00,U_TEST,root@DEV,
16:32:55.04967,,00.00.00,U_TEST,root@DEV,
16:36:56.04968,,,BCC,root@DEV,
16:36:56.04969,FORMAT UTIL.BP W_SERVICE.DATAMAP_VIEW,,BCC,root@DEV,FORMAT UTIL.BP W_SERVICE.DATAMAP_VIEW
16:36:57.04970,BASIC UTIL.BP W_SERVICE.DATAMAP_VIEW,,BCC,root@DEV,BASIC UTIL.BP W_SERVICE.DATAMAP_VIEW
16:36:57.04971,CATALOG UTIL.BP W_SERVICE.DATAMAP_VIEW,,BCC,root@DEV,CATALOG UTIL.BP W_SERVICE.DATAMAP_VIEW
16:36:59.04972,,,U_TEST,root@DEV,
16:36:59.04973,,,U_TEST,root@DEV,
16:36:59.04974,,,U_TEST,root@DEV,
16:36:59.04975,,00.00.00,U_TEST,root@DEV,
16:36:59.04976,,00.00.00,U_TEST,root@DEV,
16:37:51.04977,,,BCC,root@DEV,
16:37:51.04978,FORMAT UTIL.BP W_SERVICE.DATAMAP_VIEW,,BCC,root@DEV,FORMAT UTIL.BP W_SERVICE.DATAMAP_VIEW
16:37:51.04979,BASIC UTIL.BP W_SERVICE.DATAMAP_VIEW,,BCC,root@DEV,BASIC UTIL.BP W_SERVICE.DATAMAP_VIEW
16:37:51.04980,CATALOG UTIL.BP W_SERVICE.DATAMAP_VIEW,,BCC,root@DEV,CATALOG UTIL.BP W_SERVICE.DATAMAP_VIEW
16:37:53.04981,,,U_TEST,root@DEV,
16:37:53.04982,,,U_TEST,root@DEV,
16:37:53.04983,,,U_TEST,root@DEV,
16:37:53.04984,,00.00.00,U_TEST,root@DEV,
16:37:53.04985,,00.00.00,U_TEST,root@DEV,
16:38:05.04986,,,U_TEST,root@DEV,
16:38:05.04987,,,U_TEST,root@DEV,
16:38:05.04988,,,U_TEST,root@DEV,
16:38:05.04989,,00.00.00,U_TEST,root@DEV,
16:38:05.04990,,00.00.00,U_TEST,root@DEV,
16:38:23.04991,,,BCC,root@DEV,
16:38:23.04992,FORMAT UTIL.BP W_SERVICE.DATAMAP_VIEW,,BCC,root@DEV,FORMAT UTIL.BP W_SERVICE.DATAMAP_VIEW
16:38:23.04993,BASIC UTIL.BP W_SERVICE.DATAMAP_VIEW,,BCC,root@DEV,BASIC UTIL.BP W_SERVICE.DATAMAP_VIEW
16:38:23.04994,CATALOG UTIL.BP W_SERVICE.DATAMAP_VIEW,,BCC,root@DEV,CATALOG UTIL.BP W_SERVICE.DATAMAP_VIEW
16:38:25.04995,,,U_TEST,root@DEV,
16:38:25.04996,,,U_TEST,root@DEV,
16:38:25.04997,,,U_TEST,root@DEV,
16:38:25.04998,,00.00.00,U_TEST,root@DEV,
16:38:25.04999,,00.00.00,U_TEST,root@DEV,
16:38:41.05000,,,U_TEST,root@DEV,
16:38:41.05001,,,U_TEST,root@DEV,
16:38:42.05002,,,U_TEST,root@DEV,
16:38:42.05003,,00.00.01,U_TEST,root@DEV,
16:38:42.05004,,00.00.01,U_TEST,root@DEV,
16:38:43.05005,,,BCC,root@DEV,
16:38:43.05006,FORMAT UTIL.BP W_SERVICE.DATAMAP_VIEW,,BCC,root@DEV,FORMAT UTIL.BP W_SERVICE.DATAMAP_VIEW
16:38:43.05007,BASIC UTIL.BP W_SERVICE.DATAMAP_VIEW,,BCC,root@DEV,BASIC UTIL.BP W_SERVICE.DATAMAP_VIEW
16:38:43.05008,CATALOG UTIL.BP W_SERVICE.DATAMAP_VIEW,,BCC,root@DEV,CATALOG UTIL.BP W_SERVICE.DATAMAP_VIEW
16:38:45.05009,,,U_TEST,root@DEV,
16:38:45.05010,,,U_TEST,root@DEV,
16:38:45.05011,,,U_TEST,root@DEV,
16:38:45.05012,,00.00.00,U_TEST,root@DEV,
16:38:45.05013,,00.00.00,U_TEST,root@DEV,
16:41:54.05014,,,BCC,root@DEV,
16:41:54.05015,FORMAT UTIL.BP W_SERVICE.DATAMAP_VIEW,,BCC,root@DEV,FORMAT UTIL.BP W_SERVICE.DATAMAP_VIEW
16:41:54.05016,BASIC UTIL.BP W_SERVICE.DATAMAP_VIEW,,BCC,root@DEV,BASIC UTIL.BP W_SERVICE.DATAMAP_VIEW
16:41:54.05017,CATALOG UTIL.BP W_SERVICE.DATAMAP_VIEW,,BCC,root@DEV,CATALOG UTIL.BP W_SERVICE.DATAMAP_VIEW
16:41:56.05018,,,U_TEST,root@DEV,
16:41:56.05019,,,U_TEST,root@DEV,
16:41:56.05020,,,U_TEST,root@DEV,
16:41:56.05021,,00.00.00,U_TEST,root@DEV,
16:41:56.05022,,00.00.00,U_TEST,root@DEV,
16:42:37.05023,,,BCC,root@DEV,
16:42:37.05024,FORMAT UTIL.BP W_SERVICE.DATAMAP_VIEW,,BCC,root@DEV,FORMAT UTIL.BP W_SERVICE.DATAMAP_VIEW
16:42:37.05025,BASIC UTIL.BP W_SERVICE.DATAMAP_VIEW,,BCC,root@DEV,BASIC UTIL.BP W_SERVICE.DATAMAP_VIEW
16:42:37.05026,CATALOG UTIL.BP W_SERVICE.DATAMAP_VIEW,,BCC,root@DEV,CATALOG UTIL.BP W_SERVICE.DATAMAP_VIEW
16:42:39.05027,,,U_TEST,root@DEV,
16:42:39.05028,,,U_TEST,root@DEV,
16:42:39.05029,,,U_TEST,root@DEV,
16:42:39.05030,,00.00.00,U_TEST,root@DEV,
16:42:39.05031,,00.00.00,U_TEST,root@DEV,
16:43:45.05032,,,BCC,root@DEV,
16:43:45.05033,FORMAT UTIL.BP W_SERVICE.DATAMAP_VIEW,,BCC,root@DEV,FORMAT UTIL.BP W_SERVICE.DATAMAP_VIEW
16:43:45.05034,BASIC UTIL.BP W_SERVICE.DATAMAP_VIEW,,BCC,root@DEV,BASIC UTIL.BP W_SERVICE.DATAMAP_VIEW
16:43:45.05035,CATALOG UTIL.BP W_SERVICE.DATAMAP_VIEW,,BCC,root@DEV,CATALOG UTIL.BP W_SERVICE.DATAMAP_VIEW
16:43:47.05036,,,U_TEST,root@DEV,
16:43:47.05037,,,U_TEST,root@DEV,
16:43:47.05038,,,U_TEST,root@DEV,
16:44:21.05039,,,BCC,root@DEV,
16:44:21.05040,FORMAT UTIL.BP W_SERVICE.DATAMAP_VIEW,,BCC,root@DEV,FORMAT UTIL.BP W_SERVICE.DATAMAP_VIEW
16:44:21.05041,BASIC UTIL.BP W_SERVICE.DATAMAP_VIEW,,BCC,root@DEV,BASIC UTIL.BP W_SERVICE.DATAMAP_VIEW
16:44:21.05042,CATALOG UTIL.BP W_SERVICE.DATAMAP_VIEW,,BCC,root@DEV,CATALOG UTIL.BP W_SERVICE.DATAMAP_VIEW
16:44:22.05043,,,U_TEST,root@DEV,
16:44:22.05044,,,U_TEST,root@DEV,
16:44:23.05045,,,U_TEST,root@DEV,
16:44:23.05046,,00.00.00,U_TEST,root@DEV,
16:44:23.05047,,00.00.00,U_TEST,root@DEV,
16:45:20.05048,,,BCC,root@DEV,
16:45:20.05049,FORMAT UTIL.BP U_TEST,,BCC,root@DEV,FORMAT UTIL.BP U_TEST
16:45:20.05050,BASIC UTIL.BP U_TEST,,BCC,root@DEV,BASIC UTIL.BP U_TEST
16:45:20.05051,CATALOG UTIL.BP U_TEST,,BCC,root@DEV,CATALOG UTIL.BP U_TEST
16:45:22.05052,,,U_TEST,root@DEV,
16:45:22.05053,,,U_TEST,root@DEV,
16:45:22.05054,,,U_TEST,root@DEV,
16:45:22.05055,,00.00.00,U_TEST,root@DEV,
16:45:22.05056,,00.00.00,U_TEST,root@DEV,
16:45:22.05057,,,U_TEST,root@DEV,
16:45:22.05058,,,U_TEST,root@DEV,
16:45:26.05059,,00.00.04,U_TEST,root@DEV,
16:45:26.05060,,00.00.04,U_TEST,root@DEV,
16:45:38.05061,,,U_TEST,root@DEV,
16:45:38.05062,,,U_TEST,root@DEV,
16:45:38.05063,,,U_TEST,root@DEV,
16:45:38.05064,,00.00.00,U_TEST,root@DEV,
16:45:38.05065,,00.00.00,U_TEST,root@DEV,
16:45:38.05066,,,U_TEST,root@DEV,
16:45:38.05067,,,U_TEST,root@DEV,
16:45:39.05068,,00.00.01,U_TEST,root@DEV,
16:45:39.05069,,00.00.01,U_TEST,root@DEV,
16:45:43.05070,,,U_TEST,root@DEV,
16:45:44.05071,,,U_TEST,root@DEV,
16:45:44.05072,,,U_TEST,root@DEV,
16:45:44.05073,,00.00.00,U_TEST,root@DEV,
16:45:44.05074,,00.00.00,U_TEST,root@DEV,
16:45:44.05075,,,U_TEST,root@DEV,
16:45:44.05076,,,U_TEST,root@DEV,
16:45:44.05077,,00.00.00,U_TEST,root@DEV,
16:45:44.05078,,00.00.00,U_TEST,root@DEV,
16:51:17.05079,,,BCC,root@DEV,
16:51:30.05080,,,BCC,root@DEV,
16:51:43.05081,,,BCC,root@DEV,
16:51:43.05082,FORMAT UTIL.BP W_SERVICE.DATAMAP_LIST,,BCC,root@DEV,FORMAT UTIL.BP W_SERVICE.DATAMAP_LIST
16:51:43.05083,BASIC UTIL.BP W_SERVICE.DATAMAP_LIST,,BCC,root@DEV,BASIC UTIL.BP W_SERVICE.DATAMAP_LIST
16:51:44.05084,CATALOG UTIL.BP W_SERVICE.DATAMAP_LIST,,BCC,root@DEV,CATALOG UTIL.BP W_SERVICE.DATAMAP_LIST
16:52:01.05085,,,U_TEST,root@DEV,
16:52:01.05086,,,U_TEST,root@DEV,
16:52:01.05087,,,U_TEST,root@DEV,
16:52:01.05088,,00.00.00,U_TEST,root@DEV,
16:52:01.05089,,00.00.00,U_TEST,root@DEV,
16:52:01.05090,,,U_TEST,root@DEV,
16:52:01.05091,,,U_TEST,root@DEV,
16:52:18.05092,,00.00.17,U_TEST,root@DEV,
16:52:18.05093,,00.00.17,U_TEST,root@DEV,
16:52:24.05094,,,BCC,root@DEV,
16:52:24.05095,FORMAT UTIL.BP U_TEST,,BCC,root@DEV,FORMAT UTIL.BP U_TEST
16:52:24.05096,BASIC UTIL.BP U_TEST,,BCC,root@DEV,BASIC UTIL.BP U_TEST
16:52:24.05097,CATALOG UTIL.BP U_TEST,,BCC,root@DEV,CATALOG UTIL.BP U_TEST
16:52:29.05098,,,U_TEST,root@DEV,
16:52:29.05099,,,U_TEST,root@DEV,
16:52:29.05100,,,U_TEST,root@DEV,
16:52:29.05101,SELECT UTIL.CONFIG LIKE siena_data...list TO 1,,U_TEST,root@DEV,SELECT UTIL.CONFIG LIKE siena_data...list TO 1
16:52:29.05102,,00.00.00,U_TEST,root@DEV,
16:52:29.05103,,00.00.00,U_TEST,root@DEV,
16:52:29.05104,,,U_TEST,root@DEV,
16:52:29.05105,,,U_TEST,root@DEV,
16:52:29.05106,,00.00.00,U_TEST,root@DEV,
16:52:29.05107,,00.00.00,U_TEST,root@DEV,
16:52:30.05108,,,U_TEST,root@DEV,
16:52:30.05109,,,U_TEST,root@DEV,
16:52:30.05110,,00.00.00,U_TEST,root@DEV,
16:52:30.05111,,00.00.00,U_TEST,root@DEV,
16:54:19.05112,,,BCC,root@DEV,
16:54:19.05113,FORMAT UTIL.BP W_SERVICE.DATAMAP_LIST,,BCC,root@DEV,FORMAT UTIL.BP W_SERVICE.DATAMAP_LIST
16:54:19.05114,BASIC UTIL.BP W_SERVICE.DATAMAP_LIST,,BCC,root@DEV,BASIC UTIL.BP W_SERVICE.DATAMAP_LIST
16:54:19.05115,CATALOG UTIL.BP W_SERVICE.DATAMAP_LIST,,BCC,root@DEV,CATALOG UTIL.BP W_SERVICE.DATAMAP_LIST
16:54:21.05116,,,U_TEST,root@DEV,
16:54:21.05117,,,U_TEST,root@DEV,
16:54:21.05118,,,U_TEST,root@DEV,
16:54:21.05119,SELECT UTIL.CONFIG LIKE siena_data...list TO 1,,U_TEST,root@DEV,SELECT UTIL.CONFIG LIKE siena_data...list TO 1
16:54:21.05120,,00.00.00,U_TEST,root@DEV,
16:54:21.05121,,00.00.00,U_TEST,root@DEV,
16:54:21.05122,,,U_TEST,root@DEV,
16:54:21.05123,,,U_TEST,root@DEV,
16:54:21.05124,,00.00.00,U_TEST,root@DEV,
16:54:21.05125,,00.00.00,U_TEST,root@DEV,
16:54:21.05126,,,U_TEST,root@DEV,
16:54:21.05127,,,U_TEST,root@DEV,
16:54:21.05128,,00.00.00,U_TEST,root@DEV,
16:54:21.05129,,00.00.00,U_TEST,root@DEV,
16:55:03.05130,,,BCC,root@DEV,
16:55:03.05131,FORMAT UTIL.BP W_SERVICE.DATAMAP_LIST,,BCC,root@DEV,FORMAT UTIL.BP W_SERVICE.DATAMAP_LIST
16:55:03.05132,BASIC UTIL.BP W_SERVICE.DATAMAP_LIST,,BCC,root@DEV,BASIC UTIL.BP W_SERVICE.DATAMAP_LIST
16:55:03.05133,CATALOG UTIL.BP W_SERVICE.DATAMAP_LIST,,BCC,root@DEV,CATALOG UTIL.BP W_SERVICE.DATAMAP_LIST
16:55:05.05134,,,U_TEST,root@DEV,
16:55:05.05135,,,U_TEST,root@DEV,
16:55:05.05136,,,U_TEST,root@DEV,
16:55:05.05137,SELECT UTIL.CONFIG LIKE siena_data...list TO 1,,U_TEST,root@DEV,SELECT UTIL.CONFIG LIKE siena_data...list TO 1
16:55:05.05138,,00.00.00,U_TEST,root@DEV,
16:55:05.05139,,00.00.00,U_TEST,root@DEV,
16:55:05.05140,,,U_TEST,root@DEV,
16:55:05.05141,,,U_TEST,root@DEV,
16:55:05.05142,,00.00.00,U_TEST,root@DEV,
16:55:05.05143,,00.00.00,U_TEST,root@DEV,
16:55:05.05144,,,U_TEST,root@DEV,
16:55:05.05145,,,U_TEST,root@DEV,
16:55:05.05146,,00.00.00,U_TEST,root@DEV,
16:55:05.05147,,00.00.00,U_TEST,root@DEV,
16:56:10.05148,,,BCC,root@DEV,
16:56:10.05149,FORMAT UTIL.BP W_SERVICE.DATAMAP_LIST,,BCC,root@DEV,FORMAT UTIL.BP W_SERVICE.DATAMAP_LIST
16:56:10.05150,BASIC UTIL.BP W_SERVICE.DATAMAP_LIST,,BCC,root@DEV,BASIC UTIL.BP W_SERVICE.DATAMAP_LIST
16:56:10.05151,CATALOG UTIL.BP W_SERVICE.DATAMAP_LIST,,BCC,root@DEV,CATALOG UTIL.BP W_SERVICE.DATAMAP_LIST
16:56:12.05152,,,U_TEST,root@DEV,
16:56:12.05153,,,U_TEST,root@DEV,
16:56:12.05154,,,U_TEST,root@DEV,
16:56:13.05155,SELECT UTIL.CONFIG LIKE siena_data....list TO 1,,U_TEST,root@DEV,SELECT UTIL.CONFIG LIKE siena_data....list TO 1
16:56:13.05156,,00.00.01,U_TEST,root@DEV,
16:56:13.05157,,00.00.01,U_TEST,root@DEV,
16:56:13.05158,,,U_TEST,root@DEV,
16:56:13.05159,,,U_TEST,root@DEV,
16:56:13.05160,,00.00.00,U_TEST,root@DEV,
16:56:13.05161,,00.00.00,U_TEST,root@DEV,
16:56:13.05162,,,U_TEST,root@DEV,
16:56:13.05163,,,U_TEST,root@DEV,
16:56:13.05164,,00.00.00,U_TEST,root@DEV,
16:56:13.05165,,00.00.00,U_TEST,root@DEV,
16:57:10.05166,,,BCC,root@DEV,
16:57:10.05167,FORMAT UTIL.BP W_SERVICE.DATAMAP_LIST,,BCC,root@DEV,FORMAT UTIL.BP W_SERVICE.DATAMAP_LIST
16:57:10.05168,BASIC UTIL.BP W_SERVICE.DATAMAP_LIST,,BCC,root@DEV,BASIC UTIL.BP W_SERVICE.DATAMAP_LIST
16:57:10.05169,CATALOG UTIL.BP W_SERVICE.DATAMAP_LIST,,BCC,root@DEV,CATALOG UTIL.BP W_SERVICE.DATAMAP_LIST
16:57:12.05170,,,U_TEST,root@DEV,
16:57:12.05171,,,U_TEST,root@DEV,
16:57:12.05172,,,U_TEST,root@DEV,
16:57:12.05173,SELECT UTIL.CONFIG LIKE siena_data....list TO 1,,U_TEST,root@DEV,SELECT UTIL.CONFIG LIKE siena_data....list TO 1
16:57:12.05174,,00.00.00,U_TEST,root@DEV,
16:57:12.05175,,00.00.00,U_TEST,root@DEV,
16:57:12.05176,,,U_TEST,root@DEV,
16:57:12.05177,,,U_TEST,root@DEV,
16:57:13.05178,,00.00.01,U_TEST,root@DEV,
16:57:13.05179,,00.00.01,U_TEST,root@DEV,
16:57:13.05180,,,U_TEST,root@DEV,
16:57:13.05181,,,U_TEST,root@DEV,
16:57:13.05182,,00.00.00,U_TEST,root@DEV,
16:57:13.05183,,00.00.00,U_TEST,root@DEV,
17:03:41.05184,,,BCC,root@DEV,
17:03:41.05185,FORMAT UTIL.BP W_SERVICE.DATAMAP_LIST,,BCC,root@DEV,FORMAT UTIL.BP W_SERVICE.DATAMAP_LIST
17:03:41.05186,BASIC UTIL.BP W_SERVICE.DATAMAP_LIST,,BCC,root@DEV,BASIC UTIL.BP W_SERVICE.DATAMAP_LIST
17:03:41.05187,CATALOG UTIL.BP W_SERVICE.DATAMAP_LIST,,BCC,root@DEV,CATALOG UTIL.BP W_SERVICE.DATAMAP_LIST
17:03:43.05188,,,U_TEST,root@DEV,
17:03:43.05189,,,U_TEST,root@DEV,
17:03:43.05190,,,U_TEST,root@DEV,
17:03:43.05191,SELECT UTIL.CONFIG LIKE siena_data....list TO 1,,U_TEST,root@DEV,SELECT UTIL.CONFIG LIKE siena_data....list TO 1
17:03:43.05192,,00.00.00,U_TEST,root@DEV,
17:03:43.05193,,00.00.00,U_TEST,root@DEV,
17:03:43.05194,,,U_TEST,root@DEV,
17:03:43.05195,,,U_TEST,root@DEV,
17:03:44.05196,,00.00.01,U_TEST,root@DEV,
17:03:44.05197,,00.00.01,U_TEST,root@DEV,
17:03:44.05198,,,U_TEST,root@DEV,
17:03:44.05199,,,U_TEST,root@DEV,
17:03:44.05200,,00.00.00,U_TEST,root@DEV,
17:03:44.05201,,00.00.00,U_TEST,root@DEV,
17:04:17.05202,,,U_TEST,root@DEV,
17:04:17.05203,,,U_TEST,root@DEV,
17:04:17.05204,,,U_TEST,root@DEV,
17:04:17.05205,SELECT UTIL.CONFIG LIKE siena_data....list TO 1,,U_TEST,root@DEV,SELECT UTIL.CONFIG LIKE siena_data....list TO 1
17:04:17.05206,,00.00.00,U_TEST,root@DEV,
17:04:17.05207,,00.00.00,U_TEST,root@DEV,
17:04:17.05208,,,U_TEST,root@DEV,
17:04:17.05209,,,U_TEST,root@DEV,
17:04:17.05210,,00.00.00,U_TEST,root@DEV,
17:04:17.05211,,00.00.00,U_TEST,root@DEV,
17:04:17.05212,,,U_TEST,root@DEV,
17:04:17.05213,,,U_TEST,root@DEV,
17:04:17.05214,,00.00.00,U_TEST,root@DEV,
17:04:17.05215,,00.00.00,U_TEST,root@DEV,
17:05:56.05216,,,BCC,root@DEV,
17:05:56.05217,FORMAT UTIL.BP W_SERVICE.DATAMAP_LIST,,BCC,root@DEV,FORMAT UTIL.BP W_SERVICE.DATAMAP_LIST
17:05:56.05218,BASIC UTIL.BP W_SERVICE.DATAMAP_LIST,,BCC,root@DEV,BASIC UTIL.BP W_SERVICE.DATAMAP_LIST
17:05:56.05219,CATALOG UTIL.BP W_SERVICE.DATAMAP_LIST,,BCC,root@DEV,CATALOG UTIL.BP W_SERVICE.DATAMAP_LIST
17:05:58.05220,,,U_TEST,root@DEV,
17:05:58.05221,,,U_TEST,root@DEV,
17:05:58.05222,,,U_TEST,root@DEV,
17:05:58.05223,SELECT UTIL.CONFIG LIKE siena_data....list TO 1,,U_TEST,root@DEV,SELECT UTIL.CONFIG LIKE siena_data....list TO 1
17:05:58.05224,,00.00.00,U_TEST,root@DEV,
17:05:58.05225,,00.00.00,U_TEST,root@DEV,
17:05:58.05226,,,U_TEST,root@DEV,
17:05:58.05227,,,U_TEST,root@DEV,
17:05:58.05228,,00.00.00,U_TEST,root@DEV,
17:05:58.05229,,00.00.00,U_TEST,root@DEV,
17:05:58.05230,,,U_TEST,root@DEV,
17:05:58.05231,,,U_TEST,root@DEV,
17:05:58.05232,,00.00.00,U_TEST,root@DEV,
17:05:58.05233,,00.00.00,U_TEST,root@DEV,
17:06:34.05234,,,BCC,root@DEV,
17:06:34.05235,FORMAT UTIL.BP W_SERVICE.DATAMAP_LIST,,BCC,root@DEV,FORMAT UTIL.BP W_SERVICE.DATAMAP_LIST
17:06:34.05236,BASIC UTIL.BP W_SERVICE.DATAMAP_LIST,,BCC,root@DEV,BASIC UTIL.BP W_SERVICE.DATAMAP_LIST
17:06:34.05237,CATALOG UTIL.BP W_SERVICE.DATAMAP_LIST,,BCC,root@DEV,CATALOG UTIL.BP W_SERVICE.DATAMAP_LIST
17:06:36.05238,,,U_TEST,root@DEV,
17:06:37.05239,,,U_TEST,root@DEV,
17:06:37.05240,,,U_TEST,root@DEV,
17:06:37.05241,SELECT UTIL.CONFIG LIKE siena_data....list TO 1,,U_TEST,root@DEV,SELECT UTIL.CONFIG LIKE siena_data....list TO 1
17:06:37.05242,,00.00.00,U_TEST,root@DEV,
17:06:37.05243,,00.00.00,U_TEST,root@DEV,
17:06:37.05244,,,U_TEST,root@DEV,
17:06:37.05245,,,U_TEST,root@DEV,
17:06:37.05246,,00.00.00,U_TEST,root@DEV,
17:06:37.05247,,00.00.00,U_TEST,root@DEV,
17:06:37.05248,,,U_TEST,root@DEV,
17:06:37.05249,,,U_TEST,root@DEV,
17:06:37.05250,,00.00.00,U_TEST,root@DEV,
17:06:37.05251,,00.00.00,U_TEST,root@DEV,
17:07:33.05252,,,BCC,root@DEV,
17:07:33.05253,FORMAT UTIL.BP W_SERVICE.DATAMAP_LIST,,BCC,root@DEV,FORMAT UTIL.BP W_SERVICE.DATAMAP_LIST
17:07:33.05254,BASIC UTIL.BP W_SERVICE.DATAMAP_LIST,,BCC,root@DEV,BASIC UTIL.BP W_SERVICE.DATAMAP_LIST
17:07:33.05255,CATALOG UTIL.BP W_SERVICE.DATAMAP_LIST,,BCC,root@DEV,CATALOG UTIL.BP W_SERVICE.DATAMAP_LIST
17:07:34.05256,,,U_TEST,root@DEV,
17:07:34.05257,,,U_TEST,root@DEV,
17:07:34.05258,,,U_TEST,root@DEV,
17:07:34.05259,SELECT UTIL.CONFIG LIKE siena_data....list TO 1,,U_TEST,root@DEV,SELECT UTIL.CONFIG LIKE siena_data....list TO 1
17:07:34.05260,,00.00.00,U_TEST,root@DEV,
17:07:34.05261,,00.00.00,U_TEST,root@DEV,
17:07:34.05262,,,U_TEST,root@DEV,
17:07:34.05263,,,U_TEST,root@DEV,
17:07:34.05264,,00.00.00,U_TEST,root@DEV,
17:07:34.05265,,00.00.00,U_TEST,root@DEV,
17:07:34.05266,,,U_TEST,root@DEV,
17:07:34.05267,,,U_TEST,root@DEV,
17:07:34.05268,,00.00.00,U_TEST,root@DEV,
17:07:34.05269,,00.00.00,U_TEST,root@DEV,
17:08:32.05270,,,U_TEST,root@DEV,
17:08:33.05271,,,U_TEST,root@DEV,
17:08:33.05272,,,U_TEST,root@DEV,
17:08:33.05273,SELECT UTIL.CONFIG LIKE siena_data....list TO 1,,U_TEST,root@DEV,SELECT UTIL.CONFIG LIKE siena_data....list TO 1
17:08:33.05274,,00.00.00,U_TEST,root@DEV,
17:08:33.05275,,00.00.00,U_TEST,root@DEV,
17:08:33.05276,,,U_TEST,root@DEV,
17:08:33.05277,,,U_TEST,root@DEV,
17:08:33.05278,,00.00.00,U_TEST,root@DEV,
17:08:33.05279,,00.00.00,U_TEST,root@DEV,
17:08:33.05280,,,U_TEST,root@DEV,
17:08:33.05281,,,U_TEST,root@DEV,
17:08:33.05282,,00.00.00,U_TEST,root@DEV,
17:08:33.05283,,00.00.00,U_TEST,root@DEV,
17:09:35.05284,,,U_TEST,root@DEV,
17:09:36.05285,,,U_TEST,root@DEV,
17:09:36.05286,,,U_TEST,root@DEV,
17:09:36.05287,SELECT UTIL.CONFIG LIKE siena_data....list TO 1,,U_TEST,root@DEV,SELECT UTIL.CONFIG LIKE siena_data....list TO 1
17:09:36.05288,,00.00.00,U_TEST,root@DEV,
17:09:36.05289,,00.00.00,U_TEST,root@DEV,
17:09:36.05290,,,U_TEST,root@DEV,
17:09:36.05291,,,U_TEST,root@DEV,
17:09:36.05292,,00.00.00,U_TEST,root@DEV,
17:09:36.05293,,00.00.00,U_TEST,root@DEV,
17:09:36.05294,,,U_TEST,root@DEV,
17:09:36.05295,,,U_TEST,root@DEV,
17:09:36.05296,,00.00.00,U_TEST,root@DEV,
17:09:36.05297,,00.00.00,U_TEST,root@DEV,
17:09:39.05298,,,BCC,root@DEV,
17:09:39.05299,FORMAT UTIL.BP W_SERVICE.DATAMAP_LIST,,BCC,root@DEV,FORMAT UTIL.BP W_SERVICE.DATAMAP_LIST
17:09:39.05300,BASIC UTIL.BP W_SERVICE.DATAMAP_LIST,,BCC,root@DEV,BASIC UTIL.BP W_SERVICE.DATAMAP_LIST
17:09:39.05301,CATALOG UTIL.BP W_SERVICE.DATAMAP_LIST,,BCC,root@DEV,CATALOG UTIL.BP W_SERVICE.DATAMAP_LIST
17:09:41.05302,,,U_TEST,root@DEV,
17:09:41.05303,,,U_TEST,root@DEV,
17:09:41.05304,,,U_TEST,root@DEV,
17:09:41.05305,SELECT UTIL.CONFIG LIKE siena_data....list TO 1,,U_TEST,root@DEV,SELECT UTIL.CONFIG LIKE siena_data....list TO 1
17:09:41.05306,,00.00.00,U_TEST,root@DEV,
17:09:41.05307,,00.00.00,U_TEST,root@DEV,
17:09:41.05308,,,U_TEST,root@DEV,
17:09:41.05309,,,U_TEST,root@DEV,
17:09:41.05310,,00.00.00,U_TEST,root@DEV,
17:09:41.05311,,00.00.00,U_TEST,root@DEV,
17:09:41.05312,,,U_TEST,root@DEV,
17:09:41.05313,,,U_TEST,root@DEV,
17:09:41.05314,,00.00.00,U_TEST,root@DEV,
17:09:41.05315,,00.00.00,U_TEST,root@DEV,
17:10:38.05316,,,BCC,root@DEV,
17:10:38.05317,FORMAT UTIL.BP W_SERVICE.DATAMAP_LIST,,BCC,root@DEV,FORMAT UTIL.BP W_SERVICE.DATAMAP_LIST
17:10:38.05318,BASIC UTIL.BP W_SERVICE.DATAMAP_LIST,,BCC,root@DEV,BASIC UTIL.BP W_SERVICE.DATAMAP_LIST
17:10:38.05319,CATALOG UTIL.BP W_SERVICE.DATAMAP_LIST,,BCC,root@DEV,CATALOG UTIL.BP W_SERVICE.DATAMAP_LIST
17:10:41.05320,,,U_TEST,root@DEV,
17:10:41.05321,,,U_TEST,root@DEV,
17:10:41.05322,,,U_TEST,root@DEV,
17:10:41.05323,SELECT UTIL.CONFIG LIKE siena_data....list TO 1,,U_TEST,root@DEV,SELECT UTIL.CONFIG LIKE siena_data....list TO 1
17:10:41.05324,,00.00.00,U_TEST,root@DEV,
17:10:41.05325,,00.00.00,U_TEST,root@DEV,
17:10:41.05326,,,U_TEST,root@DEV,
17:10:41.05327,,,U_TEST,root@DEV,
17:10:41.05328,,00.00.00,U_TEST,root@DEV,
17:10:41.05329,,00.00.00,U_TEST,root@DEV,
17:10:41.05330,,,U_TEST,root@DEV,
17:10:41.05331,,,U_TEST,root@DEV,
17:10:41.05332,,00.00.00,U_TEST,root@DEV,
17:10:41.05333,,00.00.00,U_TEST,root@DEV,
17:17:12.05334,,,BCC,root@DEV,
17:17:13.05335,FORMAT UTIL.BP W_SERVICE.DATAMAP_LIST,,BCC,root@DEV,FORMAT UTIL.BP W_SERVICE.DATAMAP_LIST
17:17:13.05336,BASIC UTIL.BP W_SERVICE.DATAMAP_LIST,,BCC,root@DEV,BASIC UTIL.BP W_SERVICE.DATAMAP_LIST
17:17:13.05337,CATALOG UTIL.BP W_SERVICE.DATAMAP_LIST,,BCC,root@DEV,CATALOG UTIL.BP W_SERVICE.DATAMAP_LIST
17:17:15.05338,,,U_TEST,root@DEV,
17:17:15.05339,,,U_TEST,root@DEV,
17:17:15.05340,,,U_TEST,root@DEV,
17:17:15.05341,SELECT UTIL.CONFIG LIKE siena_data....list TO 1,,U_TEST,root@DEV,SELECT UTIL.CONFIG LIKE siena_data....list TO 1
17:17:15.05342,,00.00.00,U_TEST,root@DEV,
17:17:15.05343,,00.00.00,U_TEST,root@DEV,
17:17:15.05344,,,U_TEST,root@DEV,
17:17:16.05345,,,U_TEST,root@DEV,
17:17:16.05346,,00.00.01,U_TEST,root@DEV,
17:17:16.05347,,00.00.01,U_TEST,root@DEV,
17:17:16.05348,,,U_TEST,root@DEV,
17:17:16.05349,,,U_TEST,root@DEV,
17:17:16.05350,,00.00.00,U_TEST,root@DEV,
17:17:16.05351,,00.00.00,U_TEST,root@DEV,
17:18:02.05352,,,BCC,root@DEV,
17:18:02.05353,FORMAT UTIL.BP W_SERVICE.DATAMAP_LIST,,BCC,root@DEV,FORMAT UTIL.BP W_SERVICE.DATAMAP_LIST
17:18:02.05354,BASIC UTIL.BP W_SERVICE.DATAMAP_LIST,,BCC,root@DEV,BASIC UTIL.BP W_SERVICE.DATAMAP_LIST
17:18:02.05355,CATALOG UTIL.BP W_SERVICE.DATAMAP_LIST,,BCC,root@DEV,CATALOG UTIL.BP W_SERVICE.DATAMAP_LIST
17:18:04.05356,,,U_TEST,root@DEV,
17:18:04.05357,,,U_TEST,root@DEV,
17:18:04.05358,,,U_TEST,root@DEV,
17:18:04.05359,SELECT UTIL.CONFIG LIKE siena_data....list TO 1,,U_TEST,root@DEV,SELECT UTIL.CONFIG LIKE siena_data....list TO 1
17:18:04.05360,,00.00.00,U_TEST,root@DEV,
17:18:04.05361,,00.00.00,U_TEST,root@DEV,
17:18:04.05362,,,U_TEST,root@DEV,
17:18:04.05363,,,U_TEST,root@DEV,
17:18:04.05364,,00.00.00,U_TEST,root@DEV,
17:18:04.05365,,00.00.00,U_TEST,root@DEV,
17:18:04.05366,,,U_TEST,root@DEV,
17:18:04.05367,,,U_TEST,root@DEV,
17:18:04.05368,,00.00.00,U_TEST,root@DEV,
17:18:04.05369,,00.00.00,U_TEST,root@DEV,
17:19:04.05370,,,BCC,root@DEV,
17:19:04.05371,FORMAT UTIL.BP W_SERVICE.DATAMAP_LIST,,BCC,root@DEV,FORMAT UTIL.BP W_SERVICE.DATAMAP_LIST
17:19:04.05372,BASIC UTIL.BP W_SERVICE.DATAMAP_LIST,,BCC,root@DEV,BASIC UTIL.BP W_SERVICE.DATAMAP_LIST
17:19:04.05373,CATALOG UTIL.BP W_SERVICE.DATAMAP_LIST,,BCC,root@DEV,CATALOG UTIL.BP W_SERVICE.DATAMAP_LIST
17:19:06.05374,,,U_TEST,root@DEV,
17:19:06.05375,,,U_TEST,root@DEV,
17:19:06.05376,,,U_TEST,root@DEV,
17:19:06.05377,SELECT UTIL.CONFIG LIKE siena_data....list TO 1,,U_TEST,root@DEV,SELECT UTIL.CONFIG LIKE siena_data....list TO 1
17:19:06.05378,,00.00.00,U_TEST,root@DEV,
17:19:06.05379,,00.00.00,U_TEST,root@DEV,
17:19:06.05380,,,U_TEST,root@DEV,
17:19:06.05381,,,U_TEST,root@DEV,
17:19:06.05382,,00.00.00,U_TEST,root@DEV,
17:19:06.05383,,00.00.00,U_TEST,root@DEV,
17:19:06.05384,,,U_TEST,root@DEV,
17:19:06.05385,,,U_TEST,root@DEV,
17:19:06.05386,,00.00.00,U_TEST,root@DEV,
17:19:06.05387,,00.00.00,U_TEST,root@DEV,
17:19:53.05388,,,BCC,root@DEV,
17:19:53.05389,FORMAT UTIL.BP W_SERVICE.DATAMAP_LIST,,BCC,root@DEV,FORMAT UTIL.BP W_SERVICE.DATAMAP_LIST
17:19:53.05390,BASIC UTIL.BP W_SERVICE.DATAMAP_LIST,,BCC,root@DEV,BASIC UTIL.BP W_SERVICE.DATAMAP_LIST
17:19:53.05391,CATALOG UTIL.BP W_SERVICE.DATAMAP_LIST,,BCC,root@DEV,CATALOG UTIL.BP W_SERVICE.DATAMAP_LIST
17:19:55.05392,,,U_TEST,root@DEV,
17:19:55.05393,,,U_TEST,root@DEV,
17:19:56.05394,,,U_TEST,root@DEV,
17:19:56.05395,SELECT UTIL.CONFIG LIKE siena_data....list TO 1,,U_TEST,root@DEV,SELECT UTIL.CONFIG LIKE siena_data....list TO 1
17:19:56.05396,,00.00.01,U_TEST,root@DEV,
17:19:56.05397,,00.00.01,U_TEST,root@DEV,
17:19:56.05398,,,U_TEST,root@DEV,
17:19:56.05399,,,U_TEST,root@DEV,
17:19:56.05400,,00.00.00,U_TEST,root@DEV,
17:19:56.05401,,00.00.00,U_TEST,root@DEV,
17:19:56.05402,,,U_TEST,root@DEV,
17:19:56.05403,,,U_TEST,root@DEV,
17:19:56.05404,,00.00.00,U_TEST,root@DEV,
17:19:56.05405,,00.00.00,U_TEST,root@DEV,
17:21:09.05406,,,BCC,root@DEV,
17:21:09.05407,FORMAT UTIL.BP U_TEST NOPAGE,,BCC,root@DEV,FORMAT UTIL.BP U_TEST NOPAGE
17:21:09.05408,BASIC UTIL.BP U_TEST NOPAGE,,BCC,root@DEV,BASIC UTIL.BP U_TEST NOPAGE
17:21:09.05409,CATALOG UTIL.BP U_TEST NOPAGE,,BCC,root@DEV,CATALOG UTIL.BP U_TEST NOPAGE
17:21:12.05410,,,U_TEST,root@DEV,
17:21:13.05411,,,U_TEST,root@DEV,
17:21:13.05412,,,U_TEST,root@DEV,
17:21:13.05413,SELECT UTIL.CONFIG LIKE siena_data....list TO 1,,U_TEST,root@DEV,SELECT UTIL.CONFIG LIKE siena_data....list TO 1
17:21:13.05414,,00.00.00,U_TEST,root@DEV,
17:21:13.05415,,00.00.00,U_TEST,root@DEV,
17:21:13.05416,,,U_TEST,root@DEV,
17:21:13.05417,,,U_TEST,root@DEV,
17:21:13.05418,,00.00.00,U_TEST,root@DEV,
17:21:13.05419,,00.00.00,U_TEST,root@DEV,
17:21:13.05420,,,U_TEST,root@DEV,
17:21:13.05421,,,U_TEST,root@DEV,
17:21:13.05422,,00.00.00,U_TEST,root@DEV,
17:21:13.05423,,00.00.00,U_TEST,root@DEV,
17:23:08.05424,,,BCC,root@DEV,
17:23:08.05425,FORMAT UTIL.BP U_TEST NOPAGE,,BCC,root@DEV,FORMAT UTIL.BP U_TEST NOPAGE
17:23:08.05426,BASIC UTIL.BP U_TEST NOPAGE,,BCC,root@DEV,BASIC UTIL.BP U_TEST NOPAGE
17:23:08.05427,CATALOG UTIL.BP U_TEST NOPAGE,,BCC,root@DEV,CATALOG UTIL.BP U_TEST NOPAGE
17:23:09.05428,,,U_TEST,root@DEV,
17:23:09.05429,,,U_TEST,root@DEV,
17:23:10.05430,,,U_TEST,root@DEV,
17:23:10.05431,SELECT UTIL.CONFIG LIKE siena_data....list TO 1,,U_TEST,root@DEV,SELECT UTIL.CONFIG LIKE siena_data....list TO 1
17:23:10.05432,,00.00.01,U_TEST,root@DEV,
17:23:10.05433,,00.00.01,U_TEST,root@DEV,
17:23:10.05434,,,U_TEST,root@DEV,
17:23:10.05435,,,U_TEST,root@DEV,
17:23:10.05436,,00.00.00,U_TEST,root@DEV,
17:23:10.05437,,00.00.00,U_TEST,root@DEV,
17:23:10.05438,,,U_TEST,root@DEV,
17:23:10.05439,,,U_TEST,root@DEV,
17:23:10.05440,,00.00.00,U_TEST,root@DEV,
17:23:10.05441,,00.00.00,U_TEST,root@DEV,
17:23:10.05442,,,U_TEST,root@DEV,
17:23:10.05443,,,U_TEST,root@DEV,
17:23:10.05444,,00.00.00,U_TEST,root@DEV,
17:23:10.05445,,00.00.00,U_TEST,root@DEV,
17:23:10.05446,,,U_TEST,root@DEV,
17:23:10.05447,,,U_TEST,root@DEV,
17:23:10.05448,,00.00.00,U_TEST,root@DEV,
17:23:10.05449,,00.00.00,U_TEST,root@DEV,
17:23:10.05450,,,U_TEST,root@DEV,
17:23:10.05451,,,U_TEST,root@DEV,
17:23:10.05452,,00.00.00,U_TEST,root@DEV,
17:23:10.05453,,00.00.00,U_TEST,root@DEV,
17:24:56.05454,,,U_TEST,root@DEV,
17:24:56.05455,,,U_TEST,root@DEV,
17:24:56.05456,,,U_TEST,root@DEV,
17:24:56.05457,SELECT UTIL.CONFIG LIKE siena_data....list TO 1,,U_TEST,root@DEV,SELECT UTIL.CONFIG LIKE siena_data....list TO 1
17:24:56.05458,,00.00.00,U_TEST,root@DEV,
17:24:56.05459,,00.00.00,U_TEST,root@DEV,
17:24:56.05460,,,U_TEST,root@DEV,
17:24:56.05461,,,U_TEST,root@DEV,
17:24:56.05462,,00.00.00,U_TEST,root@DEV,
17:24:56.05463,,00.00.00,U_TEST,root@DEV,
17:24:56.05464,,,U_TEST,root@DEV,
17:24:57.05465,,,U_TEST,root@DEV,
17:24:57.05466,,00.00.01,U_TEST,root@DEV,
17:24:57.05467,,00.00.01,U_TEST,root@DEV,
17:24:57.05468,,,U_TEST,root@DEV,
17:24:57.05469,,,U_TEST,root@DEV,
17:24:57.05470,,00.00.00,U_TEST,root@DEV,
17:24:57.05471,,00.00.00,U_TEST,root@DEV,
17:24:57.05472,,,U_TEST,root@DEV,
17:24:57.05473,,,U_TEST,root@DEV,
17:24:57.05474,,00.00.00,U_TEST,root@DEV,
17:24:57.05475,,00.00.00,U_TEST,root@DEV,
17:24:57.05476,,,U_TEST,root@DEV,
17:24:57.05477,,,U_TEST,root@DEV,
17:24:57.05478,,00.00.00,U_TEST,root@DEV,
17:24:57.05479,,00.00.00,U_TEST,root@DEV,
17:26:54.05480,,,REPORT.DO,root@DEV,
17:26:54.05481,,,REPORT.DO,root@DEV,
17:26:54.05482,"SORT UTIL.LOG.EVENT BY TIME TIME CMD ELAPSED SESSIONTOKEN SESSIONUSER CSV CMD WITH 1 EQ ""WCT_REQUEST"" ID-SUPP",,REPORT.DO,root@DEV,"SORT UTIL.LOG.EVENT BY TIME TIME CMD ELAPSED SESSIONTOKEN SESSIONUSER CSV CMD WITH 1 EQ ""WCT_REQUEST"" ID-SUPP"
17:26:54.05483,,00.00.00,REPORT.DO,root@DEV,
17:26:54.05484,,00.00.00,REPORT.DO,root@DEV,
17:27:22.05485,,,REPORT.DO,root@DEV,
17:27:22.05486,,,REPORT.DO,root@DEV,
17:27:22.05487,"SORT UTIL.LOG.EVENT BY TIME TIME CMD ELAPSED SESSIONTOKEN SESSIONUSER CSV CMD WITH 1 EQ ""WCT_REQUEST"" ID-SUPP",,REPORT.DO,root@DEV,"SORT UTIL.LOG.EVENT BY TIME TIME CMD ELAPSED SESSIONTOKEN SESSIONUSER CSV CMD WITH 1 EQ ""WCT_REQUEST"" ID-SUPP"
17:27:22.05488,,00.00.00,REPORT.DO,root@DEV,
17:27:22.05489,,00.00.00,REPORT.DO,root@DEV,
17:29:04.05490,,,REPORT.DO,root@DEV,
17:29:04.05491,,,REPORT.DO,root@DEV,
17:29:04.05492,SORT UTIL.LOG.EVENT BY DATE BY TIME EVENT SUBR MSG CMD ELAPSED ID-SUPP CSV /,,REPORT.DO,root@DEV,SORT UTIL.LOG.EVENT BY DATE BY TIME EVENT SUBR MSG CMD ELAPSED ID-SUPP CSV /
17:29:07.05493,,00.00.03,REPORT.DO,root@DEV,
17:29:07.05494,,00.00.03,REPORT.DO,root@DEV,
17:29:29.05495,,,REPORT.DO,root@DEV,
17:29:29.05496,,,REPORT.DO,root@DEV,
647 record(s) listed
'.keep' not found
