TIME/EVENT/MSG/ID/CMD/ELAPSED/SESSIONTOKEN/SESSIONUSER
02:18:39.04850/EXECUTE/CLEAR-FILE DATA UTIL.LOG.EVENT/20210221-021839319-19b3f4cbe2b74/CLEAR-FILE DATA UTIL.LOG.EVENT//U_CLEARFILES/root@DEV
02:18:39.04851/EXECUTE/CLEAR-FILE DATA UTIL.WORKFILE/20210221-021839319-aaa4037d0eb14/CLEAR-FILE DATA UTIL.WORKFILE//U_CLEARFILES/root@DEV
02:18:39.04852/EXECUTE/CLEAR-FILE DATA UTIL.WCT.RESP/20210221-021839319-c4b77c5958844/CLEAR-FILE DATA UTIL.WCT.RESP//U_CLEARFILES/root@DEV
02:18:39.04853/EXECUTE/CLEAR-FILE DATA UTIL.WCT.RECV/20210221-021839319-1f3dfecc6cf34/CLEAR-FILE DATA UTIL.WCT.RECV//U_CLEARFILES/root@DEV
02:18:39.04854/EXECUTE/CLEAR-FILE DATA UTIL.WCT.TOKENS/20210221-021839319-01f6d11d25db4/CLEAR-FILE DATA UTIL.WCT.TOKENS//U_CLEARFILES/root@DEV
02:18:39.04855/EXECUTE/CLEAR-FILE DATA LOGS/20210221-021839319-84cd518062e44/CLEAR-FILE DATA LOGS//U_CLEARFILES/root@DEV
02:18:39.04856/EXECUTE/SELECT UTIL.CONFIG LIKE clear.nopage.properties/20210221-021839319-4c45b40ae43e4/SELECT UTIL.CONFIG LIKE clear.nopage.properties//U_CLEARFILES/root@DEV
02:18:39.04858/EXECUTE/U_CLEARFILES WCT NOPAGE/20210221-021839319-18c21c0b85bd4/U_CLEARFILES WCT NOPAGE//U_CLEARFILES/root@DEV
02:18:39.04859/WCT_REQUEST/"""{""wctRequest"":{""appToken"":""133ae0e051744715b9a70ee75e46c0a8"",""sessionToken"":"""",""requestID"":""82efbd12-5294-4ef5-9f45-8e2ddee57486"",""requestAction"":""!U_CLEARFILES"",""requestItem"":""WCT"",""requestParameters"":""NOPAGE"",""uniqueID"":""authorAdjust"",""requestResponseFormat"":""json"",""requestData"":""""}}"""/20210221-021839319-c92a8272fd5b4/!U_CLEARFILES WCT NOPAGE//U_CLEARFILES/authorAdjust@DEV
02:18:45.04860/EXECUTE/"SELECT UTIL.WCT.RECV WITH @ID UNLIKE "".keep"" TO 1"/20210221-021845325-fb3d70f0c45c4/"SELECT UTIL.WCT.RECV WITH @ID UNLIKE "".keep"" TO 1"//U_CLEARFILES/root@DEV
02:18:45.04861/WCT_REQUEST/"""{""wctRequest"":{""appToken"":""133ae0e051744715b9a70ee75e46c0a8"",""sessionToken"":"""",""requestID"":""f7985062-5c5c-4635-9d99-75eac64b690b"",""requestAction"":""SERVICES"",""requestItem"":"""",""requestParameters"":"""",""uniqueID"":""authorAdjust"",""requestResponseFormat"":""json"",""requestData"":""""}}"""/20210221-021845325-b4ded2ab8f024/SERVICES  //U_CLEARFILES/authorAdjust@DEV
02:18:56.04862/EXECUTE/"SELECT UTIL.WCT.RECV WITH @ID UNLIKE "".keep"" TO 1"/20210221-021856336-61fb72c595f74/"SELECT UTIL.WCT.RECV WITH @ID UNLIKE "".keep"" TO 1"//U_CLEARFILES/root@DEV
02:18:56.04865/ACT-START/SIENA.BUILD.SERVICE.CATALOG.HELPER/20210221-021856336-f51e44235df44///JOB.DO/root@DEV
02:18:56.04867/EXECUTE/JOB.DO BUILD.SERVICE.CATALOG NOPAGE/20210221-021856336-b47dcaa8f5064/JOB.DO BUILD.SERVICE.CATALOG NOPAGE//JOB.DO/root@DEV
02:18:56.04868/WCT_REQUEST/"""{""wctRequest"":{""appToken"":""133ae0e051744715b9a70ee75e46c0a8"",""sessionToken"":"""",""requestID"":""fbbd6f16-3353-42d2-90a6-abb1657b9ce0"",""requestAction"":""JOB.DO"",""requestItem"":""BUILD.SERVICE.CATALOG"",""requestParameters"":""NOPAGE"",""uniqueID"":""authorAdjust"",""requestResponseFormat"":""json"",""requestData"":""""}}"""/20210221-021856336-2eff2774dae94/JOB.DO BUILD.SERVICE.CATALOG NOPAGE//JOB.DO/authorAdjust@DEV
15:55:03.04871/EXECUTE/FORMAT UTIL.BP U_TEST/20210221-155503303-54689363e44a4/FORMAT UTIL.BP U_TEST//BCC/root@DEV
15:55:03.04872/EXECUTE/BASIC UTIL.BP U_TEST/20210221-155503303-6d41af84104b4/BASIC UTIL.BP U_TEST//BCC/root@DEV
15:55:03.04873/EXECUTE/CATALOG UTIL.BP U_TEST/20210221-155503303-b9c515af3a964/CATALOG UTIL.BP U_TEST//BCC/root@DEV
15:55:30.04875/EXECUTE/FORMAT UTIL.BP U_TEST/20210221-155530330-44f024abb1c34/FORMAT UTIL.BP U_TEST//BCC/root@DEV
15:55:30.04876/EXECUTE/BASIC UTIL.BP U_TEST/20210221-155530330-572efa6b755f4/BASIC UTIL.BP U_TEST//BCC/root@DEV
15:55:30.04877/EXECUTE/CATALOG UTIL.BP U_TEST/20210221-155530330-09cc5679e0d64/CATALOG UTIL.BP U_TEST//BCC/root@DEV
15:58:07.04880/EXECUTE/FORMAT UTIL.BP U_TEST/20210221-155807487-0d22b33d0d1e4/FORMAT UTIL.BP U_TEST//BCC/root@DEV
15:58:07.04881/EXECUTE/BASIC UTIL.BP U_TEST/20210221-155807487-0dfe0cfcd2ba4/BASIC UTIL.BP U_TEST//BCC/root@DEV
15:58:07.04882/EXECUTE/CATALOG UTIL.BP U_TEST/20210221-155807487-e6a3171227924/CATALOG UTIL.BP U_TEST//BCC/root@DEV
15:59:31.04886/EXECUTE/FORMAT UTIL.BP W_SERVICE.ENVIRONMENT/20210221-155931571-ce3e266e6a6f4/FORMAT UTIL.BP W_SERVICE.ENVIRONMENT//BCC/root@DEV
15:59:31.04887/EXECUTE/BASIC UTIL.BP W_SERVICE.ENVIRONMENT/20210221-155931571-2aa3687892b24/BASIC UTIL.BP W_SERVICE.ENVIRONMENT//BCC/root@DEV
15:59:31.04888/EXECUTE/CATALOG UTIL.BP W_SERVICE.ENVIRONMENT/20210221-155931571-71fb9c4aa94f4/CATALOG UTIL.BP W_SERVICE.ENVIRONMENT//BCC/root@DEV
16:07:39.04891/EXECUTE/FORMAT UTIL.BP U_TEST/20210221-160739059-4553227b82904/FORMAT UTIL.BP U_TEST//BCC/root@DEV
16:07:39.04892/EXECUTE/BASIC UTIL.BP U_TEST/20210221-160739059-f1cb3723ba464/BASIC UTIL.BP U_TEST//BCC/root@DEV
16:07:39.04893/EXECUTE/CATALOG UTIL.BP U_TEST/20210221-160739059-c65d26980fc04/CATALOG UTIL.BP U_TEST//BCC/root@DEV
16:13:15.04896/EXECUTE/FORMAT UTIL.BP U_TEST/20210221-161315395-a61986caa4434/FORMAT UTIL.BP U_TEST//BCC/root@DEV
16:13:15.04897/EXECUTE/BASIC UTIL.BP U_TEST/20210221-161315395-de64f2e3636e4/BASIC UTIL.BP U_TEST//BCC/root@DEV
16:13:15.04898/EXECUTE/CATALOG UTIL.BP U_TEST/20210221-161315395-17ea1277fdfa4/CATALOG UTIL.BP U_TEST//BCC/root@DEV
16:17:20.04902/EXECUTE/FORMAT UTIL.BP W_SERVICE.DATAMAP/20210221-161720640-103ed14134bc4/FORMAT UTIL.BP W_SERVICE.DATAMAP//BCC/root@DEV
16:17:20.04903/EXECUTE/BASIC UTIL.BP W_SERVICE.DATAMAP/20210221-161720640-ae3c1aa437894/BASIC UTIL.BP W_SERVICE.DATAMAP//BCC/root@DEV
16:17:20.04904/EXECUTE/CATALOG UTIL.BP W_SERVICE.DATAMAP/20210221-161720640-1047e1d218184/CATALOG UTIL.BP W_SERVICE.DATAMAP//BCC/root@DEV
16:19:05.04906/EXECUTE/FORMAT UTIL.BP W_SERVICE.DATAMAP/20210221-161905745-8de27a3489444/FORMAT UTIL.BP W_SERVICE.DATAMAP//BCC/root@DEV
16:19:05.04907/EXECUTE/BASIC UTIL.BP W_SERVICE.DATAMAP/20210221-161905745-f060372b73d64/BASIC UTIL.BP W_SERVICE.DATAMAP//BCC/root@DEV
16:19:05.04908/EXECUTE/CATALOG UTIL.BP W_SERVICE.DATAMAP/20210221-161905745-623448085af94/CATALOG UTIL.BP W_SERVICE.DATAMAP//BCC/root@DEV
16:19:09.04910/EXECUTE/FORMAT UTIL.BP U_TEST/20210221-161909749-d24b153ef28c4/FORMAT UTIL.BP U_TEST//BCC/root@DEV
16:19:09.04911/EXECUTE/BASIC UTIL.BP U_TEST/20210221-161909749-b40f63b8f45a4/BASIC UTIL.BP U_TEST//BCC/root@DEV
16:19:09.04912/EXECUTE/CATALOG UTIL.BP U_TEST/20210221-161909749-c8d5be297fee4/CATALOG UTIL.BP U_TEST//BCC/root@DEV
16:20:13.04917/EXECUTE/FORMAT UTIL.BP U_IO.GET.LIST/20210221-162013813-fe6aea3665284/FORMAT UTIL.BP U_IO.GET.LIST//BCC/root@DEV
16:20:13.04918/EXECUTE/BASIC UTIL.BP U_IO.GET.LIST/20210221-162013813-a3cd8136885d4/BASIC UTIL.BP U_IO.GET.LIST//BCC/root@DEV
16:20:13.04919/EXECUTE/CATALOG UTIL.BP U_IO.GET.LIST/20210221-162013813-aec03a36aac34/CATALOG UTIL.BP U_IO.GET.LIST//BCC/root@DEV
16:22:35.04926/EXECUTE/FORMAT UTIL.BP W_SERVICE.DATAMAP_VIEW/20210221-162235955-9d446d0141614/FORMAT UTIL.BP W_SERVICE.DATAMAP_VIEW//BCC/root@DEV
16:22:35.04927/EXECUTE/BASIC UTIL.BP W_SERVICE.DATAMAP_VIEW/20210221-162235955-45546f04d7f24/BASIC UTIL.BP W_SERVICE.DATAMAP_VIEW//BCC/root@DEV
16:22:35.04928/EXECUTE/CATALOG UTIL.BP W_SERVICE.DATAMAP_VIEW/20210221-162235955-722f3751fe094/CATALOG UTIL.BP W_SERVICE.DATAMAP_VIEW//BCC/root@DEV
16:30:12.04933/EXECUTE/FORMAT UTIL.BP W_SERVICE.DATAMAP_VIEW/20210221-163012412-07c49f9e09fd4/FORMAT UTIL.BP W_SERVICE.DATAMAP_VIEW//BCC/root@DEV
16:30:13.04934/EXECUTE/BASIC UTIL.BP W_SERVICE.DATAMAP_VIEW/20210221-163013413-ea7f74568d6f4/BASIC UTIL.BP W_SERVICE.DATAMAP_VIEW//BCC/root@DEV
16:30:13.04935/EXECUTE/CATALOG UTIL.BP W_SERVICE.DATAMAP_VIEW/20210221-163013413-0a55f8940b454/CATALOG UTIL.BP W_SERVICE.DATAMAP_VIEW//BCC/root@DEV
16:31:54.04940/EXECUTE/FORMAT UTIL.BP W_SERVICE.DATAMAP_VIEW/20210221-163154514-a33df5101ec24/FORMAT UTIL.BP W_SERVICE.DATAMAP_VIEW//BCC/root@DEV
16:31:54.04941/EXECUTE/BASIC UTIL.BP W_SERVICE.DATAMAP_VIEW/20210221-163154514-790044ebe7594/BASIC UTIL.BP W_SERVICE.DATAMAP_VIEW//BCC/root@DEV
16:31:54.04942/EXECUTE/CATALOG UTIL.BP W_SERVICE.DATAMAP_VIEW/20210221-163154514-8a50949cab784/CATALOG UTIL.BP W_SERVICE.DATAMAP_VIEW//BCC/root@DEV
16:32:01.04947/EXECUTE/FORMAT UTIL.BP W_SERVICE.DATAMAP_VIEW/20210221-163201521-83998a59e0954/FORMAT UTIL.BP W_SERVICE.DATAMAP_VIEW//BCC/root@DEV
16:32:01.04948/EXECUTE/BASIC UTIL.BP W_SERVICE.DATAMAP_VIEW/20210221-163201521-e576cc067c214/BASIC UTIL.BP W_SERVICE.DATAMAP_VIEW//BCC/root@DEV
16:32:01.04949/EXECUTE/CATALOG UTIL.BP W_SERVICE.DATAMAP_VIEW/20210221-163201521-73083bb1dc974/CATALOG UTIL.BP W_SERVICE.DATAMAP_VIEW//BCC/root@DEV
16:32:16.04951/EXECUTE/FORMAT UTIL.BP W_SERVICE.DATAMAP_VIEW/20210221-163216536-ce8dacafce8a4/FORMAT UTIL.BP W_SERVICE.DATAMAP_VIEW//BCC/root@DEV
16:32:16.04952/EXECUTE/BASIC UTIL.BP W_SERVICE.DATAMAP_VIEW/20210221-163216536-be5f4bae5c254/BASIC UTIL.BP W_SERVICE.DATAMAP_VIEW//BCC/root@DEV
16:32:16.04953/EXECUTE/CATALOG UTIL.BP W_SERVICE.DATAMAP_VIEW/20210221-163216536-4be177506ca64/CATALOG UTIL.BP W_SERVICE.DATAMAP_VIEW//BCC/root@DEV
16:32:53.04960/EXECUTE/FORMAT UTIL.BP W_SERVICE.DATAMAP_VIEW/20210221-163253573-b2a6191f0ac64/FORMAT UTIL.BP W_SERVICE.DATAMAP_VIEW//BCC/root@DEV
16:32:53.04961/EXECUTE/BASIC UTIL.BP W_SERVICE.DATAMAP_VIEW/20210221-163253573-e967f76170fa4/BASIC UTIL.BP W_SERVICE.DATAMAP_VIEW//BCC/root@DEV
16:32:53.04962/EXECUTE/CATALOG UTIL.BP W_SERVICE.DATAMAP_VIEW/20210221-163253573-305d7c0a377f4/CATALOG UTIL.BP W_SERVICE.DATAMAP_VIEW//BCC/root@DEV
16:36:56.04969/EXECUTE/FORMAT UTIL.BP W_SERVICE.DATAMAP_VIEW/20210221-163656816-fc4e70a148c24/FORMAT UTIL.BP W_SERVICE.DATAMAP_VIEW//BCC/root@DEV
16:36:57.04970/EXECUTE/BASIC UTIL.BP W_SERVICE.DATAMAP_VIEW/20210221-163657817-8f07c96190894/BASIC UTIL.BP W_SERVICE.DATAMAP_VIEW//BCC/root@DEV
16:36:57.04971/EXECUTE/CATALOG UTIL.BP W_SERVICE.DATAMAP_VIEW/20210221-163657817-e9271dc19aec4/CATALOG UTIL.BP W_SERVICE.DATAMAP_VIEW//BCC/root@DEV
16:37:51.04978/EXECUTE/FORMAT UTIL.BP W_SERVICE.DATAMAP_VIEW/20210221-163751871-8f3cd7b868644/FORMAT UTIL.BP W_SERVICE.DATAMAP_VIEW//BCC/root@DEV
16:37:51.04979/EXECUTE/BASIC UTIL.BP W_SERVICE.DATAMAP_VIEW/20210221-163751871-2e648845038c4/BASIC UTIL.BP W_SERVICE.DATAMAP_VIEW//BCC/root@DEV
16:37:51.04980/EXECUTE/CATALOG UTIL.BP W_SERVICE.DATAMAP_VIEW/20210221-163751871-d487f40426f44/CATALOG UTIL.BP W_SERVICE.DATAMAP_VIEW//BCC/root@DEV
16:38:23.04992/EXECUTE/FORMAT UTIL.BP W_SERVICE.DATAMAP_VIEW/20210221-163823903-9c1a62c091164/FORMAT UTIL.BP W_SERVICE.DATAMAP_VIEW//BCC/root@DEV
16:38:23.04993/EXECUTE/BASIC UTIL.BP W_SERVICE.DATAMAP_VIEW/20210221-163823903-a4ae858a3f2d4/BASIC UTIL.BP W_SERVICE.DATAMAP_VIEW//BCC/root@DEV
16:38:23.04994/EXECUTE/CATALOG UTIL.BP W_SERVICE.DATAMAP_VIEW/20210221-163823903-7a96bfc1da774/CATALOG UTIL.BP W_SERVICE.DATAMAP_VIEW//BCC/root@DEV
16:38:43.05006/EXECUTE/FORMAT UTIL.BP W_SERVICE.DATAMAP_VIEW/20210221-163843923-59e46c8931ee4/FORMAT UTIL.BP W_SERVICE.DATAMAP_VIEW//BCC/root@DEV
16:38:43.05007/EXECUTE/BASIC UTIL.BP W_SERVICE.DATAMAP_VIEW/20210221-163843923-7b0e0875fe1e4/BASIC UTIL.BP W_SERVICE.DATAMAP_VIEW//BCC/root@DEV
16:38:43.05008/EXECUTE/CATALOG UTIL.BP W_SERVICE.DATAMAP_VIEW/20210221-163843923-21ce2e22e9dc4/CATALOG UTIL.BP W_SERVICE.DATAMAP_VIEW//BCC/root@DEV
16:41:54.05015/EXECUTE/FORMAT UTIL.BP W_SERVICE.DATAMAP_VIEW/20210221-164154114-6ae7387638a84/FORMAT UTIL.BP W_SERVICE.DATAMAP_VIEW//BCC/root@DEV
16:41:54.05016/EXECUTE/BASIC UTIL.BP W_SERVICE.DATAMAP_VIEW/20210221-164154114-d2ab3bf74ff54/BASIC UTIL.BP W_SERVICE.DATAMAP_VIEW//BCC/root@DEV
16:41:54.05017/EXECUTE/CATALOG UTIL.BP W_SERVICE.DATAMAP_VIEW/20210221-164154114-2c011bc8354b4/CATALOG UTIL.BP W_SERVICE.DATAMAP_VIEW//BCC/root@DEV
16:42:37.05024/EXECUTE/FORMAT UTIL.BP W_SERVICE.DATAMAP_VIEW/20210221-164237157-df224c33a76b4/FORMAT UTIL.BP W_SERVICE.DATAMAP_VIEW//BCC/root@DEV
16:42:37.05025/EXECUTE/BASIC UTIL.BP W_SERVICE.DATAMAP_VIEW/20210221-164237157-c26ec3db44c14/BASIC UTIL.BP W_SERVICE.DATAMAP_VIEW//BCC/root@DEV
16:42:37.05026/EXECUTE/CATALOG UTIL.BP W_SERVICE.DATAMAP_VIEW/20210221-164237157-d32fd2ef6dc14/CATALOG UTIL.BP W_SERVICE.DATAMAP_VIEW//BCC/root@DEV
16:43:45.05033/EXECUTE/FORMAT UTIL.BP W_SERVICE.DATAMAP_VIEW/20210221-164345225-017f51e65b604/FORMAT UTIL.BP W_SERVICE.DATAMAP_VIEW//BCC/root@DEV
16:43:45.05034/EXECUTE/BASIC UTIL.BP W_SERVICE.DATAMAP_VIEW/20210221-164345225-89a8e3dd9ad04/BASIC UTIL.BP W_SERVICE.DATAMAP_VIEW//BCC/root@DEV
16:43:45.05035/EXECUTE/CATALOG UTIL.BP W_SERVICE.DATAMAP_VIEW/20210221-164345225-1b5470b7f1044/CATALOG UTIL.BP W_SERVICE.DATAMAP_VIEW//BCC/root@DEV
16:44:21.05040/EXECUTE/FORMAT UTIL.BP W_SERVICE.DATAMAP_VIEW/20210221-164421261-269bc58e1fcf4/FORMAT UTIL.BP W_SERVICE.DATAMAP_VIEW//BCC/root@DEV
16:44:21.05041/EXECUTE/BASIC UTIL.BP W_SERVICE.DATAMAP_VIEW/20210221-164421261-df1a526895b34/BASIC UTIL.BP W_SERVICE.DATAMAP_VIEW//BCC/root@DEV
16:44:21.05042/EXECUTE/CATALOG UTIL.BP W_SERVICE.DATAMAP_VIEW/20210221-164421261-b9e6c42271a34/CATALOG UTIL.BP W_SERVICE.DATAMAP_VIEW//BCC/root@DEV
16:45:20.05049/EXECUTE/FORMAT UTIL.BP U_TEST/20210221-164520320-8c76b63177174/FORMAT UTIL.BP U_TEST//BCC/root@DEV
16:45:20.05050/EXECUTE/BASIC UTIL.BP U_TEST/20210221-164520320-4f552cb81efd4/BASIC UTIL.BP U_TEST//BCC/root@DEV
16:45:20.05051/EXECUTE/CATALOG UTIL.BP U_TEST/20210221-164520320-278e4ea519294/CATALOG UTIL.BP U_TEST//BCC/root@DEV
16:51:43.05082/EXECUTE/FORMAT UTIL.BP W_SERVICE.DATAMAP_LIST/20210221-165143703-4d13e01776534/FORMAT UTIL.BP W_SERVICE.DATAMAP_LIST//BCC/root@DEV
16:51:43.05083/EXECUTE/BASIC UTIL.BP W_SERVICE.DATAMAP_LIST/20210221-165143703-820b6b9369a04/BASIC UTIL.BP W_SERVICE.DATAMAP_LIST//BCC/root@DEV
16:51:44.05084/EXECUTE/CATALOG UTIL.BP W_SERVICE.DATAMAP_LIST/20210221-165144704-b6c6963eb9d14/CATALOG UTIL.BP W_SERVICE.DATAMAP_LIST//BCC/root@DEV
16:52:24.05095/EXECUTE/FORMAT UTIL.BP U_TEST/20210221-165224744-39d168df7e594/FORMAT UTIL.BP U_TEST//BCC/root@DEV
16:52:24.05096/EXECUTE/BASIC UTIL.BP U_TEST/20210221-165224744-af1fe268343a4/BASIC UTIL.BP U_TEST//BCC/root@DEV
16:52:24.05097/EXECUTE/CATALOG UTIL.BP U_TEST/20210221-165224744-9a1c2afceea34/CATALOG UTIL.BP U_TEST//BCC/root@DEV
16:52:29.05101/EXECUTE/SELECT UTIL.CONFIG LIKE siena_data...list TO 1/20210221-165229749-f03c1e86be694/SELECT UTIL.CONFIG LIKE siena_data...list TO 1//U_TEST/root@DEV
16:54:19.05113/EXECUTE/FORMAT UTIL.BP W_SERVICE.DATAMAP_LIST/20210221-165419859-9e17ee488aea4/FORMAT UTIL.BP W_SERVICE.DATAMAP_LIST//BCC/root@DEV
16:54:19.05114/EXECUTE/BASIC UTIL.BP W_SERVICE.DATAMAP_LIST/20210221-165419859-5e44d8db930d4/BASIC UTIL.BP W_SERVICE.DATAMAP_LIST//BCC/root@DEV
16:54:19.05115/EXECUTE/CATALOG UTIL.BP W_SERVICE.DATAMAP_LIST/20210221-165419859-db34ddfd2f824/CATALOG UTIL.BP W_SERVICE.DATAMAP_LIST//BCC/root@DEV
16:54:21.05119/EXECUTE/SELECT UTIL.CONFIG LIKE siena_data...list TO 1/20210221-165421861-bae021216e574/SELECT UTIL.CONFIG LIKE siena_data...list TO 1//U_TEST/root@DEV
16:55:03.05131/EXECUTE/FORMAT UTIL.BP W_SERVICE.DATAMAP_LIST/20210221-165503903-ca49a247bc824/FORMAT UTIL.BP W_SERVICE.DATAMAP_LIST//BCC/root@DEV
16:55:03.05132/EXECUTE/BASIC UTIL.BP W_SERVICE.DATAMAP_LIST/20210221-165503903-ebd9e339d8724/BASIC UTIL.BP W_SERVICE.DATAMAP_LIST//BCC/root@DEV
16:55:03.05133/EXECUTE/CATALOG UTIL.BP W_SERVICE.DATAMAP_LIST/20210221-165503903-5ee44ff68db54/CATALOG UTIL.BP W_SERVICE.DATAMAP_LIST//BCC/root@DEV
16:55:05.05137/EXECUTE/SELECT UTIL.CONFIG LIKE siena_data...list TO 1/20210221-165505905-beb8efdd06884/SELECT UTIL.CONFIG LIKE siena_data...list TO 1//U_TEST/root@DEV
16:56:10.05149/EXECUTE/FORMAT UTIL.BP W_SERVICE.DATAMAP_LIST/20210221-165610970-cd9b965346b04/FORMAT UTIL.BP W_SERVICE.DATAMAP_LIST//BCC/root@DEV
16:56:10.05150/EXECUTE/BASIC UTIL.BP W_SERVICE.DATAMAP_LIST/20210221-165610970-f3e40f9ad4ea4/BASIC UTIL.BP W_SERVICE.DATAMAP_LIST//BCC/root@DEV
16:56:10.05151/EXECUTE/CATALOG UTIL.BP W_SERVICE.DATAMAP_LIST/20210221-165610970-75bcf4e4bccf4/CATALOG UTIL.BP W_SERVICE.DATAMAP_LIST//BCC/root@DEV
16:56:13.05155/EXECUTE/SELECT UTIL.CONFIG LIKE siena_data....list TO 1/20210221-165613973-7bcb3d3720cd4/SELECT UTIL.CONFIG LIKE siena_data....list TO 1//U_TEST/root@DEV
16:57:10.05167/EXECUTE/FORMAT UTIL.BP W_SERVICE.DATAMAP_LIST/20210221-165710030-dca3c42ef4864/FORMAT UTIL.BP W_SERVICE.DATAMAP_LIST//BCC/root@DEV
16:57:10.05168/EXECUTE/BASIC UTIL.BP W_SERVICE.DATAMAP_LIST/20210221-165710030-07a57adc4f234/BASIC UTIL.BP W_SERVICE.DATAMAP_LIST//BCC/root@DEV
16:57:10.05169/EXECUTE/CATALOG UTIL.BP W_SERVICE.DATAMAP_LIST/20210221-165710030-c52927ee28434/CATALOG UTIL.BP W_SERVICE.DATAMAP_LIST//BCC/root@DEV
16:57:12.05173/EXECUTE/SELECT UTIL.CONFIG LIKE siena_data....list TO 1/20210221-165712032-f18ebe071b494/SELECT UTIL.CONFIG LIKE siena_data....list TO 1//U_TEST/root@DEV
17:03:41.05185/EXECUTE/FORMAT UTIL.BP W_SERVICE.DATAMAP_LIST/20210221-170341421-2e7ada1150664/FORMAT UTIL.BP W_SERVICE.DATAMAP_LIST//BCC/root@DEV
17:03:41.05186/EXECUTE/BASIC UTIL.BP W_SERVICE.DATAMAP_LIST/20210221-170341421-1b599de18b7e4/BASIC UTIL.BP W_SERVICE.DATAMAP_LIST//BCC/root@DEV
17:03:41.05187/EXECUTE/CATALOG UTIL.BP W_SERVICE.DATAMAP_LIST/20210221-170341421-c37948b64ec34/CATALOG UTIL.BP W_SERVICE.DATAMAP_LIST//BCC/root@DEV
17:03:43.05191/EXECUTE/SELECT UTIL.CONFIG LIKE siena_data....list TO 1/20210221-170343423-c12f19f9276e4/SELECT UTIL.CONFIG LIKE siena_data....list TO 1//U_TEST/root@DEV
17:04:17.05205/EXECUTE/SELECT UTIL.CONFIG LIKE siena_data....list TO 1/20210221-170417457-ccbadf240ac54/SELECT UTIL.CONFIG LIKE siena_data....list TO 1//U_TEST/root@DEV
17:05:56.05217/EXECUTE/FORMAT UTIL.BP W_SERVICE.DATAMAP_LIST/20210221-170556556-8364d6b99efb4/FORMAT UTIL.BP W_SERVICE.DATAMAP_LIST//BCC/root@DEV
17:05:56.05218/EXECUTE/BASIC UTIL.BP W_SERVICE.DATAMAP_LIST/20210221-170556556-f3a3721cd6474/BASIC UTIL.BP W_SERVICE.DATAMAP_LIST//BCC/root@DEV
17:05:56.05219/EXECUTE/CATALOG UTIL.BP W_SERVICE.DATAMAP_LIST/20210221-170556556-bb6d282e49af4/CATALOG UTIL.BP W_SERVICE.DATAMAP_LIST//BCC/root@DEV
17:05:58.05223/EXECUTE/SELECT UTIL.CONFIG LIKE siena_data....list TO 1/20210221-170558558-6712cf7c4cba4/SELECT UTIL.CONFIG LIKE siena_data....list TO 1//U_TEST/root@DEV
17:06:34.05235/EXECUTE/FORMAT UTIL.BP W_SERVICE.DATAMAP_LIST/20210221-170634594-c46fc72bb8af4/FORMAT UTIL.BP W_SERVICE.DATAMAP_LIST//BCC/root@DEV
17:06:34.05236/EXECUTE/BASIC UTIL.BP W_SERVICE.DATAMAP_LIST/20210221-170634594-42a50d410c874/BASIC UTIL.BP W_SERVICE.DATAMAP_LIST//BCC/root@DEV
17:06:34.05237/EXECUTE/CATALOG UTIL.BP W_SERVICE.DATAMAP_LIST/20210221-170634594-1c02d4a6809f4/CATALOG UTIL.BP W_SERVICE.DATAMAP_LIST//BCC/root@DEV
17:06:37.05241/EXECUTE/SELECT UTIL.CONFIG LIKE siena_data....list TO 1/20210221-170637597-b75fa6ae4ea34/SELECT UTIL.CONFIG LIKE siena_data....list TO 1//U_TEST/root@DEV
17:07:33.05253/EXECUTE/FORMAT UTIL.BP W_SERVICE.DATAMAP_LIST/20210221-170733653-cb0c8e9a2d264/FORMAT UTIL.BP W_SERVICE.DATAMAP_LIST//BCC/root@DEV
17:07:33.05254/EXECUTE/BASIC UTIL.BP W_SERVICE.DATAMAP_LIST/20210221-170733653-9d269534b2324/BASIC UTIL.BP W_SERVICE.DATAMAP_LIST//BCC/root@DEV
17:07:33.05255/EXECUTE/CATALOG UTIL.BP W_SERVICE.DATAMAP_LIST/20210221-170733653-aa11a8263a494/CATALOG UTIL.BP W_SERVICE.DATAMAP_LIST//BCC/root@DEV
17:07:34.05259/EXECUTE/SELECT UTIL.CONFIG LIKE siena_data....list TO 1/20210221-170734654-13d49d1189cd4/SELECT UTIL.CONFIG LIKE siena_data....list TO 1//U_TEST/root@DEV
17:08:33.05273/EXECUTE/SELECT UTIL.CONFIG LIKE siena_data....list TO 1/20210221-170833713-2fb158b978364/SELECT UTIL.CONFIG LIKE siena_data....list TO 1//U_TEST/root@DEV
17:09:36.05287/EXECUTE/SELECT UTIL.CONFIG LIKE siena_data....list TO 1/20210221-170936776-b6398f83c0674/SELECT UTIL.CONFIG LIKE siena_data....list TO 1//U_TEST/root@DEV
17:09:39.05299/EXECUTE/FORMAT UTIL.BP W_SERVICE.DATAMAP_LIST/20210221-170939779-745115850d1b4/FORMAT UTIL.BP W_SERVICE.DATAMAP_LIST//BCC/root@DEV
17:09:39.05300/EXECUTE/BASIC UTIL.BP W_SERVICE.DATAMAP_LIST/20210221-170939779-4cd2fca4ef704/BASIC UTIL.BP W_SERVICE.DATAMAP_LIST//BCC/root@DEV
17:09:39.05301/EXECUTE/CATALOG UTIL.BP W_SERVICE.DATAMAP_LIST/20210221-170939779-d9745d8c66884/CATALOG UTIL.BP W_SERVICE.DATAMAP_LIST//BCC/root@DEV
17:09:41.05305/EXECUTE/SELECT UTIL.CONFIG LIKE siena_data....list TO 1/20210221-170941781-b619233eeb564/SELECT UTIL.CONFIG LIKE siena_data....list TO 1//U_TEST/root@DEV
17:10:38.05317/EXECUTE/FORMAT UTIL.BP W_SERVICE.DATAMAP_LIST/20210221-171038838-600149ef574d4/FORMAT UTIL.BP W_SERVICE.DATAMAP_LIST//BCC/root@DEV
17:10:38.05318/EXECUTE/BASIC UTIL.BP W_SERVICE.DATAMAP_LIST/20210221-171038838-47807d0290fa4/BASIC UTIL.BP W_SERVICE.DATAMAP_LIST//BCC/root@DEV
17:10:38.05319/EXECUTE/CATALOG UTIL.BP W_SERVICE.DATAMAP_LIST/20210221-171038838-30d7053b6a694/CATALOG UTIL.BP W_SERVICE.DATAMAP_LIST//BCC/root@DEV
17:10:41.05323/EXECUTE/SELECT UTIL.CONFIG LIKE siena_data....list TO 1/20210221-171041841-97da1db68a544/SELECT UTIL.CONFIG LIKE siena_data....list TO 1//U_TEST/root@DEV
17:17:13.05335/EXECUTE/FORMAT UTIL.BP W_SERVICE.DATAMAP_LIST/20210221-171713233-820c853326224/FORMAT UTIL.BP W_SERVICE.DATAMAP_LIST//BCC/root@DEV
17:17:13.05336/EXECUTE/BASIC UTIL.BP W_SERVICE.DATAMAP_LIST/20210221-171713233-76ce06032e754/BASIC UTIL.BP W_SERVICE.DATAMAP_LIST//BCC/root@DEV
17:17:13.05337/EXECUTE/CATALOG UTIL.BP W_SERVICE.DATAMAP_LIST/20210221-171713233-33767c5058674/CATALOG UTIL.BP W_SERVICE.DATAMAP_LIST//BCC/root@DEV
17:17:15.05341/EXECUTE/SELECT UTIL.CONFIG LIKE siena_data....list TO 1/20210221-171715235-e88e4354e0ed4/SELECT UTIL.CONFIG LIKE siena_data....list TO 1//U_TEST/root@DEV
17:18:02.05353/EXECUTE/FORMAT UTIL.BP W_SERVICE.DATAMAP_LIST/20210221-171802282-6ac4ec361aa04/FORMAT UTIL.BP W_SERVICE.DATAMAP_LIST//BCC/root@DEV
17:18:02.05354/EXECUTE/BASIC UTIL.BP W_SERVICE.DATAMAP_LIST/20210221-171802282-902b43a929bb4/BASIC UTIL.BP W_SERVICE.DATAMAP_LIST//BCC/root@DEV
17:18:02.05355/EXECUTE/CATALOG UTIL.BP W_SERVICE.DATAMAP_LIST/20210221-171802282-60809995d43c4/CATALOG UTIL.BP W_SERVICE.DATAMAP_LIST//BCC/root@DEV
17:18:04.05359/EXECUTE/SELECT UTIL.CONFIG LIKE siena_data....list TO 1/20210221-171804284-831f10f10c954/SELECT UTIL.CONFIG LIKE siena_data....list TO 1//U_TEST/root@DEV
17:19:04.05371/EXECUTE/FORMAT UTIL.BP W_SERVICE.DATAMAP_LIST/20210221-171904344-3369eebd6e7a4/FORMAT UTIL.BP W_SERVICE.DATAMAP_LIST//BCC/root@DEV
17:19:04.05372/EXECUTE/BASIC UTIL.BP W_SERVICE.DATAMAP_LIST/20210221-171904344-a1032e8e77454/BASIC UTIL.BP W_SERVICE.DATAMAP_LIST//BCC/root@DEV
17:19:04.05373/EXECUTE/CATALOG UTIL.BP W_SERVICE.DATAMAP_LIST/20210221-171904344-79d44f27c8424/CATALOG UTIL.BP W_SERVICE.DATAMAP_LIST//BCC/root@DEV
17:19:06.05377/EXECUTE/SELECT UTIL.CONFIG LIKE siena_data....list TO 1/20210221-171906346-67ba05a0be9d4/SELECT UTIL.CONFIG LIKE siena_data....list TO 1//U_TEST/root@DEV
17:19:53.05389/EXECUTE/FORMAT UTIL.BP W_SERVICE.DATAMAP_LIST/20210221-171953393-91729f477fff4/FORMAT UTIL.BP W_SERVICE.DATAMAP_LIST//BCC/root@DEV
17:19:53.05390/EXECUTE/BASIC UTIL.BP W_SERVICE.DATAMAP_LIST/20210221-171953393-567fb6b33a2d4/BASIC UTIL.BP W_SERVICE.DATAMAP_LIST//BCC/root@DEV
17:19:53.05391/EXECUTE/CATALOG UTIL.BP W_SERVICE.DATAMAP_LIST/20210221-171953393-15d41cd1d1fc4/CATALOG UTIL.BP W_SERVICE.DATAMAP_LIST//BCC/root@DEV
17:19:56.05395/EXECUTE/SELECT UTIL.CONFIG LIKE siena_data....list TO 1/20210221-171956396-b1c6e78265934/SELECT UTIL.CONFIG LIKE siena_data....list TO 1//U_TEST/root@DEV
17:21:09.05407/EXECUTE/FORMAT UTIL.BP U_TEST NOPAGE/20210221-172109469-3554dbba4f654/FORMAT UTIL.BP U_TEST NOPAGE//BCC/root@DEV
17:21:09.05408/EXECUTE/BASIC UTIL.BP U_TEST NOPAGE/20210221-172109469-e9b4c7b742454/BASIC UTIL.BP U_TEST NOPAGE//BCC/root@DEV
17:21:09.05409/EXECUTE/CATALOG UTIL.BP U_TEST NOPAGE/20210221-172109469-e49aaa28f7094/CATALOG UTIL.BP U_TEST NOPAGE//BCC/root@DEV
17:21:13.05413/EXECUTE/SELECT UTIL.CONFIG LIKE siena_data....list TO 1/20210221-172113473-5fd1fccb76aa4/SELECT UTIL.CONFIG LIKE siena_data....list TO 1//U_TEST/root@DEV
17:23:08.05425/EXECUTE/FORMAT UTIL.BP U_TEST NOPAGE/20210221-172308588-69fa86d442374/FORMAT UTIL.BP U_TEST NOPAGE//BCC/root@DEV
17:23:08.05426/EXECUTE/BASIC UTIL.BP U_TEST NOPAGE/20210221-172308588-9c13da2e63e34/BASIC UTIL.BP U_TEST NOPAGE//BCC/root@DEV
17:23:08.05427/EXECUTE/CATALOG UTIL.BP U_TEST NOPAGE/20210221-172308588-3d3527ab35e64/CATALOG UTIL.BP U_TEST NOPAGE//BCC/root@DEV
17:23:10.05431/EXECUTE/SELECT UTIL.CONFIG LIKE siena_data....list TO 1/20210221-172310590-9744183b7d9c4/SELECT UTIL.CONFIG LIKE siena_data....list TO 1//U_TEST/root@DEV
17:24:56.05457/EXECUTE/SELECT UTIL.CONFIG LIKE siena_data....list TO 1/20210221-172456696-cc3eee7518e34/SELECT UTIL.CONFIG LIKE siena_data....list TO 1//U_TEST/root@DEV
17:26:54.05482/EXECUTE/"SORT UTIL.LOG.EVENT BY TIME TIME CMD ELAPSED SESSIONTOKEN SESSIONUSER CSV CMD WITH 1 EQ ""WCT_REQUEST"" ID-SUPP"/20210221-172654814-56d5dd66d28a4/"SORT UTIL.LOG.EVENT BY TIME TIME CMD ELAPSED SESSIONTOKEN SESSIONUSER CSV CMD WITH 1 EQ ""WCT_REQUEST"" ID-SUPP"//REPORT.DO/root@DEV
17:27:22.05487/EXECUTE/"SORT UTIL.LOG.EVENT BY TIME TIME CMD ELAPSED SESSIONTOKEN SESSIONUSER CSV CMD WITH 1 EQ ""WCT_REQUEST"" ID-SUPP"/20210221-172722842-521d17558f714/"SORT UTIL.LOG.EVENT BY TIME TIME CMD ELAPSED SESSIONTOKEN SESSIONUSER CSV CMD WITH 1 EQ ""WCT_REQUEST"" ID-SUPP"//REPORT.DO/root@DEV
17:29:04.05492/EXECUTE/SORT UTIL.LOG.EVENT BY DATE BY TIME EVENT SUBR MSG CMD ELAPSED ID-SUPP CSV //20210221-172904944-23c63c6992614/SORT UTIL.LOG.EVENT BY DATE BY TIME EVENT SUBR MSG CMD ELAPSED ID-SUPP CSV ///REPORT.DO/root@DEV
17:29:30.05497/EXECUTE/SORT UTIL.LOG.EVENT BY TIME TIME CMD ELAPSED SESSIONTOKEN SESSIONUSER CSV CMD ID-SUPP NOPAGE/20210221-172930970-fd158b0425c24/SORT UTIL.LOG.EVENT BY TIME TIME CMD ELAPSED SESSIONTOKEN SESSIONUSER CSV CMD ID-SUPP NOPAGE//REPORT.DO/root@DEV
17:29:59.05502/EXECUTE/SORT UTIL.LOG.EVENT BY TIME TIME 2 CMD ELAPSED SESSIONTOKEN SESSIONUSER CSV CMD ID-SUPP NOPAGE/20210221-172959999-6350e7299db84/SORT UTIL.LOG.EVENT BY TIME TIME 2 CMD ELAPSED SESSIONTOKEN SESSIONUSER CSV CMD ID-SUPP NOPAGE//REPORT.DO/root@DEV
17:30:13.05505/EXECUTE/SORT UTIL.LOG.EVENT BY TIME TIME 4 CMD ELAPSED SESSIONTOKEN SESSIONUSER CSV CMD ID-SUPP NOPAGE/20210221-173013013-2e237d606de64/SORT UTIL.LOG.EVENT BY TIME TIME 4 CMD ELAPSED SESSIONTOKEN SESSIONUSER CSV CMD ID-SUPP NOPAGE//REPORT.DO/root@DEV
17:31:06.05508/EXECUTE/SORT UTIL.LOG.EVENT BY TIME TIME EVENT MSG ID CMD ELAPSED SESSIONTOKEN SESSIONUSER CSV ID-SUPP NOPAGE/20210221-173106066-1bde7682c4824/SORT UTIL.LOG.EVENT BY TIME TIME EVENT MSG ID CMD ELAPSED SESSIONTOKEN SESSIONUSER CSV ID-SUPP NOPAGE//REPORT.DO/root@DEV
17:32:09.05513/EXECUTE/SORT UTIL.LOG.EVENT BY TIME TIME EVENT MSG ID CMD ELAPSED SESSIONTOKEN SESSIONUSER CSV / ID-SUPP NOPAGE/20210221-173209129-bc858e4b838f4/SORT UTIL.LOG.EVENT BY TIME TIME EVENT MSG ID CMD ELAPSED SESSIONTOKEN SESSIONUSER CSV / ID-SUPP NOPAGE//REPORT.DO/root@DEV
17:32:49.05516/EXECUTE/"SORT UTIL.LOG.EVENT BY TIME TIME EVENT MSG ID CMD ELAPSED SESSIONTOKEN SESSIONUSER CSV / WITH 1 UNLIKE ""BEGIN"" ID-SUPP NOPAGE"/20210221-173249169-4e76b06f259d4/"SORT UTIL.LOG.EVENT BY TIME TIME EVENT MSG ID CMD ELAPSED SESSIONTOKEN SESSIONUSER CSV / WITH 1 UNLIKE ""BEGIN"" ID-SUPP NOPAGE"//REPORT.DO/root@DEV
174 record(s) listed
'.keep' not found
