[H[JLIST UTIL.LOG.EVENT WITH 1 EQ 'TIMING' BY 2 BY 3 24 21 16 2 3 ID-SUPP                                                                          Page 1
THREAD........................   ELAPSED.............   HOST................   DATE....   TIME........
U_CLEARFILES                     00.00.02               mercury.local          20210208   10:42:32.858
                                                                                          15
W_SERVICE.DO                     00.00.01               mercury.local          20210208   10:48:12.860
                                                                                          87
REPORT.DO                        00.00.01               mercury.local          20210208   11:02:13.860
                                                                                          91
REPORT.DO                        00.00.01               mercury.local          20210208   11:02:13.860
                                                                                          92

4 record(s) listed
'.keep' not found
