EVENT/SUBR/MSG/CMD/ELAPSED
[H[JEXECUTE/U_OS.EXECUTE/CLEAR-FILE DATA UTIL.LOG.EVENT/CLEAR-FILE DATA UTIL.LOG.EVENT/
EXECUTE/U_OS.EXECUTE/CLEAR-FILE DATA UTIL.WORKFILE/CLEAR-FILE DATA UTIL.WORKFILE/
EXECUTE/U_OS.EXECUTE/CLEAR-FILE DATA UTIL.WCT.RESP/CLEAR-FILE DATA UTIL.WCT.RESP/
EXECUTE/U_OS.EXECUTE/CLEAR-FILE DATA UTIL.WCT.RECV/CLEAR-FILE DATA UTIL.WCT.RECV/
EXECUTE/U_OS.EXECUTE/CLEAR-FILE DATA UTIL.WCT.TOKENS/CLEAR-FILE DATA UTIL.WCT.TOKENS/
EXECUTE/U_OS.EXECUTE/CLEAR-FILE DATA LOGS/CLEAR-FILE DATA LOGS/
EXECUTE/U_OS.EXECUTE/SELECT UTIL.CONFIG LIKE clear.nopage.properties/SELECT UTIL.CONFIG LIKE clear.nopage.properties/
TIMING/U_STOP/U_CLEARFILES//00.00.01
EXECUTE/U_OS.EXECUTE/U_CLEARFILES WCT NOPAGE/U_CLEARFILES WCT NOPAGE/
WCT_REQUEST/W_SERVICE.DO/"""{""wctRequest"":{""appToken"":""133ae0e051744715b9a70ee75e46c0a8"",""sessionToken"":"""",""requestID"":""82efbd12-5294-4ef5-9f45-8e2ddee57486"",""requestAction"":""!U_CLEARFILES"",""requestItem"":""WCT"",""requestParameters"":""NOPAGE"",""uniqueID"":""authorAdjust"",""requestResponseFormat"":""json"",""requestData"":""""}}"""/!U_CLEARFILES WCT NOPAGE/
EXECUTE/U_OS.EXECUTE/"SELECT UTIL.WCT.RECV WITH @ID UNLIKE "".keep"" TO 1"/"SELECT UTIL.WCT.RECV WITH @ID UNLIKE "".keep"" TO 1"/
WCT_REQUEST/W_SERVICE.DO/"""{""wctRequest"":{""appToken"":""133ae0e051744715b9a70ee75e46c0a8"",""sessionToken"":"""",""requestID"":""f7985062-5c5c-4635-9d99-75eac64b690b"",""requestAction"":""SERVICES"",""requestItem"":"""",""requestParameters"":"""",""uniqueID"":""authorAdjust"",""requestResponseFormat"":""json"",""requestData"":""""}}"""/SERVICES  /
EXECUTE/U_OS.EXECUTE/"SELECT UTIL.WCT.RECV WITH @ID UNLIKE "".keep"" TO 1"/"SELECT UTIL.WCT.RECV WITH @ID UNLIKE "".keep"" TO 1"/
BEGIN/U_START/JOB.DO//
BEGIN/U_START/U_JOB.DO.HELPER//
ACT-START/U_START/SIENA.BUILD.SERVICE.CATALOG.HELPER//
TIMING/U_STOP/U_BUILD.SERVICE.CATALOG//00.00.00
EXECUTE/U_OS.EXECUTE/JOB.DO BUILD.SERVICE.CATALOG NOPAGE/JOB.DO BUILD.SERVICE.CATALOG NOPAGE/
WCT_REQUEST/W_SERVICE.DO/"""{""wctRequest"":{""appToken"":""133ae0e051744715b9a70ee75e46c0a8"",""sessionToken"":"""",""requestID"":""fbbd6f16-3353-42d2-90a6-abb1657b9ce0"",""requestAction"":""JOB.DO"",""requestItem"":""BUILD.SERVICE.CATALOG"",""requestParameters"":""NOPAGE"",""uniqueID"":""authorAdjust"",""requestResponseFormat"":""json"",""requestData"":""""}}"""/JOB.DO BUILD.SERVICE.CATALOG NOPAGE/
TIMING/U_STOP/W_SERVICE.DO//00.02.23
BEGIN/U_START/BCC//
EXECUTE/U_OS.EXECUTE/FORMAT UTIL.BP U_TEST/FORMAT UTIL.BP U_TEST/
EXECUTE/U_OS.EXECUTE/BASIC UTIL.BP U_TEST/BASIC UTIL.BP U_TEST/
EXECUTE/U_OS.EXECUTE/CATALOG UTIL.BP U_TEST/CATALOG UTIL.BP U_TEST/
BEGIN/U_START/BCC//
EXECUTE/U_OS.EXECUTE/FORMAT UTIL.BP U_TEST/FORMAT UTIL.BP U_TEST/
EXECUTE/U_OS.EXECUTE/BASIC UTIL.BP U_TEST/BASIC UTIL.BP U_TEST/
EXECUTE/U_OS.EXECUTE/CATALOG UTIL.BP U_TEST/CATALOG UTIL.BP U_TEST/
BEGIN/U_START/U_TEST//
BEGIN/U_START/BCC//
EXECUTE/U_OS.EXECUTE/FORMAT UTIL.BP U_TEST/FORMAT UTIL.BP U_TEST/
EXECUTE/U_OS.EXECUTE/BASIC UTIL.BP U_TEST/BASIC UTIL.BP U_TEST/
EXECUTE/U_OS.EXECUTE/CATALOG UTIL.BP U_TEST/CATALOG UTIL.BP U_TEST/
BEGIN/U_START/U_TEST//
BEGIN/U_START/BCC//
BEGIN/U_START/BCC//
EXECUTE/U_OS.EXECUTE/FORMAT UTIL.BP W_SERVICE.ENVIRONMENT/FORMAT UTIL.BP W_SERVICE.ENVIRONMENT/
EXECUTE/U_OS.EXECUTE/BASIC UTIL.BP W_SERVICE.ENVIRONMENT/BASIC UTIL.BP W_SERVICE.ENVIRONMENT/
EXECUTE/U_OS.EXECUTE/CATALOG UTIL.BP W_SERVICE.ENVIRONMENT/CATALOG UTIL.BP W_SERVICE.ENVIRONMENT/
BEGIN/U_START/U_TEST//
BEGIN/U_START/BCC//
EXECUTE/U_OS.EXECUTE/FORMAT UTIL.BP U_TEST/FORMAT UTIL.BP U_TEST/
EXECUTE/U_OS.EXECUTE/BASIC UTIL.BP U_TEST/BASIC UTIL.BP U_TEST/
EXECUTE/U_OS.EXECUTE/CATALOG UTIL.BP U_TEST/CATALOG UTIL.BP U_TEST/
BEGIN/U_START/U_TEST//
BEGIN/U_START/BCC//
EXECUTE/U_OS.EXECUTE/FORMAT UTIL.BP U_TEST/FORMAT UTIL.BP U_TEST/
EXECUTE/U_OS.EXECUTE/BASIC UTIL.BP U_TEST/BASIC UTIL.BP U_TEST/
EXECUTE/U_OS.EXECUTE/CATALOG UTIL.BP U_TEST/CATALOG UTIL.BP U_TEST/
BEGIN/U_START/U_TEST//
BEGIN/U_START/U_TEST//
BEGIN/U_START/BCC//
EXECUTE/U_OS.EXECUTE/FORMAT UTIL.BP W_SERVICE.DATAMAP/FORMAT UTIL.BP W_SERVICE.DATAMAP/
EXECUTE/U_OS.EXECUTE/BASIC UTIL.BP W_SERVICE.DATAMAP/BASIC UTIL.BP W_SERVICE.DATAMAP/
EXECUTE/U_OS.EXECUTE/CATALOG UTIL.BP W_SERVICE.DATAMAP/CATALOG UTIL.BP W_SERVICE.DATAMAP/
BEGIN/U_START/BCC//
EXECUTE/U_OS.EXECUTE/FORMAT UTIL.BP W_SERVICE.DATAMAP/FORMAT UTIL.BP W_SERVICE.DATAMAP/
EXECUTE/U_OS.EXECUTE/BASIC UTIL.BP W_SERVICE.DATAMAP/BASIC UTIL.BP W_SERVICE.DATAMAP/
EXECUTE/U_OS.EXECUTE/CATALOG UTIL.BP W_SERVICE.DATAMAP/CATALOG UTIL.BP W_SERVICE.DATAMAP/
BEGIN/U_START/BCC//
EXECUTE/U_OS.EXECUTE/FORMAT UTIL.BP U_TEST/FORMAT UTIL.BP U_TEST/
EXECUTE/U_OS.EXECUTE/BASIC UTIL.BP U_TEST/BASIC UTIL.BP U_TEST/
EXECUTE/U_OS.EXECUTE/CATALOG UTIL.BP U_TEST/CATALOG UTIL.BP U_TEST/
BEGIN/U_START/U_TEST//
BEGIN/U_START/W_SERVICE.DATAMAP//
TIMING/U_STOP/W_SERVICE.DATAMAP//00.00.00
BEGIN/U_START/BCC//
EXECUTE/U_OS.EXECUTE/FORMAT UTIL.BP U_IO.GET.LIST/FORMAT UTIL.BP U_IO.GET.LIST/
EXECUTE/U_OS.EXECUTE/BASIC UTIL.BP U_IO.GET.LIST/BASIC UTIL.BP U_IO.GET.LIST/
EXECUTE/U_OS.EXECUTE/CATALOG UTIL.BP U_IO.GET.LIST/CATALOG UTIL.BP U_IO.GET.LIST/
BEGIN/U_START/U_TEST//
BEGIN/U_START/W_SERVICE.DATAMAP//
TIMING/U_STOP/W_SERVICE.DATAMAP//00.00.00
BEGIN/U_START/U_TEST//
BEGIN/U_START/W_SERVICE.DATAMAP//
BEGIN/U_START/BCC//
EXECUTE/U_OS.EXECUTE/FORMAT UTIL.BP W_SERVICE.DATAMAP_VIEW/FORMAT UTIL.BP W_SERVICE.DATAMAP_VIEW/
EXECUTE/U_OS.EXECUTE/BASIC UTIL.BP W_SERVICE.DATAMAP_VIEW/BASIC UTIL.BP W_SERVICE.DATAMAP_VIEW/
EXECUTE/U_OS.EXECUTE/CATALOG UTIL.BP W_SERVICE.DATAMAP_VIEW/CATALOG UTIL.BP W_SERVICE.DATAMAP_VIEW/
BEGIN/U_START/U_TEST//
BEGIN/U_START/W_SERVICE.DATAMAP//
BEGIN/U_START/W_SERVICE.DATAMAP_VIEW//
BEGIN/U_START/BCC//
EXECUTE/U_OS.EXECUTE/FORMAT UTIL.BP W_SERVICE.DATAMAP_VIEW/FORMAT UTIL.BP W_SERVICE.DATAMAP_VIEW/
EXECUTE/U_OS.EXECUTE/BASIC UTIL.BP W_SERVICE.DATAMAP_VIEW/BASIC UTIL.BP W_SERVICE.DATAMAP_VIEW/
EXECUTE/U_OS.EXECUTE/CATALOG UTIL.BP W_SERVICE.DATAMAP_VIEW/CATALOG UTIL.BP W_SERVICE.DATAMAP_VIEW/
BEGIN/U_START/U_TEST//
BEGIN/U_START/W_SERVICE.DATAMAP//
BEGIN/U_START/W_SERVICE.DATAMAP_VIEW//
BEGIN/U_START/BCC//
EXECUTE/U_OS.EXECUTE/FORMAT UTIL.BP W_SERVICE.DATAMAP_VIEW/FORMAT UTIL.BP W_SERVICE.DATAMAP_VIEW/
EXECUTE/U_OS.EXECUTE/BASIC UTIL.BP W_SERVICE.DATAMAP_VIEW/BASIC UTIL.BP W_SERVICE.DATAMAP_VIEW/
EXECUTE/U_OS.EXECUTE/CATALOG UTIL.BP W_SERVICE.DATAMAP_VIEW/CATALOG UTIL.BP W_SERVICE.DATAMAP_VIEW/
BEGIN/U_START/U_TEST//
BEGIN/U_START/W_SERVICE.DATAMAP//
BEGIN/U_START/W_SERVICE.DATAMAP_VIEW//
BEGIN/U_START/BCC//
EXECUTE/U_OS.EXECUTE/FORMAT UTIL.BP W_SERVICE.DATAMAP_VIEW/FORMAT UTIL.BP W_SERVICE.DATAMAP_VIEW/
EXECUTE/U_OS.EXECUTE/BASIC UTIL.BP W_SERVICE.DATAMAP_VIEW/BASIC UTIL.BP W_SERVICE.DATAMAP_VIEW/
EXECUTE/U_OS.EXECUTE/CATALOG UTIL.BP W_SERVICE.DATAMAP_VIEW/CATALOG UTIL.BP W_SERVICE.DATAMAP_VIEW/
BEGIN/U_START/BCC//
EXECUTE/U_OS.EXECUTE/FORMAT UTIL.BP W_SERVICE.DATAMAP_VIEW/FORMAT UTIL.BP W_SERVICE.DATAMAP_VIEW/
EXECUTE/U_OS.EXECUTE/BASIC UTIL.BP W_SERVICE.DATAMAP_VIEW/BASIC UTIL.BP W_SERVICE.DATAMAP_VIEW/
EXECUTE/U_OS.EXECUTE/CATALOG UTIL.BP W_SERVICE.DATAMAP_VIEW/CATALOG UTIL.BP W_SERVICE.DATAMAP_VIEW/
BEGIN/U_START/U_TEST//
BEGIN/U_START/W_SERVICE.DATAMAP//
BEGIN/U_START/W_SERVICE.DATAMAP_VIEW//
TIMING/U_STOP/W_SERVICE.DATAMAP_VIEW//00.00.00
TIMING/U_STOP/W_SERVICE.DATAMAP//00.00.00
BEGIN/U_START/BCC//
EXECUTE/U_OS.EXECUTE/FORMAT UTIL.BP W_SERVICE.DATAMAP_VIEW/FORMAT UTIL.BP W_SERVICE.DATAMAP_VIEW/
EXECUTE/U_OS.EXECUTE/BASIC UTIL.BP W_SERVICE.DATAMAP_VIEW/BASIC UTIL.BP W_SERVICE.DATAMAP_VIEW/
EXECUTE/U_OS.EXECUTE/CATALOG UTIL.BP W_SERVICE.DATAMAP_VIEW/CATALOG UTIL.BP W_SERVICE.DATAMAP_VIEW/
BEGIN/U_START/U_TEST//
BEGIN/U_START/W_SERVICE.DATAMAP//
BEGIN/U_START/W_SERVICE.DATAMAP_VIEW//
TIMING/U_STOP/W_SERVICE.DATAMAP_VIEW//00.00.00
TIMING/U_STOP/W_SERVICE.DATAMAP//00.00.00
BEGIN/U_START/BCC//
EXECUTE/U_OS.EXECUTE/FORMAT UTIL.BP W_SERVICE.DATAMAP_VIEW/FORMAT UTIL.BP W_SERVICE.DATAMAP_VIEW/
EXECUTE/U_OS.EXECUTE/BASIC UTIL.BP W_SERVICE.DATAMAP_VIEW/BASIC UTIL.BP W_SERVICE.DATAMAP_VIEW/
EXECUTE/U_OS.EXECUTE/CATALOG UTIL.BP W_SERVICE.DATAMAP_VIEW/CATALOG UTIL.BP W_SERVICE.DATAMAP_VIEW/
BEGIN/U_START/U_TEST//
BEGIN/U_START/W_SERVICE.DATAMAP//
BEGIN/U_START/W_SERVICE.DATAMAP_VIEW//
TIMING/U_STOP/W_SERVICE.DATAMAP_VIEW//00.00.00
TIMING/U_STOP/W_SERVICE.DATAMAP//00.00.00
BEGIN/U_START/BCC//
EXECUTE/U_OS.EXECUTE/FORMAT UTIL.BP W_SERVICE.DATAMAP_VIEW/FORMAT UTIL.BP W_SERVICE.DATAMAP_VIEW/
EXECUTE/U_OS.EXECUTE/BASIC UTIL.BP W_SERVICE.DATAMAP_VIEW/BASIC UTIL.BP W_SERVICE.DATAMAP_VIEW/
EXECUTE/U_OS.EXECUTE/CATALOG UTIL.BP W_SERVICE.DATAMAP_VIEW/CATALOG UTIL.BP W_SERVICE.DATAMAP_VIEW/
BEGIN/U_START/U_TEST//
BEGIN/U_START/W_SERVICE.DATAMAP//
BEGIN/U_START/W_SERVICE.DATAMAP_VIEW//
TIMING/U_STOP/W_SERVICE.DATAMAP_VIEW//00.00.00
TIMING/U_STOP/W_SERVICE.DATAMAP//00.00.00
BEGIN/U_START/U_TEST//
BEGIN/U_START/W_SERVICE.DATAMAP//
BEGIN/U_START/W_SERVICE.DATAMAP_VIEW//
TIMING/U_STOP/W_SERVICE.DATAMAP_VIEW//00.00.00
TIMING/U_STOP/W_SERVICE.DATAMAP//00.00.00
BEGIN/U_START/BCC//
EXECUTE/U_OS.EXECUTE/FORMAT UTIL.BP W_SERVICE.DATAMAP_VIEW/FORMAT UTIL.BP W_SERVICE.DATAMAP_VIEW/
EXECUTE/U_OS.EXECUTE/BASIC UTIL.BP W_SERVICE.DATAMAP_VIEW/BASIC UTIL.BP W_SERVICE.DATAMAP_VIEW/
EXECUTE/U_OS.EXECUTE/CATALOG UTIL.BP W_SERVICE.DATAMAP_VIEW/CATALOG UTIL.BP W_SERVICE.DATAMAP_VIEW/
BEGIN/U_START/U_TEST//
BEGIN/U_START/W_SERVICE.DATAMAP//
BEGIN/U_START/W_SERVICE.DATAMAP_VIEW//
TIMING/U_STOP/W_SERVICE.DATAMAP_VIEW//00.00.00
TIMING/U_STOP/W_SERVICE.DATAMAP//00.00.00
BEGIN/U_START/U_TEST//
BEGIN/U_START/W_SERVICE.DATAMAP//
BEGIN/U_START/W_SERVICE.DATAMAP_VIEW//
TIMING/U_STOP/W_SERVICE.DATAMAP_VIEW//00.00.01
TIMING/U_STOP/W_SERVICE.DATAMAP//00.00.01
BEGIN/U_START/BCC//
EXECUTE/U_OS.EXECUTE/FORMAT UTIL.BP W_SERVICE.DATAMAP_VIEW/FORMAT UTIL.BP W_SERVICE.DATAMAP_VIEW/
EXECUTE/U_OS.EXECUTE/BASIC UTIL.BP W_SERVICE.DATAMAP_VIEW/BASIC UTIL.BP W_SERVICE.DATAMAP_VIEW/
EXECUTE/U_OS.EXECUTE/CATALOG UTIL.BP W_SERVICE.DATAMAP_VIEW/CATALOG UTIL.BP W_SERVICE.DATAMAP_VIEW/
BEGIN/U_START/U_TEST//
BEGIN/U_START/W_SERVICE.DATAMAP//
BEGIN/U_START/W_SERVICE.DATAMAP_VIEW//
TIMING/U_STOP/W_SERVICE.DATAMAP_VIEW//00.00.00
TIMING/U_STOP/W_SERVICE.DATAMAP//00.00.00
BEGIN/U_START/BCC//
EXECUTE/U_OS.EXECUTE/FORMAT UTIL.BP W_SERVICE.DATAMAP_VIEW/FORMAT UTIL.BP W_SERVICE.DATAMAP_VIEW/
EXECUTE/U_OS.EXECUTE/BASIC UTIL.BP W_SERVICE.DATAMAP_VIEW/BASIC UTIL.BP W_SERVICE.DATAMAP_VIEW/
EXECUTE/U_OS.EXECUTE/CATALOG UTIL.BP W_SERVICE.DATAMAP_VIEW/CATALOG UTIL.BP W_SERVICE.DATAMAP_VIEW/
BEGIN/U_START/U_TEST//
BEGIN/U_START/W_SERVICE.DATAMAP//
BEGIN/U_START/W_SERVICE.DATAMAP_VIEW//
TIMING/U_STOP/W_SERVICE.DATAMAP_VIEW//00.00.00
TIMING/U_STOP/W_SERVICE.DATAMAP//00.00.00
BEGIN/U_START/BCC//
EXECUTE/U_OS.EXECUTE/FORMAT UTIL.BP W_SERVICE.DATAMAP_VIEW/FORMAT UTIL.BP W_SERVICE.DATAMAP_VIEW/
EXECUTE/U_OS.EXECUTE/BASIC UTIL.BP W_SERVICE.DATAMAP_VIEW/BASIC UTIL.BP W_SERVICE.DATAMAP_VIEW/
EXECUTE/U_OS.EXECUTE/CATALOG UTIL.BP W_SERVICE.DATAMAP_VIEW/CATALOG UTIL.BP W_SERVICE.DATAMAP_VIEW/
BEGIN/U_START/U_TEST//
BEGIN/U_START/W_SERVICE.DATAMAP//
BEGIN/U_START/W_SERVICE.DATAMAP_VIEW//
TIMING/U_STOP/W_SERVICE.DATAMAP_VIEW//00.00.00
TIMING/U_STOP/W_SERVICE.DATAMAP//00.00.00
BEGIN/U_START/BCC//
EXECUTE/U_OS.EXECUTE/FORMAT UTIL.BP W_SERVICE.DATAMAP_VIEW/FORMAT UTIL.BP W_SERVICE.DATAMAP_VIEW/
EXECUTE/U_OS.EXECUTE/BASIC UTIL.BP W_SERVICE.DATAMAP_VIEW/BASIC UTIL.BP W_SERVICE.DATAMAP_VIEW/
EXECUTE/U_OS.EXECUTE/CATALOG UTIL.BP W_SERVICE.DATAMAP_VIEW/CATALOG UTIL.BP W_SERVICE.DATAMAP_VIEW/
BEGIN/U_START/U_TEST//
BEGIN/U_START/W_SERVICE.DATAMAP//
BEGIN/U_START/W_SERVICE.DATAMAP_VIEW//
BEGIN/U_START/BCC//
EXECUTE/U_OS.EXECUTE/FORMAT UTIL.BP W_SERVICE.DATAMAP_VIEW/FORMAT UTIL.BP W_SERVICE.DATAMAP_VIEW/
EXECUTE/U_OS.EXECUTE/BASIC UTIL.BP W_SERVICE.DATAMAP_VIEW/BASIC UTIL.BP W_SERVICE.DATAMAP_VIEW/
EXECUTE/U_OS.EXECUTE/CATALOG UTIL.BP W_SERVICE.DATAMAP_VIEW/CATALOG UTIL.BP W_SERVICE.DATAMAP_VIEW/
BEGIN/U_START/U_TEST//
BEGIN/U_START/W_SERVICE.DATAMAP//
BEGIN/U_START/W_SERVICE.DATAMAP_VIEW//
TIMING/U_STOP/W_SERVICE.DATAMAP_VIEW//00.00.00
TIMING/U_STOP/W_SERVICE.DATAMAP//00.00.00
BEGIN/U_START/BCC//
EXECUTE/U_OS.EXECUTE/FORMAT UTIL.BP U_TEST/FORMAT UTIL.BP U_TEST/
EXECUTE/U_OS.EXECUTE/BASIC UTIL.BP U_TEST/BASIC UTIL.BP U_TEST/
EXECUTE/U_OS.EXECUTE/CATALOG UTIL.BP U_TEST/CATALOG UTIL.BP U_TEST/
BEGIN/U_START/U_TEST//
BEGIN/U_START/W_SERVICE.DATAMAP//
BEGIN/U_START/W_SERVICE.DATAMAP_VIEW//
TIMING/U_STOP/W_SERVICE.DATAMAP_VIEW//00.00.00
TIMING/U_STOP/W_SERVICE.DATAMAP//00.00.00
BEGIN/U_START/W_SERVICE.DATAMAP//
BEGIN/U_START/W_SERVICE.DATAMAP_VIEW//
TIMING/U_STOP/W_SERVICE.DATAMAP_VIEW//00.00.04
TIMING/U_STOP/W_SERVICE.DATAMAP//00.00.04
BEGIN/U_START/U_TEST//
BEGIN/U_START/W_SERVICE.DATAMAP//
BEGIN/U_START/W_SERVICE.DATAMAP_VIEW//
TIMING/U_STOP/W_SERVICE.DATAMAP_VIEW//00.00.00
TIMING/U_STOP/W_SERVICE.DATAMAP//00.00.00
BEGIN/U_START/W_SERVICE.DATAMAP//
BEGIN/U_START/W_SERVICE.DATAMAP_VIEW//
TIMING/U_STOP/W_SERVICE.DATAMAP_VIEW//00.00.01
TIMING/U_STOP/W_SERVICE.DATAMAP//00.00.01
BEGIN/U_START/U_TEST//
BEGIN/U_START/W_SERVICE.DATAMAP//
BEGIN/U_START/W_SERVICE.DATAMAP_VIEW//
TIMING/U_STOP/W_SERVICE.DATAMAP_VIEW//00.00.00
TIMING/U_STOP/W_SERVICE.DATAMAP//00.00.00
BEGIN/U_START/W_SERVICE.DATAMAP//
BEGIN/U_START/W_SERVICE.DATAMAP_VIEW//
TIMING/U_STOP/W_SERVICE.DATAMAP_VIEW//00.00.00
TIMING/U_STOP/W_SERVICE.DATAMAP//00.00.00
BEGIN/U_START/BCC//
BEGIN/U_START/BCC//
BEGIN/U_START/BCC//
EXECUTE/U_OS.EXECUTE/FORMAT UTIL.BP W_SERVICE.DATAMAP_LIST/FORMAT UTIL.BP W_SERVICE.DATAMAP_LIST/
EXECUTE/U_OS.EXECUTE/BASIC UTIL.BP W_SERVICE.DATAMAP_LIST/BASIC UTIL.BP W_SERVICE.DATAMAP_LIST/
EXECUTE/U_OS.EXECUTE/CATALOG UTIL.BP W_SERVICE.DATAMAP_LIST/CATALOG UTIL.BP W_SERVICE.DATAMAP_LIST/
BEGIN/U_START/U_TEST//
BEGIN/U_START/W_SERVICE.DATAMAP//
BEGIN/U_START/W_SERVICE.DATAMAP_VIEW//
TIMING/U_STOP/W_SERVICE.DATAMAP_VIEW//00.00.00
TIMING/U_STOP/W_SERVICE.DATAMAP//00.00.00
BEGIN/U_START/W_SERVICE.DATAMAP//
BEGIN/U_START/W_SERVICE.DATAMAP_VIEW//
TIMING/U_STOP/W_SERVICE.DATAMAP_VIEW//00.00.17
TIMING/U_STOP/W_SERVICE.DATAMAP//00.00.17
BEGIN/U_START/BCC//
EXECUTE/U_OS.EXECUTE/FORMAT UTIL.BP U_TEST/FORMAT UTIL.BP U_TEST/
EXECUTE/U_OS.EXECUTE/BASIC UTIL.BP U_TEST/BASIC UTIL.BP U_TEST/
EXECUTE/U_OS.EXECUTE/CATALOG UTIL.BP U_TEST/CATALOG UTIL.BP U_TEST/
BEGIN/U_START/U_TEST//
BEGIN/U_START/W_SERVICE.DATAMAP//
BEGIN/U_START/W_SERVICE.DATAMAP_LIST//
EXECUTE/U_OS.EXECUTE/SELECT UTIL.CONFIG LIKE siena_data...list TO 1/SELECT UTIL.CONFIG LIKE siena_data...list TO 1/
TIMING/U_STOP/W_SERVICE.DATAMAP_LIST//00.00.00
TIMING/U_STOP/W_SERVICE.DATAMAP//00.00.00
BEGIN/U_START/W_SERVICE.DATAMAP//
BEGIN/U_START/W_SERVICE.DATAMAP_VIEW//
TIMING/U_STOP/W_SERVICE.DATAMAP_VIEW//00.00.00
TIMING/U_STOP/W_SERVICE.DATAMAP//00.00.00
BEGIN/U_START/W_SERVICE.DATAMAP//
BEGIN/U_START/W_SERVICE.DATAMAP_VIEW//
TIMING/U_STOP/W_SERVICE.DATAMAP_VIEW//00.00.00
TIMING/U_STOP/W_SERVICE.DATAMAP//00.00.00
BEGIN/U_START/BCC//
EXECUTE/U_OS.EXECUTE/FORMAT UTIL.BP W_SERVICE.DATAMAP_LIST/FORMAT UTIL.BP W_SERVICE.DATAMAP_LIST/
EXECUTE/U_OS.EXECUTE/BASIC UTIL.BP W_SERVICE.DATAMAP_LIST/BASIC UTIL.BP W_SERVICE.DATAMAP_LIST/
EXECUTE/U_OS.EXECUTE/CATALOG UTIL.BP W_SERVICE.DATAMAP_LIST/CATALOG UTIL.BP W_SERVICE.DATAMAP_LIST/
BEGIN/U_START/U_TEST//
BEGIN/U_START/W_SERVICE.DATAMAP//
BEGIN/U_START/W_SERVICE.DATAMAP_LIST//
EXECUTE/U_OS.EXECUTE/SELECT UTIL.CONFIG LIKE siena_data...list TO 1/SELECT UTIL.CONFIG LIKE siena_data...list TO 1/
TIMING/U_STOP/W_SERVICE.DATAMAP_LIST//00.00.00
TIMING/U_STOP/W_SERVICE.DATAMAP//00.00.00
BEGIN/U_START/W_SERVICE.DATAMAP//
BEGIN/U_START/W_SERVICE.DATAMAP_VIEW//
TIMING/U_STOP/W_SERVICE.DATAMAP_VIEW//00.00.00
TIMING/U_STOP/W_SERVICE.DATAMAP//00.00.00
BEGIN/U_START/W_SERVICE.DATAMAP//
BEGIN/U_START/W_SERVICE.DATAMAP_VIEW//
TIMING/U_STOP/W_SERVICE.DATAMAP_VIEW//00.00.00
TIMING/U_STOP/W_SERVICE.DATAMAP//00.00.00
BEGIN/U_START/BCC//
EXECUTE/U_OS.EXECUTE/FORMAT UTIL.BP W_SERVICE.DATAMAP_LIST/FORMAT UTIL.BP W_SERVICE.DATAMAP_LIST/
EXECUTE/U_OS.EXECUTE/BASIC UTIL.BP W_SERVICE.DATAMAP_LIST/BASIC UTIL.BP W_SERVICE.DATAMAP_LIST/
EXECUTE/U_OS.EXECUTE/CATALOG UTIL.BP W_SERVICE.DATAMAP_LIST/CATALOG UTIL.BP W_SERVICE.DATAMAP_LIST/
BEGIN/U_START/U_TEST//
BEGIN/U_START/W_SERVICE.DATAMAP//
BEGIN/U_START/W_SERVICE.DATAMAP_LIST//
EXECUTE/U_OS.EXECUTE/SELECT UTIL.CONFIG LIKE siena_data...list TO 1/SELECT UTIL.CONFIG LIKE siena_data...list TO 1/
TIMING/U_STOP/W_SERVICE.DATAMAP_LIST//00.00.00
TIMING/U_STOP/W_SERVICE.DATAMAP//00.00.00
BEGIN/U_START/W_SERVICE.DATAMAP//
BEGIN/U_START/W_SERVICE.DATAMAP_VIEW//
TIMING/U_STOP/W_SERVICE.DATAMAP_VIEW//00.00.00
TIMING/U_STOP/W_SERVICE.DATAMAP//00.00.00
BEGIN/U_START/W_SERVICE.DATAMAP//
BEGIN/U_START/W_SERVICE.DATAMAP_VIEW//
TIMING/U_STOP/W_SERVICE.DATAMAP_VIEW//00.00.00
TIMING/U_STOP/W_SERVICE.DATAMAP//00.00.00
BEGIN/U_START/BCC//
EXECUTE/U_OS.EXECUTE/FORMAT UTIL.BP W_SERVICE.DATAMAP_LIST/FORMAT UTIL.BP W_SERVICE.DATAMAP_LIST/
EXECUTE/U_OS.EXECUTE/BASIC UTIL.BP W_SERVICE.DATAMAP_LIST/BASIC UTIL.BP W_SERVICE.DATAMAP_LIST/
EXECUTE/U_OS.EXECUTE/CATALOG UTIL.BP W_SERVICE.DATAMAP_LIST/CATALOG UTIL.BP W_SERVICE.DATAMAP_LIST/
BEGIN/U_START/U_TEST//
BEGIN/U_START/W_SERVICE.DATAMAP//
BEGIN/U_START/W_SERVICE.DATAMAP_LIST//
EXECUTE/U_OS.EXECUTE/SELECT UTIL.CONFIG LIKE siena_data....list TO 1/SELECT UTIL.CONFIG LIKE siena_data....list TO 1/
TIMING/U_STOP/W_SERVICE.DATAMAP_LIST//00.00.01
TIMING/U_STOP/W_SERVICE.DATAMAP//00.00.01
BEGIN/U_START/W_SERVICE.DATAMAP//
BEGIN/U_START/W_SERVICE.DATAMAP_VIEW//
TIMING/U_STOP/W_SERVICE.DATAMAP_VIEW//00.00.00
TIMING/U_STOP/W_SERVICE.DATAMAP//00.00.00
BEGIN/U_START/W_SERVICE.DATAMAP//
BEGIN/U_START/W_SERVICE.DATAMAP_VIEW//
TIMING/U_STOP/W_SERVICE.DATAMAP_VIEW//00.00.00
TIMING/U_STOP/W_SERVICE.DATAMAP//00.00.00
BEGIN/U_START/BCC//
EXECUTE/U_OS.EXECUTE/FORMAT UTIL.BP W_SERVICE.DATAMAP_LIST/FORMAT UTIL.BP W_SERVICE.DATAMAP_LIST/
EXECUTE/U_OS.EXECUTE/BASIC UTIL.BP W_SERVICE.DATAMAP_LIST/BASIC UTIL.BP W_SERVICE.DATAMAP_LIST/
EXECUTE/U_OS.EXECUTE/CATALOG UTIL.BP W_SERVICE.DATAMAP_LIST/CATALOG UTIL.BP W_SERVICE.DATAMAP_LIST/
BEGIN/U_START/U_TEST//
BEGIN/U_START/W_SERVICE.DATAMAP//
BEGIN/U_START/W_SERVICE.DATAMAP_LIST//
EXECUTE/U_OS.EXECUTE/SELECT UTIL.CONFIG LIKE siena_data....list TO 1/SELECT UTIL.CONFIG LIKE siena_data....list TO 1/
TIMING/U_STOP/W_SERVICE.DATAMAP_LIST//00.00.00
TIMING/U_STOP/W_SERVICE.DATAMAP//00.00.00
BEGIN/U_START/W_SERVICE.DATAMAP//
BEGIN/U_START/W_SERVICE.DATAMAP_VIEW//
TIMING/U_STOP/W_SERVICE.DATAMAP_VIEW//00.00.01
TIMING/U_STOP/W_SERVICE.DATAMAP//00.00.01
BEGIN/U_START/W_SERVICE.DATAMAP//
BEGIN/U_START/W_SERVICE.DATAMAP_VIEW//
TIMING/U_STOP/W_SERVICE.DATAMAP_VIEW//00.00.00
TIMING/U_STOP/W_SERVICE.DATAMAP//00.00.00
BEGIN/U_START/BCC//
EXECUTE/U_OS.EXECUTE/FORMAT UTIL.BP W_SERVICE.DATAMAP_LIST/FORMAT UTIL.BP W_SERVICE.DATAMAP_LIST/
EXECUTE/U_OS.EXECUTE/BASIC UTIL.BP W_SERVICE.DATAMAP_LIST/BASIC UTIL.BP W_SERVICE.DATAMAP_LIST/
EXECUTE/U_OS.EXECUTE/CATALOG UTIL.BP W_SERVICE.DATAMAP_LIST/CATALOG UTIL.BP W_SERVICE.DATAMAP_LIST/
BEGIN/U_START/U_TEST//
BEGIN/U_START/W_SERVICE.DATAMAP//
BEGIN/U_START/W_SERVICE.DATAMAP_LIST//
EXECUTE/U_OS.EXECUTE/SELECT UTIL.CONFIG LIKE siena_data....list TO 1/SELECT UTIL.CONFIG LIKE siena_data....list TO 1/
TIMING/U_STOP/W_SERVICE.DATAMAP_LIST//00.00.00
TIMING/U_STOP/W_SERVICE.DATAMAP//00.00.00
BEGIN/U_START/W_SERVICE.DATAMAP//
BEGIN/U_START/W_SERVICE.DATAMAP_VIEW//
TIMING/U_STOP/W_SERVICE.DATAMAP_VIEW//00.00.01
TIMING/U_STOP/W_SERVICE.DATAMAP//00.00.01
BEGIN/U_START/W_SERVICE.DATAMAP//
BEGIN/U_START/W_SERVICE.DATAMAP_VIEW//
TIMING/U_STOP/W_SERVICE.DATAMAP_VIEW//00.00.00
TIMING/U_STOP/W_SERVICE.DATAMAP//00.00.00
BEGIN/U_START/U_TEST//
BEGIN/U_START/W_SERVICE.DATAMAP//
BEGIN/U_START/W_SERVICE.DATAMAP_LIST//
EXECUTE/U_OS.EXECUTE/SELECT UTIL.CONFIG LIKE siena_data....list TO 1/SELECT UTIL.CONFIG LIKE siena_data....list TO 1/
TIMING/U_STOP/W_SERVICE.DATAMAP_LIST//00.00.00
TIMING/U_STOP/W_SERVICE.DATAMAP//00.00.00
BEGIN/U_START/W_SERVICE.DATAMAP//
BEGIN/U_START/W_SERVICE.DATAMAP_VIEW//
TIMING/U_STOP/W_SERVICE.DATAMAP_VIEW//00.00.00
TIMING/U_STOP/W_SERVICE.DATAMAP//00.00.00
BEGIN/U_START/W_SERVICE.DATAMAP//
BEGIN/U_START/W_SERVICE.DATAMAP_VIEW//
TIMING/U_STOP/W_SERVICE.DATAMAP_VIEW//00.00.00
TIMING/U_STOP/W_SERVICE.DATAMAP//00.00.00
BEGIN/U_START/BCC//
EXECUTE/U_OS.EXECUTE/FORMAT UTIL.BP W_SERVICE.DATAMAP_LIST/FORMAT UTIL.BP W_SERVICE.DATAMAP_LIST/
EXECUTE/U_OS.EXECUTE/BASIC UTIL.BP W_SERVICE.DATAMAP_LIST/BASIC UTIL.BP W_SERVICE.DATAMAP_LIST/
EXECUTE/U_OS.EXECUTE/CATALOG UTIL.BP W_SERVICE.DATAMAP_LIST/CATALOG UTIL.BP W_SERVICE.DATAMAP_LIST/
BEGIN/U_START/U_TEST//
BEGIN/U_START/W_SERVICE.DATAMAP//
BEGIN/U_START/W_SERVICE.DATAMAP_LIST//
EXECUTE/U_OS.EXECUTE/SELECT UTIL.CONFIG LIKE siena_data....list TO 1/SELECT UTIL.CONFIG LIKE siena_data....list TO 1/
TIMING/U_STOP/W_SERVICE.DATAMAP_LIST//00.00.00
TIMING/U_STOP/W_SERVICE.DATAMAP//00.00.00
BEGIN/U_START/W_SERVICE.DATAMAP//
BEGIN/U_START/W_SERVICE.DATAMAP_VIEW//
TIMING/U_STOP/W_SERVICE.DATAMAP_VIEW//00.00.00
TIMING/U_STOP/W_SERVICE.DATAMAP//00.00.00
BEGIN/U_START/W_SERVICE.DATAMAP//
BEGIN/U_START/W_SERVICE.DATAMAP_VIEW//
TIMING/U_STOP/W_SERVICE.DATAMAP_VIEW//00.00.00
TIMING/U_STOP/W_SERVICE.DATAMAP//00.00.00
BEGIN/U_START/BCC//
EXECUTE/U_OS.EXECUTE/FORMAT UTIL.BP W_SERVICE.DATAMAP_LIST/FORMAT UTIL.BP W_SERVICE.DATAMAP_LIST/
EXECUTE/U_OS.EXECUTE/BASIC UTIL.BP W_SERVICE.DATAMAP_LIST/BASIC UTIL.BP W_SERVICE.DATAMAP_LIST/
EXECUTE/U_OS.EXECUTE/CATALOG UTIL.BP W_SERVICE.DATAMAP_LIST/CATALOG UTIL.BP W_SERVICE.DATAMAP_LIST/
BEGIN/U_START/U_TEST//
BEGIN/U_START/W_SERVICE.DATAMAP//
BEGIN/U_START/W_SERVICE.DATAMAP_LIST//
EXECUTE/U_OS.EXECUTE/SELECT UTIL.CONFIG LIKE siena_data....list TO 1/SELECT UTIL.CONFIG LIKE siena_data....list TO 1/
TIMING/U_STOP/W_SERVICE.DATAMAP_LIST//00.00.00
TIMING/U_STOP/W_SERVICE.DATAMAP//00.00.00
BEGIN/U_START/W_SERVICE.DATAMAP//
BEGIN/U_START/W_SERVICE.DATAMAP_VIEW//
TIMING/U_STOP/W_SERVICE.DATAMAP_VIEW//00.00.00
TIMING/U_STOP/W_SERVICE.DATAMAP//00.00.00
BEGIN/U_START/W_SERVICE.DATAMAP//
BEGIN/U_START/W_SERVICE.DATAMAP_VIEW//
TIMING/U_STOP/W_SERVICE.DATAMAP_VIEW//00.00.00
TIMING/U_STOP/W_SERVICE.DATAMAP//00.00.00
BEGIN/U_START/BCC//
EXECUTE/U_OS.EXECUTE/FORMAT UTIL.BP W_SERVICE.DATAMAP_LIST/FORMAT UTIL.BP W_SERVICE.DATAMAP_LIST/
EXECUTE/U_OS.EXECUTE/BASIC UTIL.BP W_SERVICE.DATAMAP_LIST/BASIC UTIL.BP W_SERVICE.DATAMAP_LIST/
EXECUTE/U_OS.EXECUTE/CATALOG UTIL.BP W_SERVICE.DATAMAP_LIST/CATALOG UTIL.BP W_SERVICE.DATAMAP_LIST/
BEGIN/U_START/U_TEST//
BEGIN/U_START/W_SERVICE.DATAMAP//
BEGIN/U_START/W_SERVICE.DATAMAP_LIST//
EXECUTE/U_OS.EXECUTE/SELECT UTIL.CONFIG LIKE siena_data....list TO 1/SELECT UTIL.CONFIG LIKE siena_data....list TO 1/
TIMING/U_STOP/W_SERVICE.DATAMAP_LIST//00.00.00
TIMING/U_STOP/W_SERVICE.DATAMAP//00.00.00
BEGIN/U_START/W_SERVICE.DATAMAP//
BEGIN/U_START/W_SERVICE.DATAMAP_VIEW//
TIMING/U_STOP/W_SERVICE.DATAMAP_VIEW//00.00.00
TIMING/U_STOP/W_SERVICE.DATAMAP//00.00.00
BEGIN/U_START/W_SERVICE.DATAMAP//
BEGIN/U_START/W_SERVICE.DATAMAP_VIEW//
TIMING/U_STOP/W_SERVICE.DATAMAP_VIEW//00.00.00
TIMING/U_STOP/W_SERVICE.DATAMAP//00.00.00
BEGIN/U_START/U_TEST//
BEGIN/U_START/W_SERVICE.DATAMAP//
BEGIN/U_START/W_SERVICE.DATAMAP_LIST//
EXECUTE/U_OS.EXECUTE/SELECT UTIL.CONFIG LIKE siena_data....list TO 1/SELECT UTIL.CONFIG LIKE siena_data....list TO 1/
TIMING/U_STOP/W_SERVICE.DATAMAP_LIST//00.00.00
TIMING/U_STOP/W_SERVICE.DATAMAP//00.00.00
BEGIN/U_START/W_SERVICE.DATAMAP//
BEGIN/U_START/W_SERVICE.DATAMAP_VIEW//
TIMING/U_STOP/W_SERVICE.DATAMAP_VIEW//00.00.00
TIMING/U_STOP/W_SERVICE.DATAMAP//00.00.00
BEGIN/U_START/W_SERVICE.DATAMAP//
BEGIN/U_START/W_SERVICE.DATAMAP_VIEW//
TIMING/U_STOP/W_SERVICE.DATAMAP_VIEW//00.00.00
TIMING/U_STOP/W_SERVICE.DATAMAP//00.00.00
BEGIN/U_START/U_TEST//
BEGIN/U_START/W_SERVICE.DATAMAP//
BEGIN/U_START/W_SERVICE.DATAMAP_LIST//
EXECUTE/U_OS.EXECUTE/SELECT UTIL.CONFIG LIKE siena_data....list TO 1/SELECT UTIL.CONFIG LIKE siena_data....list TO 1/
TIMING/U_STOP/W_SERVICE.DATAMAP_LIST//00.00.00
TIMING/U_STOP/W_SERVICE.DATAMAP//00.00.00
BEGIN/U_START/W_SERVICE.DATAMAP//
BEGIN/U_START/W_SERVICE.DATAMAP_VIEW//
TIMING/U_STOP/W_SERVICE.DATAMAP_VIEW//00.00.00
TIMING/U_STOP/W_SERVICE.DATAMAP//00.00.00
BEGIN/U_START/W_SERVICE.DATAMAP//
BEGIN/U_START/W_SERVICE.DATAMAP_VIEW//
TIMING/U_STOP/W_SERVICE.DATAMAP_VIEW//00.00.00
TIMING/U_STOP/W_SERVICE.DATAMAP//00.00.00
BEGIN/U_START/BCC//
EXECUTE/U_OS.EXECUTE/FORMAT UTIL.BP W_SERVICE.DATAMAP_LIST/FORMAT UTIL.BP W_SERVICE.DATAMAP_LIST/
EXECUTE/U_OS.EXECUTE/BASIC UTIL.BP W_SERVICE.DATAMAP_LIST/BASIC UTIL.BP W_SERVICE.DATAMAP_LIST/
EXECUTE/U_OS.EXECUTE/CATALOG UTIL.BP W_SERVICE.DATAMAP_LIST/CATALOG UTIL.BP W_SERVICE.DATAMAP_LIST/
BEGIN/U_START/U_TEST//
BEGIN/U_START/W_SERVICE.DATAMAP//
BEGIN/U_START/W_SERVICE.DATAMAP_LIST//
EXECUTE/U_OS.EXECUTE/SELECT UTIL.CONFIG LIKE siena_data....list TO 1/SELECT UTIL.CONFIG LIKE siena_data....list TO 1/
TIMING/U_STOP/W_SERVICE.DATAMAP_LIST//00.00.00
TIMING/U_STOP/W_SERVICE.DATAMAP//00.00.00
BEGIN/U_START/W_SERVICE.DATAMAP//
BEGIN/U_START/W_SERVICE.DATAMAP_VIEW//
TIMING/U_STOP/W_SERVICE.DATAMAP_VIEW//00.00.00
TIMING/U_STOP/W_SERVICE.DATAMAP//00.00.00
BEGIN/U_START/W_SERVICE.DATAMAP//
BEGIN/U_START/W_SERVICE.DATAMAP_VIEW//
TIMING/U_STOP/W_SERVICE.DATAMAP_VIEW//00.00.00
TIMING/U_STOP/W_SERVICE.DATAMAP//00.00.00
BEGIN/U_START/BCC//
EXECUTE/U_OS.EXECUTE/FORMAT UTIL.BP W_SERVICE.DATAMAP_LIST/FORMAT UTIL.BP W_SERVICE.DATAMAP_LIST/
EXECUTE/U_OS.EXECUTE/BASIC UTIL.BP W_SERVICE.DATAMAP_LIST/BASIC UTIL.BP W_SERVICE.DATAMAP_LIST/
EXECUTE/U_OS.EXECUTE/CATALOG UTIL.BP W_SERVICE.DATAMAP_LIST/CATALOG UTIL.BP W_SERVICE.DATAMAP_LIST/
BEGIN/U_START/U_TEST//
BEGIN/U_START/W_SERVICE.DATAMAP//
BEGIN/U_START/W_SERVICE.DATAMAP_LIST//
EXECUTE/U_OS.EXECUTE/SELECT UTIL.CONFIG LIKE siena_data....list TO 1/SELECT UTIL.CONFIG LIKE siena_data....list TO 1/
TIMING/U_STOP/W_SERVICE.DATAMAP_LIST//00.00.00
TIMING/U_STOP/W_SERVICE.DATAMAP//00.00.00
BEGIN/U_START/W_SERVICE.DATAMAP//
BEGIN/U_START/W_SERVICE.DATAMAP_VIEW//
TIMING/U_STOP/W_SERVICE.DATAMAP_VIEW//00.00.00
TIMING/U_STOP/W_SERVICE.DATAMAP//00.00.00
BEGIN/U_START/W_SERVICE.DATAMAP//
BEGIN/U_START/W_SERVICE.DATAMAP_VIEW//
TIMING/U_STOP/W_SERVICE.DATAMAP_VIEW//00.00.00
TIMING/U_STOP/W_SERVICE.DATAMAP//00.00.00
BEGIN/U_START/BCC//
EXECUTE/U_OS.EXECUTE/FORMAT UTIL.BP W_SERVICE.DATAMAP_LIST/FORMAT UTIL.BP W_SERVICE.DATAMAP_LIST/
EXECUTE/U_OS.EXECUTE/BASIC UTIL.BP W_SERVICE.DATAMAP_LIST/BASIC UTIL.BP W_SERVICE.DATAMAP_LIST/
EXECUTE/U_OS.EXECUTE/CATALOG UTIL.BP W_SERVICE.DATAMAP_LIST/CATALOG UTIL.BP W_SERVICE.DATAMAP_LIST/
BEGIN/U_START/U_TEST//
BEGIN/U_START/W_SERVICE.DATAMAP//
BEGIN/U_START/W_SERVICE.DATAMAP_LIST//
EXECUTE/U_OS.EXECUTE/SELECT UTIL.CONFIG LIKE siena_data....list TO 1/SELECT UTIL.CONFIG LIKE siena_data....list TO 1/
TIMING/U_STOP/W_SERVICE.DATAMAP_LIST//00.00.00
TIMING/U_STOP/W_SERVICE.DATAMAP//00.00.00
BEGIN/U_START/W_SERVICE.DATAMAP//
BEGIN/U_START/W_SERVICE.DATAMAP_VIEW//
TIMING/U_STOP/W_SERVICE.DATAMAP_VIEW//00.00.01
TIMING/U_STOP/W_SERVICE.DATAMAP//00.00.01
BEGIN/U_START/W_SERVICE.DATAMAP//
BEGIN/U_START/W_SERVICE.DATAMAP_VIEW//
TIMING/U_STOP/W_SERVICE.DATAMAP_VIEW//00.00.00
TIMING/U_STOP/W_SERVICE.DATAMAP//00.00.00
BEGIN/U_START/BCC//
EXECUTE/U_OS.EXECUTE/FORMAT UTIL.BP W_SERVICE.DATAMAP_LIST/FORMAT UTIL.BP W_SERVICE.DATAMAP_LIST/
EXECUTE/U_OS.EXECUTE/BASIC UTIL.BP W_SERVICE.DATAMAP_LIST/BASIC UTIL.BP W_SERVICE.DATAMAP_LIST/
EXECUTE/U_OS.EXECUTE/CATALOG UTIL.BP W_SERVICE.DATAMAP_LIST/CATALOG UTIL.BP W_SERVICE.DATAMAP_LIST/
BEGIN/U_START/U_TEST//
BEGIN/U_START/W_SERVICE.DATAMAP//
BEGIN/U_START/W_SERVICE.DATAMAP_LIST//
EXECUTE/U_OS.EXECUTE/SELECT UTIL.CONFIG LIKE siena_data....list TO 1/SELECT UTIL.CONFIG LIKE siena_data....list TO 1/
TIMING/U_STOP/W_SERVICE.DATAMAP_LIST//00.00.00
TIMING/U_STOP/W_SERVICE.DATAMAP//00.00.00
BEGIN/U_START/W_SERVICE.DATAMAP//
BEGIN/U_START/W_SERVICE.DATAMAP_VIEW//
TIMING/U_STOP/W_SERVICE.DATAMAP_VIEW//00.00.00
TIMING/U_STOP/W_SERVICE.DATAMAP//00.00.00
BEGIN/U_START/W_SERVICE.DATAMAP//
BEGIN/U_START/W_SERVICE.DATAMAP_VIEW//
TIMING/U_STOP/W_SERVICE.DATAMAP_VIEW//00.00.00
TIMING/U_STOP/W_SERVICE.DATAMAP//00.00.00
BEGIN/U_START/BCC//
EXECUTE/U_OS.EXECUTE/FORMAT UTIL.BP W_SERVICE.DATAMAP_LIST/FORMAT UTIL.BP W_SERVICE.DATAMAP_LIST/
EXECUTE/U_OS.EXECUTE/BASIC UTIL.BP W_SERVICE.DATAMAP_LIST/BASIC UTIL.BP W_SERVICE.DATAMAP_LIST/
EXECUTE/U_OS.EXECUTE/CATALOG UTIL.BP W_SERVICE.DATAMAP_LIST/CATALOG UTIL.BP W_SERVICE.DATAMAP_LIST/
BEGIN/U_START/U_TEST//
BEGIN/U_START/W_SERVICE.DATAMAP//
BEGIN/U_START/W_SERVICE.DATAMAP_LIST//
EXECUTE/U_OS.EXECUTE/SELECT UTIL.CONFIG LIKE siena_data....list TO 1/SELECT UTIL.CONFIG LIKE siena_data....list TO 1/
TIMING/U_STOP/W_SERVICE.DATAMAP_LIST//00.00.00
TIMING/U_STOP/W_SERVICE.DATAMAP//00.00.00
BEGIN/U_START/W_SERVICE.DATAMAP//
BEGIN/U_START/W_SERVICE.DATAMAP_VIEW//
TIMING/U_STOP/W_SERVICE.DATAMAP_VIEW//00.00.00
TIMING/U_STOP/W_SERVICE.DATAMAP//00.00.00
BEGIN/U_START/W_SERVICE.DATAMAP//
BEGIN/U_START/W_SERVICE.DATAMAP_VIEW//
TIMING/U_STOP/W_SERVICE.DATAMAP_VIEW//00.00.00
TIMING/U_STOP/W_SERVICE.DATAMAP//00.00.00
BEGIN/U_START/BCC//
EXECUTE/U_OS.EXECUTE/FORMAT UTIL.BP W_SERVICE.DATAMAP_LIST/FORMAT UTIL.BP W_SERVICE.DATAMAP_LIST/
EXECUTE/U_OS.EXECUTE/BASIC UTIL.BP W_SERVICE.DATAMAP_LIST/BASIC UTIL.BP W_SERVICE.DATAMAP_LIST/
EXECUTE/U_OS.EXECUTE/CATALOG UTIL.BP W_SERVICE.DATAMAP_LIST/CATALOG UTIL.BP W_SERVICE.DATAMAP_LIST/
BEGIN/U_START/U_TEST//
BEGIN/U_START/W_SERVICE.DATAMAP//
BEGIN/U_START/W_SERVICE.DATAMAP_LIST//
EXECUTE/U_OS.EXECUTE/SELECT UTIL.CONFIG LIKE siena_data....list TO 1/SELECT UTIL.CONFIG LIKE siena_data....list TO 1/
TIMING/U_STOP/W_SERVICE.DATAMAP_LIST//00.00.01
TIMING/U_STOP/W_SERVICE.DATAMAP//00.00.01
BEGIN/U_START/W_SERVICE.DATAMAP//
BEGIN/U_START/W_SERVICE.DATAMAP_VIEW//
TIMING/U_STOP/W_SERVICE.DATAMAP_VIEW//00.00.00
TIMING/U_STOP/W_SERVICE.DATAMAP//00.00.00
BEGIN/U_START/W_SERVICE.DATAMAP//
BEGIN/U_START/W_SERVICE.DATAMAP_VIEW//
TIMING/U_STOP/W_SERVICE.DATAMAP_VIEW//00.00.00
TIMING/U_STOP/W_SERVICE.DATAMAP//00.00.00
BEGIN/U_START/BCC//
EXECUTE/U_OS.EXECUTE/FORMAT UTIL.BP U_TEST NOPAGE/FORMAT UTIL.BP U_TEST NOPAGE/
EXECUTE/U_OS.EXECUTE/BASIC UTIL.BP U_TEST NOPAGE/BASIC UTIL.BP U_TEST NOPAGE/
EXECUTE/U_OS.EXECUTE/CATALOG UTIL.BP U_TEST NOPAGE/CATALOG UTIL.BP U_TEST NOPAGE/
BEGIN/U_START/U_TEST//
BEGIN/U_START/W_SERVICE.DATAMAP//
BEGIN/U_START/W_SERVICE.DATAMAP_LIST//
EXECUTE/U_OS.EXECUTE/SELECT UTIL.CONFIG LIKE siena_data....list TO 1/SELECT UTIL.CONFIG LIKE siena_data....list TO 1/
TIMING/U_STOP/W_SERVICE.DATAMAP_LIST//00.00.00
TIMING/U_STOP/W_SERVICE.DATAMAP//00.00.00
BEGIN/U_START/W_SERVICE.DATAMAP//
BEGIN/U_START/W_SERVICE.DATAMAP_VIEW//
TIMING/U_STOP/W_SERVICE.DATAMAP_VIEW//00.00.00
TIMING/U_STOP/W_SERVICE.DATAMAP//00.00.00
BEGIN/U_START/W_SERVICE.DATAMAP//
BEGIN/U_START/W_SERVICE.DATAMAP_VIEW//
TIMING/U_STOP/W_SERVICE.DATAMAP_VIEW//00.00.00
TIMING/U_STOP/W_SERVICE.DATAMAP//00.00.00
BEGIN/U_START/BCC//
EXECUTE/U_OS.EXECUTE/FORMAT UTIL.BP U_TEST NOPAGE/FORMAT UTIL.BP U_TEST NOPAGE/
EXECUTE/U_OS.EXECUTE/BASIC UTIL.BP U_TEST NOPAGE/BASIC UTIL.BP U_TEST NOPAGE/
EXECUTE/U_OS.EXECUTE/CATALOG UTIL.BP U_TEST NOPAGE/CATALOG UTIL.BP U_TEST NOPAGE/
BEGIN/U_START/U_TEST//
BEGIN/U_START/W_SERVICE.DATAMAP//
BEGIN/U_START/W_SERVICE.DATAMAP_LIST//
EXECUTE/U_OS.EXECUTE/SELECT UTIL.CONFIG LIKE siena_data....list TO 1/SELECT UTIL.CONFIG LIKE siena_data....list TO 1/
TIMING/U_STOP/W_SERVICE.DATAMAP_LIST//00.00.01
TIMING/U_STOP/W_SERVICE.DATAMAP//00.00.01
BEGIN/U_START/W_SERVICE.DATAMAP//
BEGIN/U_START/W_SERVICE.DATAMAP_VIEW//
TIMING/U_STOP/W_SERVICE.DATAMAP_VIEW//00.00.00
TIMING/U_STOP/W_SERVICE.DATAMAP//00.00.00
BEGIN/U_START/W_SERVICE.DATAMAP//
BEGIN/U_START/W_SERVICE.DATAMAP_VIEW//
TIMING/U_STOP/W_SERVICE.DATAMAP_VIEW//00.00.00
TIMING/U_STOP/W_SERVICE.DATAMAP//00.00.00
BEGIN/U_START/W_SERVICE.DATAMAP//
BEGIN/U_START/W_SERVICE.DATAMAP_VIEW//
TIMING/U_STOP/W_SERVICE.DATAMAP_VIEW//00.00.00
TIMING/U_STOP/W_SERVICE.DATAMAP//00.00.00
BEGIN/U_START/W_SERVICE.DATAMAP//
BEGIN/U_START/W_SERVICE.DATAMAP_VIEW//
TIMING/U_STOP/W_SERVICE.DATAMAP_VIEW//00.00.00
TIMING/U_STOP/W_SERVICE.DATAMAP//00.00.00
BEGIN/U_START/W_SERVICE.DATAMAP//
BEGIN/U_START/W_SERVICE.DATAMAP_VIEW//
TIMING/U_STOP/W_SERVICE.DATAMAP_VIEW//00.00.00
TIMING/U_STOP/W_SERVICE.DATAMAP//00.00.00
BEGIN/U_START/U_TEST//
BEGIN/U_START/W_SERVICE.DATAMAP//
BEGIN/U_START/W_SERVICE.DATAMAP_LIST//
EXECUTE/U_OS.EXECUTE/SELECT UTIL.CONFIG LIKE siena_data....list TO 1/SELECT UTIL.CONFIG LIKE siena_data....list TO 1/
TIMING/U_STOP/W_SERVICE.DATAMAP_LIST//00.00.00
TIMING/U_STOP/W_SERVICE.DATAMAP//00.00.00
BEGIN/U_START/W_SERVICE.DATAMAP//
BEGIN/U_START/W_SERVICE.DATAMAP_VIEW//
TIMING/U_STOP/W_SERVICE.DATAMAP_VIEW//00.00.00
TIMING/U_STOP/W_SERVICE.DATAMAP//00.00.00
BEGIN/U_START/W_SERVICE.DATAMAP//
BEGIN/U_START/W_SERVICE.DATAMAP_VIEW//
TIMING/U_STOP/W_SERVICE.DATAMAP_VIEW//00.00.01
TIMING/U_STOP/W_SERVICE.DATAMAP//00.00.01
BEGIN/U_START/W_SERVICE.DATAMAP//
BEGIN/U_START/W_SERVICE.DATAMAP_VIEW//
TIMING/U_STOP/W_SERVICE.DATAMAP_VIEW//00.00.00
TIMING/U_STOP/W_SERVICE.DATAMAP//00.00.00
BEGIN/U_START/W_SERVICE.DATAMAP//
BEGIN/U_START/W_SERVICE.DATAMAP_VIEW//
TIMING/U_STOP/W_SERVICE.DATAMAP_VIEW//00.00.00
TIMING/U_STOP/W_SERVICE.DATAMAP//00.00.00
BEGIN/U_START/W_SERVICE.DATAMAP//
BEGIN/U_START/W_SERVICE.DATAMAP_VIEW//
TIMING/U_STOP/W_SERVICE.DATAMAP_VIEW//00.00.00
TIMING/U_STOP/W_SERVICE.DATAMAP//00.00.00
BEGIN/U_START/REPORT.DO//
BEGIN/U_START/U_REPORT.DO.HELPER//
EXECUTE/U_OS.EXECUTE/"SORT UTIL.LOG.EVENT BY TIME TIME CMD ELAPSED SESSIONTOKEN SESSIONUSER CSV CMD WITH 1 EQ ""WCT_REQUEST"" ID-SUPP"/"SORT UTIL.LOG.EVENT BY TIME TIME CMD ELAPSED SESSIONTOKEN SESSIONUSER CSV CMD WITH 1 EQ ""WCT_REQUEST"" ID-SUPP"/
TIMING/U_STOP/U_REPORT.DO.HELPER//00.00.00
TIMING/U_STOP/REPORT.DO//00.00.00
BEGIN/U_START/REPORT.DO//
BEGIN/U_START/U_REPORT.DO.HELPER//
EXECUTE/U_OS.EXECUTE/"SORT UTIL.LOG.EVENT BY TIME TIME CMD ELAPSED SESSIONTOKEN SESSIONUSER CSV CMD WITH 1 EQ ""WCT_REQUEST"" ID-SUPP"/"SORT UTIL.LOG.EVENT BY TIME TIME CMD ELAPSED SESSIONTOKEN SESSIONUSER CSV CMD WITH 1 EQ ""WCT_REQUEST"" ID-SUPP"/
TIMING/U_STOP/U_REPORT.DO.HELPER//00.00.00
TIMING/U_STOP/REPORT.DO//00.00.00
BEGIN/U_START/REPORT.DO//
BEGIN/U_START/U_REPORT.DO.HELPER//
642 record(s) listed
'.keep' not found
