TIME,USER,CMD,ELAPSED,SESSIONTOKEN,SESSIONUSER,CMD
02:18:39.04850,root,CLEAR-FILE DATA UTIL.LOG.EVENT,,U_CLEARFILES,root@DEV,CLEAR-FILE DATA UTIL.LOG.EVENT
02:18:39.04851,root,CLEAR-FILE DATA UTIL.WORKFILE,,U_CLEARFILES,root@DEV,CLEAR-FILE DATA UTIL.WORKFILE
02:18:39.04852,root,CLEAR-FILE DATA UTIL.WCT.RESP,,U_CLEARFILES,root@DEV,CLEAR-FILE DATA UTIL.WCT.RESP
02:18:39.04853,root,CLEAR-FILE DATA UTIL.WCT.RECV,,U_CLEARFILES,root@DEV,CLEAR-FILE DATA UTIL.WCT.RECV
02:18:39.04854,root,CLEAR-FILE DATA UTIL.WCT.TOKENS,,U_CLEARFILES,root@DEV,CLEAR-FILE DATA UTIL.WCT.TOKENS
02:18:39.04855,root,CLEAR-FILE DATA LOGS,,U_CLEARFILES,root@DEV,CLEAR-FILE DATA LOGS
02:18:39.04856,root,SELECT UTIL.CONFIG LIKE clear.nopage.properties,,U_CLEARFILES,root@DEV,SELECT UTIL.CONFIG LIKE clear.nopage.properties
02:18:39.04857,root,,00.00.01,U_CLEARFILES,root@DEV,
02:18:39.04858,root,U_CLEARFILES WCT NOPAGE,,U_CLEARFILES,root@DEV,U_CLEARFILES WCT NOPAGE
02:18:39.04859,root,!U_CLEARFILES WCT NOPAGE,,U_CLEARFILES,authorAdjust@DEV,!U_CLEARFILES WCT NOPAGE
02:18:45.04860,root,"SELECT UTIL.WCT.RECV WITH @ID UNLIKE "".keep"" TO 1",,U_CLEARFILES,root@DEV,"SELECT UTIL.WCT.RECV WITH @ID UNLIKE "".keep"" TO 1"
02:18:45.04861,root,SERVICES  ,,U_CLEARFILES,authorAdjust@DEV,SERVICES  
02:18:56.04862,root,"SELECT UTIL.WCT.RECV WITH @ID UNLIKE "".keep"" TO 1",,U_CLEARFILES,root@DEV,"SELECT UTIL.WCT.RECV WITH @ID UNLIKE "".keep"" TO 1"
02:18:56.04863,root,,,JOB.DO,root@DEV,
02:18:56.04864,root,,,JOB.DO,root@DEV,
02:18:56.04865,root,,,JOB.DO,root@DEV,
02:18:56.04866,root,,00.00.00,JOB.DO,root@DEV,
02:18:56.04867,root,JOB.DO BUILD.SERVICE.CATALOG NOPAGE,,JOB.DO,root@DEV,JOB.DO BUILD.SERVICE.CATALOG NOPAGE
02:18:56.04868,root,JOB.DO BUILD.SERVICE.CATALOG NOPAGE,,JOB.DO,authorAdjust@DEV,JOB.DO BUILD.SERVICE.CATALOG NOPAGE
02:21:19.04869,root,,00.02.23,JOB.DO,root@DEV,
15:55:03.04870,root,,,BCC,root@DEV,
15:55:03.04871,root,FORMAT UTIL.BP U_TEST,,BCC,root@DEV,FORMAT UTIL.BP U_TEST
15:55:03.04872,root,BASIC UTIL.BP U_TEST,,BCC,root@DEV,BASIC UTIL.BP U_TEST
15:55:03.04873,root,CATALOG UTIL.BP U_TEST,,BCC,root@DEV,CATALOG UTIL.BP U_TEST
15:55:30.04874,root,,,BCC,root@DEV,
15:55:30.04875,root,FORMAT UTIL.BP U_TEST,,BCC,root@DEV,FORMAT UTIL.BP U_TEST
15:55:30.04876,root,BASIC UTIL.BP U_TEST,,BCC,root@DEV,BASIC UTIL.BP U_TEST
15:55:30.04877,root,CATALOG UTIL.BP U_TEST,,BCC,root@DEV,CATALOG UTIL.BP U_TEST
15:55:38.04878,root,,,U_TEST,root@DEV,
15:58:07.04879,root,,,BCC,root@DEV,
15:58:07.04880,root,FORMAT UTIL.BP U_TEST,,BCC,root@DEV,FORMAT UTIL.BP U_TEST
15:58:07.04881,root,BASIC UTIL.BP U_TEST,,BCC,root@DEV,BASIC UTIL.BP U_TEST
15:58:07.04882,root,CATALOG UTIL.BP U_TEST,,BCC,root@DEV,CATALOG UTIL.BP U_TEST
15:58:09.04883,root,,,U_TEST,root@DEV,
15:59:25.04884,root,,,BCC,root@DEV,
15:59:31.04885,root,,,BCC,root@DEV,
15:59:31.04886,root,FORMAT UTIL.BP W_SERVICE.ENVIRONMENT,,BCC,root@DEV,FORMAT UTIL.BP W_SERVICE.ENVIRONMENT
15:59:31.04887,root,BASIC UTIL.BP W_SERVICE.ENVIRONMENT,,BCC,root@DEV,BASIC UTIL.BP W_SERVICE.ENVIRONMENT
15:59:31.04888,root,CATALOG UTIL.BP W_SERVICE.ENVIRONMENT,,BCC,root@DEV,CATALOG UTIL.BP W_SERVICE.ENVIRONMENT
15:59:37.04889,root,,,U_TEST,root@DEV,
16:07:39.04890,root,,,BCC,root@DEV,
16:07:39.04891,root,FORMAT UTIL.BP U_TEST,,BCC,root@DEV,FORMAT UTIL.BP U_TEST
16:07:39.04892,root,BASIC UTIL.BP U_TEST,,BCC,root@DEV,BASIC UTIL.BP U_TEST
16:07:39.04893,root,CATALOG UTIL.BP U_TEST,,BCC,root@DEV,CATALOG UTIL.BP U_TEST
16:07:41.04894,root,,,U_TEST,root@DEV,
16:13:15.04895,root,,,BCC,root@DEV,
16:13:15.04896,root,FORMAT UTIL.BP U_TEST,,BCC,root@DEV,FORMAT UTIL.BP U_TEST
16:13:15.04897,root,BASIC UTIL.BP U_TEST,,BCC,root@DEV,BASIC UTIL.BP U_TEST
16:13:15.04898,root,CATALOG UTIL.BP U_TEST,,BCC,root@DEV,CATALOG UTIL.BP U_TEST
16:13:17.04899,root,,,U_TEST,root@DEV,
16:13:45.04900,root,,,U_TEST,root@DEV,
16:17:20.04901,root,,,BCC,root@DEV,
16:17:20.04902,root,FORMAT UTIL.BP W_SERVICE.DATAMAP,,BCC,root@DEV,FORMAT UTIL.BP W_SERVICE.DATAMAP
16:17:20.04903,root,BASIC UTIL.BP W_SERVICE.DATAMAP,,BCC,root@DEV,BASIC UTIL.BP W_SERVICE.DATAMAP
16:17:20.04904,root,CATALOG UTIL.BP W_SERVICE.DATAMAP,,BCC,root@DEV,CATALOG UTIL.BP W_SERVICE.DATAMAP
16:19:05.04905,root,,,BCC,root@DEV,
16:19:05.04906,root,FORMAT UTIL.BP W_SERVICE.DATAMAP,,BCC,root@DEV,FORMAT UTIL.BP W_SERVICE.DATAMAP
16:19:05.04907,root,BASIC UTIL.BP W_SERVICE.DATAMAP,,BCC,root@DEV,BASIC UTIL.BP W_SERVICE.DATAMAP
16:19:05.04908,root,CATALOG UTIL.BP W_SERVICE.DATAMAP,,BCC,root@DEV,CATALOG UTIL.BP W_SERVICE.DATAMAP
16:19:09.04909,root,,,BCC,root@DEV,
16:19:09.04910,root,FORMAT UTIL.BP U_TEST,,BCC,root@DEV,FORMAT UTIL.BP U_TEST
16:19:09.04911,root,BASIC UTIL.BP U_TEST,,BCC,root@DEV,BASIC UTIL.BP U_TEST
16:19:09.04912,root,CATALOG UTIL.BP U_TEST,,BCC,root@DEV,CATALOG UTIL.BP U_TEST
16:19:11.04913,root,,,U_TEST,root@DEV,
16:19:11.04914,root,,,U_TEST,root@DEV,
16:19:11.04915,root,,00.00.00,U_TEST,root@DEV,
16:20:13.04916,root,,,BCC,root@DEV,
16:20:13.04917,root,FORMAT UTIL.BP U_IO.GET.LIST,,BCC,root@DEV,FORMAT UTIL.BP U_IO.GET.LIST
16:20:13.04918,root,BASIC UTIL.BP U_IO.GET.LIST,,BCC,root@DEV,BASIC UTIL.BP U_IO.GET.LIST
16:20:13.04919,root,CATALOG UTIL.BP U_IO.GET.LIST,,BCC,root@DEV,CATALOG UTIL.BP U_IO.GET.LIST
16:20:15.04920,root,,,U_TEST,root@DEV,
16:20:15.04921,root,,,U_TEST,root@DEV,
16:20:15.04922,root,,00.00.00,U_TEST,root@DEV,
16:20:58.04923,root,,,U_TEST,root@DEV,
16:20:59.04924,root,,,U_TEST,root@DEV,
16:22:35.04925,root,,,BCC,root@DEV,
16:22:35.04926,root,FORMAT UTIL.BP W_SERVICE.DATAMAP_VIEW,,BCC,root@DEV,FORMAT UTIL.BP W_SERVICE.DATAMAP_VIEW
16:22:35.04927,root,BASIC UTIL.BP W_SERVICE.DATAMAP_VIEW,,BCC,root@DEV,BASIC UTIL.BP W_SERVICE.DATAMAP_VIEW
16:22:35.04928,root,CATALOG UTIL.BP W_SERVICE.DATAMAP_VIEW,,BCC,root@DEV,CATALOG UTIL.BP W_SERVICE.DATAMAP_VIEW
16:22:37.04929,root,,,U_TEST,root@DEV,
16:22:37.04930,root,,,U_TEST,root@DEV,
16:22:38.04931,root,,,U_TEST,root@DEV,
16:30:12.04932,root,,,BCC,root@DEV,
16:30:12.04933,root,FORMAT UTIL.BP W_SERVICE.DATAMAP_VIEW,,BCC,root@DEV,FORMAT UTIL.BP W_SERVICE.DATAMAP_VIEW
16:30:13.04934,root,BASIC UTIL.BP W_SERVICE.DATAMAP_VIEW,,BCC,root@DEV,BASIC UTIL.BP W_SERVICE.DATAMAP_VIEW
16:30:13.04935,root,CATALOG UTIL.BP W_SERVICE.DATAMAP_VIEW,,BCC,root@DEV,CATALOG UTIL.BP W_SERVICE.DATAMAP_VIEW
16:30:15.04936,root,,,U_TEST,root@DEV,
16:30:15.04937,root,,,U_TEST,root@DEV,
16:30:15.04938,root,,,U_TEST,root@DEV,
16:31:54.04939,root,,,BCC,root@DEV,
16:31:54.04940,root,FORMAT UTIL.BP W_SERVICE.DATAMAP_VIEW,,BCC,root@DEV,FORMAT UTIL.BP W_SERVICE.DATAMAP_VIEW
16:31:54.04941,root,BASIC UTIL.BP W_SERVICE.DATAMAP_VIEW,,BCC,root@DEV,BASIC UTIL.BP W_SERVICE.DATAMAP_VIEW
16:31:54.04942,root,CATALOG UTIL.BP W_SERVICE.DATAMAP_VIEW,,BCC,root@DEV,CATALOG UTIL.BP W_SERVICE.DATAMAP_VIEW
16:31:55.04943,root,,,U_TEST,root@DEV,
16:31:55.04944,root,,,U_TEST,root@DEV,
16:31:55.04945,root,,,U_TEST,root@DEV,
16:32:01.04946,root,,,BCC,root@DEV,
16:32:01.04947,root,FORMAT UTIL.BP W_SERVICE.DATAMAP_VIEW,,BCC,root@DEV,FORMAT UTIL.BP W_SERVICE.DATAMAP_VIEW
16:32:01.04948,root,BASIC UTIL.BP W_SERVICE.DATAMAP_VIEW,,BCC,root@DEV,BASIC UTIL.BP W_SERVICE.DATAMAP_VIEW
16:32:01.04949,root,CATALOG UTIL.BP W_SERVICE.DATAMAP_VIEW,,BCC,root@DEV,CATALOG UTIL.BP W_SERVICE.DATAMAP_VIEW
16:32:16.04950,root,,,BCC,root@DEV,
16:32:16.04951,root,FORMAT UTIL.BP W_SERVICE.DATAMAP_VIEW,,BCC,root@DEV,FORMAT UTIL.BP W_SERVICE.DATAMAP_VIEW
16:32:16.04952,root,BASIC UTIL.BP W_SERVICE.DATAMAP_VIEW,,BCC,root@DEV,BASIC UTIL.BP W_SERVICE.DATAMAP_VIEW
16:32:16.04953,root,CATALOG UTIL.BP W_SERVICE.DATAMAP_VIEW,,BCC,root@DEV,CATALOG UTIL.BP W_SERVICE.DATAMAP_VIEW
16:32:18.04954,root,,,U_TEST,root@DEV,
16:32:18.04955,root,,,U_TEST,root@DEV,
16:32:18.04956,root,,,U_TEST,root@DEV,
16:32:18.04957,root,,00.00.00,U_TEST,root@DEV,
16:32:18.04958,root,,00.00.00,U_TEST,root@DEV,
16:32:53.04959,root,,,BCC,root@DEV,
16:32:53.04960,root,FORMAT UTIL.BP W_SERVICE.DATAMAP_VIEW,,BCC,root@DEV,FORMAT UTIL.BP W_SERVICE.DATAMAP_VIEW
16:32:53.04961,root,BASIC UTIL.BP W_SERVICE.DATAMAP_VIEW,,BCC,root@DEV,BASIC UTIL.BP W_SERVICE.DATAMAP_VIEW
16:32:53.04962,root,CATALOG UTIL.BP W_SERVICE.DATAMAP_VIEW,,BCC,root@DEV,CATALOG UTIL.BP W_SERVICE.DATAMAP_VIEW
16:32:55.04963,root,,,U_TEST,root@DEV,
16:32:55.04964,root,,,U_TEST,root@DEV,
16:32:55.04965,root,,,U_TEST,root@DEV,
16:32:55.04966,root,,00.00.00,U_TEST,root@DEV,
16:32:55.04967,root,,00.00.00,U_TEST,root@DEV,
16:36:56.04968,root,,,BCC,root@DEV,
16:36:56.04969,root,FORMAT UTIL.BP W_SERVICE.DATAMAP_VIEW,,BCC,root@DEV,FORMAT UTIL.BP W_SERVICE.DATAMAP_VIEW
16:36:57.04970,root,BASIC UTIL.BP W_SERVICE.DATAMAP_VIEW,,BCC,root@DEV,BASIC UTIL.BP W_SERVICE.DATAMAP_VIEW
16:36:57.04971,root,CATALOG UTIL.BP W_SERVICE.DATAMAP_VIEW,,BCC,root@DEV,CATALOG UTIL.BP W_SERVICE.DATAMAP_VIEW
16:36:59.04972,root,,,U_TEST,root@DEV,
16:36:59.04973,root,,,U_TEST,root@DEV,
16:36:59.04974,root,,,U_TEST,root@DEV,
16:36:59.04975,root,,00.00.00,U_TEST,root@DEV,
16:36:59.04976,root,,00.00.00,U_TEST,root@DEV,
16:37:51.04977,root,,,BCC,root@DEV,
16:37:51.04978,root,FORMAT UTIL.BP W_SERVICE.DATAMAP_VIEW,,BCC,root@DEV,FORMAT UTIL.BP W_SERVICE.DATAMAP_VIEW
16:37:51.04979,root,BASIC UTIL.BP W_SERVICE.DATAMAP_VIEW,,BCC,root@DEV,BASIC UTIL.BP W_SERVICE.DATAMAP_VIEW
16:37:51.04980,root,CATALOG UTIL.BP W_SERVICE.DATAMAP_VIEW,,BCC,root@DEV,CATALOG UTIL.BP W_SERVICE.DATAMAP_VIEW
16:37:53.04981,root,,,U_TEST,root@DEV,
16:37:53.04982,root,,,U_TEST,root@DEV,
16:37:53.04983,root,,,U_TEST,root@DEV,
16:37:53.04984,root,,00.00.00,U_TEST,root@DEV,
16:37:53.04985,root,,00.00.00,U_TEST,root@DEV,
16:38:05.04986,root,,,U_TEST,root@DEV,
16:38:05.04987,root,,,U_TEST,root@DEV,
16:38:05.04988,root,,,U_TEST,root@DEV,
16:38:05.04989,root,,00.00.00,U_TEST,root@DEV,
16:38:05.04990,root,,00.00.00,U_TEST,root@DEV,
16:38:23.04991,root,,,BCC,root@DEV,
16:38:23.04992,root,FORMAT UTIL.BP W_SERVICE.DATAMAP_VIEW,,BCC,root@DEV,FORMAT UTIL.BP W_SERVICE.DATAMAP_VIEW
16:38:23.04993,root,BASIC UTIL.BP W_SERVICE.DATAMAP_VIEW,,BCC,root@DEV,BASIC UTIL.BP W_SERVICE.DATAMAP_VIEW
16:38:23.04994,root,CATALOG UTIL.BP W_SERVICE.DATAMAP_VIEW,,BCC,root@DEV,CATALOG UTIL.BP W_SERVICE.DATAMAP_VIEW
16:38:25.04995,root,,,U_TEST,root@DEV,
16:38:25.04996,root,,,U_TEST,root@DEV,
16:38:25.04997,root,,,U_TEST,root@DEV,
16:38:25.04998,root,,00.00.00,U_TEST,root@DEV,
16:38:25.04999,root,,00.00.00,U_TEST,root@DEV,
16:38:41.05000,root,,,U_TEST,root@DEV,
16:38:41.05001,root,,,U_TEST,root@DEV,
16:38:42.05002,root,,,U_TEST,root@DEV,
16:38:42.05003,root,,00.00.01,U_TEST,root@DEV,
16:38:42.05004,root,,00.00.01,U_TEST,root@DEV,
16:38:43.05005,root,,,BCC,root@DEV,
16:38:43.05006,root,FORMAT UTIL.BP W_SERVICE.DATAMAP_VIEW,,BCC,root@DEV,FORMAT UTIL.BP W_SERVICE.DATAMAP_VIEW
16:38:43.05007,root,BASIC UTIL.BP W_SERVICE.DATAMAP_VIEW,,BCC,root@DEV,BASIC UTIL.BP W_SERVICE.DATAMAP_VIEW
16:38:43.05008,root,CATALOG UTIL.BP W_SERVICE.DATAMAP_VIEW,,BCC,root@DEV,CATALOG UTIL.BP W_SERVICE.DATAMAP_VIEW
16:38:45.05009,root,,,U_TEST,root@DEV,
16:38:45.05010,root,,,U_TEST,root@DEV,
16:38:45.05011,root,,,U_TEST,root@DEV,
16:38:45.05012,root,,00.00.00,U_TEST,root@DEV,
16:38:45.05013,root,,00.00.00,U_TEST,root@DEV,
16:41:54.05014,root,,,BCC,root@DEV,
16:41:54.05015,root,FORMAT UTIL.BP W_SERVICE.DATAMAP_VIEW,,BCC,root@DEV,FORMAT UTIL.BP W_SERVICE.DATAMAP_VIEW
16:41:54.05016,root,BASIC UTIL.BP W_SERVICE.DATAMAP_VIEW,,BCC,root@DEV,BASIC UTIL.BP W_SERVICE.DATAMAP_VIEW
16:41:54.05017,root,CATALOG UTIL.BP W_SERVICE.DATAMAP_VIEW,,BCC,root@DEV,CATALOG UTIL.BP W_SERVICE.DATAMAP_VIEW
16:41:56.05018,root,,,U_TEST,root@DEV,
16:41:56.05019,root,,,U_TEST,root@DEV,
16:41:56.05020,root,,,U_TEST,root@DEV,
16:41:56.05021,root,,00.00.00,U_TEST,root@DEV,
16:41:56.05022,root,,00.00.00,U_TEST,root@DEV,
16:42:37.05023,root,,,BCC,root@DEV,
16:42:37.05024,root,FORMAT UTIL.BP W_SERVICE.DATAMAP_VIEW,,BCC,root@DEV,FORMAT UTIL.BP W_SERVICE.DATAMAP_VIEW
16:42:37.05025,root,BASIC UTIL.BP W_SERVICE.DATAMAP_VIEW,,BCC,root@DEV,BASIC UTIL.BP W_SERVICE.DATAMAP_VIEW
16:42:37.05026,root,CATALOG UTIL.BP W_SERVICE.DATAMAP_VIEW,,BCC,root@DEV,CATALOG UTIL.BP W_SERVICE.DATAMAP_VIEW
16:42:39.05027,root,,,U_TEST,root@DEV,
16:42:39.05028,root,,,U_TEST,root@DEV,
16:42:39.05029,root,,,U_TEST,root@DEV,
16:42:39.05030,root,,00.00.00,U_TEST,root@DEV,
16:42:39.05031,root,,00.00.00,U_TEST,root@DEV,
16:43:45.05032,root,,,BCC,root@DEV,
16:43:45.05033,root,FORMAT UTIL.BP W_SERVICE.DATAMAP_VIEW,,BCC,root@DEV,FORMAT UTIL.BP W_SERVICE.DATAMAP_VIEW
16:43:45.05034,root,BASIC UTIL.BP W_SERVICE.DATAMAP_VIEW,,BCC,root@DEV,BASIC UTIL.BP W_SERVICE.DATAMAP_VIEW
16:43:45.05035,root,CATALOG UTIL.BP W_SERVICE.DATAMAP_VIEW,,BCC,root@DEV,CATALOG UTIL.BP W_SERVICE.DATAMAP_VIEW
16:43:47.05036,root,,,U_TEST,root@DEV,
16:43:47.05037,root,,,U_TEST,root@DEV,
16:43:47.05038,root,,,U_TEST,root@DEV,
16:44:21.05039,root,,,BCC,root@DEV,
16:44:21.05040,root,FORMAT UTIL.BP W_SERVICE.DATAMAP_VIEW,,BCC,root@DEV,FORMAT UTIL.BP W_SERVICE.DATAMAP_VIEW
16:44:21.05041,root,BASIC UTIL.BP W_SERVICE.DATAMAP_VIEW,,BCC,root@DEV,BASIC UTIL.BP W_SERVICE.DATAMAP_VIEW
16:44:21.05042,root,CATALOG UTIL.BP W_SERVICE.DATAMAP_VIEW,,BCC,root@DEV,CATALOG UTIL.BP W_SERVICE.DATAMAP_VIEW
16:44:22.05043,root,,,U_TEST,root@DEV,
16:44:22.05044,root,,,U_TEST,root@DEV,
16:44:23.05045,root,,,U_TEST,root@DEV,
16:44:23.05046,root,,00.00.00,U_TEST,root@DEV,
16:44:23.05047,root,,00.00.00,U_TEST,root@DEV,
16:45:20.05048,root,,,BCC,root@DEV,
16:45:20.05049,root,FORMAT UTIL.BP U_TEST,,BCC,root@DEV,FORMAT UTIL.BP U_TEST
16:45:20.05050,root,BASIC UTIL.BP U_TEST,,BCC,root@DEV,BASIC UTIL.BP U_TEST
16:45:20.05051,root,CATALOG UTIL.BP U_TEST,,BCC,root@DEV,CATALOG UTIL.BP U_TEST
16:45:22.05052,root,,,U_TEST,root@DEV,
16:45:22.05053,root,,,U_TEST,root@DEV,
16:45:22.05054,root,,,U_TEST,root@DEV,
16:45:22.05055,root,,00.00.00,U_TEST,root@DEV,
16:45:22.05056,root,,00.00.00,U_TEST,root@DEV,
16:45:22.05057,root,,,U_TEST,root@DEV,
16:45:22.05058,root,,,U_TEST,root@DEV,
16:45:26.05059,root,,00.00.04,U_TEST,root@DEV,
16:45:26.05060,root,,00.00.04,U_TEST,root@DEV,
16:45:38.05061,root,,,U_TEST,root@DEV,
16:45:38.05062,root,,,U_TEST,root@DEV,
16:45:38.05063,root,,,U_TEST,root@DEV,
16:45:38.05064,root,,00.00.00,U_TEST,root@DEV,
16:45:38.05065,root,,00.00.00,U_TEST,root@DEV,
16:45:38.05066,root,,,U_TEST,root@DEV,
16:45:38.05067,root,,,U_TEST,root@DEV,
16:45:39.05068,root,,00.00.01,U_TEST,root@DEV,
16:45:39.05069,root,,00.00.01,U_TEST,root@DEV,
16:45:43.05070,root,,,U_TEST,root@DEV,
16:45:44.05071,root,,,U_TEST,root@DEV,
16:45:44.05072,root,,,U_TEST,root@DEV,
16:45:44.05073,root,,00.00.00,U_TEST,root@DEV,
16:45:44.05074,root,,00.00.00,U_TEST,root@DEV,
16:45:44.05075,root,,,U_TEST,root@DEV,
16:45:44.05076,root,,,U_TEST,root@DEV,
16:45:44.05077,root,,00.00.00,U_TEST,root@DEV,
16:45:44.05078,root,,00.00.00,U_TEST,root@DEV,
16:51:17.05079,root,,,BCC,root@DEV,
16:51:30.05080,root,,,BCC,root@DEV,
16:51:43.05081,root,,,BCC,root@DEV,
16:51:43.05082,root,FORMAT UTIL.BP W_SERVICE.DATAMAP_LIST,,BCC,root@DEV,FORMAT UTIL.BP W_SERVICE.DATAMAP_LIST
16:51:43.05083,root,BASIC UTIL.BP W_SERVICE.DATAMAP_LIST,,BCC,root@DEV,BASIC UTIL.BP W_SERVICE.DATAMAP_LIST
16:51:44.05084,root,CATALOG UTIL.BP W_SERVICE.DATAMAP_LIST,,BCC,root@DEV,CATALOG UTIL.BP W_SERVICE.DATAMAP_LIST
16:52:01.05085,root,,,U_TEST,root@DEV,
16:52:01.05086,root,,,U_TEST,root@DEV,
16:52:01.05087,root,,,U_TEST,root@DEV,
16:52:01.05088,root,,00.00.00,U_TEST,root@DEV,
16:52:01.05089,root,,00.00.00,U_TEST,root@DEV,
16:52:01.05090,root,,,U_TEST,root@DEV,
16:52:01.05091,root,,,U_TEST,root@DEV,
16:52:18.05092,root,,00.00.17,U_TEST,root@DEV,
16:52:18.05093,root,,00.00.17,U_TEST,root@DEV,
16:52:24.05094,root,,,BCC,root@DEV,
16:52:24.05095,root,FORMAT UTIL.BP U_TEST,,BCC,root@DEV,FORMAT UTIL.BP U_TEST
16:52:24.05096,root,BASIC UTIL.BP U_TEST,,BCC,root@DEV,BASIC UTIL.BP U_TEST
16:52:24.05097,root,CATALOG UTIL.BP U_TEST,,BCC,root@DEV,CATALOG UTIL.BP U_TEST
16:52:29.05098,root,,,U_TEST,root@DEV,
16:52:29.05099,root,,,U_TEST,root@DEV,
16:52:29.05100,root,,,U_TEST,root@DEV,
16:52:29.05101,root,SELECT UTIL.CONFIG LIKE siena_data...list TO 1,,U_TEST,root@DEV,SELECT UTIL.CONFIG LIKE siena_data...list TO 1
16:52:29.05102,root,,00.00.00,U_TEST,root@DEV,
16:52:29.05103,root,,00.00.00,U_TEST,root@DEV,
16:52:29.05104,root,,,U_TEST,root@DEV,
16:52:29.05105,root,,,U_TEST,root@DEV,
16:52:29.05106,root,,00.00.00,U_TEST,root@DEV,
16:52:29.05107,root,,00.00.00,U_TEST,root@DEV,
16:52:30.05108,root,,,U_TEST,root@DEV,
16:52:30.05109,root,,,U_TEST,root@DEV,
16:52:30.05110,root,,00.00.00,U_TEST,root@DEV,
16:52:30.05111,root,,00.00.00,U_TEST,root@DEV,
16:54:19.05112,root,,,BCC,root@DEV,
16:54:19.05113,root,FORMAT UTIL.BP W_SERVICE.DATAMAP_LIST,,BCC,root@DEV,FORMAT UTIL.BP W_SERVICE.DATAMAP_LIST
16:54:19.05114,root,BASIC UTIL.BP W_SERVICE.DATAMAP_LIST,,BCC,root@DEV,BASIC UTIL.BP W_SERVICE.DATAMAP_LIST
16:54:19.05115,root,CATALOG UTIL.BP W_SERVICE.DATAMAP_LIST,,BCC,root@DEV,CATALOG UTIL.BP W_SERVICE.DATAMAP_LIST
16:54:21.05116,root,,,U_TEST,root@DEV,
16:54:21.05117,root,,,U_TEST,root@DEV,
16:54:21.05118,root,,,U_TEST,root@DEV,
16:54:21.05119,root,SELECT UTIL.CONFIG LIKE siena_data...list TO 1,,U_TEST,root@DEV,SELECT UTIL.CONFIG LIKE siena_data...list TO 1
16:54:21.05120,root,,00.00.00,U_TEST,root@DEV,
16:54:21.05121,root,,00.00.00,U_TEST,root@DEV,
16:54:21.05122,root,,,U_TEST,root@DEV,
16:54:21.05123,root,,,U_TEST,root@DEV,
16:54:21.05124,root,,00.00.00,U_TEST,root@DEV,
16:54:21.05125,root,,00.00.00,U_TEST,root@DEV,
16:54:21.05126,root,,,U_TEST,root@DEV,
16:54:21.05127,root,,,U_TEST,root@DEV,
16:54:21.05128,root,,00.00.00,U_TEST,root@DEV,
16:54:21.05129,root,,00.00.00,U_TEST,root@DEV,
16:55:03.05130,root,,,BCC,root@DEV,
16:55:03.05131,root,FORMAT UTIL.BP W_SERVICE.DATAMAP_LIST,,BCC,root@DEV,FORMAT UTIL.BP W_SERVICE.DATAMAP_LIST
16:55:03.05132,root,BASIC UTIL.BP W_SERVICE.DATAMAP_LIST,,BCC,root@DEV,BASIC UTIL.BP W_SERVICE.DATAMAP_LIST
16:55:03.05133,root,CATALOG UTIL.BP W_SERVICE.DATAMAP_LIST,,BCC,root@DEV,CATALOG UTIL.BP W_SERVICE.DATAMAP_LIST
16:55:05.05134,root,,,U_TEST,root@DEV,
16:55:05.05135,root,,,U_TEST,root@DEV,
16:55:05.05136,root,,,U_TEST,root@DEV,
16:55:05.05137,root,SELECT UTIL.CONFIG LIKE siena_data...list TO 1,,U_TEST,root@DEV,SELECT UTIL.CONFIG LIKE siena_data...list TO 1
16:55:05.05138,root,,00.00.00,U_TEST,root@DEV,
16:55:05.05139,root,,00.00.00,U_TEST,root@DEV,
16:55:05.05140,root,,,U_TEST,root@DEV,
16:55:05.05141,root,,,U_TEST,root@DEV,
16:55:05.05142,root,,00.00.00,U_TEST,root@DEV,
16:55:05.05143,root,,00.00.00,U_TEST,root@DEV,
16:55:05.05144,root,,,U_TEST,root@DEV,
16:55:05.05145,root,,,U_TEST,root@DEV,
16:55:05.05146,root,,00.00.00,U_TEST,root@DEV,
16:55:05.05147,root,,00.00.00,U_TEST,root@DEV,
16:56:10.05148,root,,,BCC,root@DEV,
16:56:10.05149,root,FORMAT UTIL.BP W_SERVICE.DATAMAP_LIST,,BCC,root@DEV,FORMAT UTIL.BP W_SERVICE.DATAMAP_LIST
16:56:10.05150,root,BASIC UTIL.BP W_SERVICE.DATAMAP_LIST,,BCC,root@DEV,BASIC UTIL.BP W_SERVICE.DATAMAP_LIST
16:56:10.05151,root,CATALOG UTIL.BP W_SERVICE.DATAMAP_LIST,,BCC,root@DEV,CATALOG UTIL.BP W_SERVICE.DATAMAP_LIST
16:56:12.05152,root,,,U_TEST,root@DEV,
16:56:12.05153,root,,,U_TEST,root@DEV,
16:56:12.05154,root,,,U_TEST,root@DEV,
16:56:13.05155,root,SELECT UTIL.CONFIG LIKE siena_data....list TO 1,,U_TEST,root@DEV,SELECT UTIL.CONFIG LIKE siena_data....list TO 1
16:56:13.05156,root,,00.00.01,U_TEST,root@DEV,
16:56:13.05157,root,,00.00.01,U_TEST,root@DEV,
16:56:13.05158,root,,,U_TEST,root@DEV,
16:56:13.05159,root,,,U_TEST,root@DEV,
16:56:13.05160,root,,00.00.00,U_TEST,root@DEV,
16:56:13.05161,root,,00.00.00,U_TEST,root@DEV,
16:56:13.05162,root,,,U_TEST,root@DEV,
16:56:13.05163,root,,,U_TEST,root@DEV,
16:56:13.05164,root,,00.00.00,U_TEST,root@DEV,
16:56:13.05165,root,,00.00.00,U_TEST,root@DEV,
16:57:10.05166,root,,,BCC,root@DEV,
16:57:10.05167,root,FORMAT UTIL.BP W_SERVICE.DATAMAP_LIST,,BCC,root@DEV,FORMAT UTIL.BP W_SERVICE.DATAMAP_LIST
16:57:10.05168,root,BASIC UTIL.BP W_SERVICE.DATAMAP_LIST,,BCC,root@DEV,BASIC UTIL.BP W_SERVICE.DATAMAP_LIST
16:57:10.05169,root,CATALOG UTIL.BP W_SERVICE.DATAMAP_LIST,,BCC,root@DEV,CATALOG UTIL.BP W_SERVICE.DATAMAP_LIST
16:57:12.05170,root,,,U_TEST,root@DEV,
16:57:12.05171,root,,,U_TEST,root@DEV,
16:57:12.05172,root,,,U_TEST,root@DEV,
16:57:12.05173,root,SELECT UTIL.CONFIG LIKE siena_data....list TO 1,,U_TEST,root@DEV,SELECT UTIL.CONFIG LIKE siena_data....list TO 1
16:57:12.05174,root,,00.00.00,U_TEST,root@DEV,
16:57:12.05175,root,,00.00.00,U_TEST,root@DEV,
16:57:12.05176,root,,,U_TEST,root@DEV,
16:57:12.05177,root,,,U_TEST,root@DEV,
16:57:13.05178,root,,00.00.01,U_TEST,root@DEV,
16:57:13.05179,root,,00.00.01,U_TEST,root@DEV,
16:57:13.05180,root,,,U_TEST,root@DEV,
16:57:13.05181,root,,,U_TEST,root@DEV,
16:57:13.05182,root,,00.00.00,U_TEST,root@DEV,
16:57:13.05183,root,,00.00.00,U_TEST,root@DEV,
17:03:41.05184,root,,,BCC,root@DEV,
17:03:41.05185,root,FORMAT UTIL.BP W_SERVICE.DATAMAP_LIST,,BCC,root@DEV,FORMAT UTIL.BP W_SERVICE.DATAMAP_LIST
17:03:41.05186,root,BASIC UTIL.BP W_SERVICE.DATAMAP_LIST,,BCC,root@DEV,BASIC UTIL.BP W_SERVICE.DATAMAP_LIST
17:03:41.05187,root,CATALOG UTIL.BP W_SERVICE.DATAMAP_LIST,,BCC,root@DEV,CATALOG UTIL.BP W_SERVICE.DATAMAP_LIST
17:03:43.05188,root,,,U_TEST,root@DEV,
17:03:43.05189,root,,,U_TEST,root@DEV,
17:03:43.05190,root,,,U_TEST,root@DEV,
17:03:43.05191,root,SELECT UTIL.CONFIG LIKE siena_data....list TO 1,,U_TEST,root@DEV,SELECT UTIL.CONFIG LIKE siena_data....list TO 1
17:03:43.05192,root,,00.00.00,U_TEST,root@DEV,
17:03:43.05193,root,,00.00.00,U_TEST,root@DEV,
17:03:43.05194,root,,,U_TEST,root@DEV,
17:03:43.05195,root,,,U_TEST,root@DEV,
17:03:44.05196,root,,00.00.01,U_TEST,root@DEV,
17:03:44.05197,root,,00.00.01,U_TEST,root@DEV,
17:03:44.05198,root,,,U_TEST,root@DEV,
17:03:44.05199,root,,,U_TEST,root@DEV,
17:03:44.05200,root,,00.00.00,U_TEST,root@DEV,
17:03:44.05201,root,,00.00.00,U_TEST,root@DEV,
17:04:17.05202,root,,,U_TEST,root@DEV,
17:04:17.05203,root,,,U_TEST,root@DEV,
17:04:17.05204,root,,,U_TEST,root@DEV,
17:04:17.05205,root,SELECT UTIL.CONFIG LIKE siena_data....list TO 1,,U_TEST,root@DEV,SELECT UTIL.CONFIG LIKE siena_data....list TO 1
17:04:17.05206,root,,00.00.00,U_TEST,root@DEV,
17:04:17.05207,root,,00.00.00,U_TEST,root@DEV,
17:04:17.05208,root,,,U_TEST,root@DEV,
17:04:17.05209,root,,,U_TEST,root@DEV,
17:04:17.05210,root,,00.00.00,U_TEST,root@DEV,
17:04:17.05211,root,,00.00.00,U_TEST,root@DEV,
17:04:17.05212,root,,,U_TEST,root@DEV,
17:04:17.05213,root,,,U_TEST,root@DEV,
17:04:17.05214,root,,00.00.00,U_TEST,root@DEV,
17:04:17.05215,root,,00.00.00,U_TEST,root@DEV,
17:05:56.05216,root,,,BCC,root@DEV,
17:05:56.05217,root,FORMAT UTIL.BP W_SERVICE.DATAMAP_LIST,,BCC,root@DEV,FORMAT UTIL.BP W_SERVICE.DATAMAP_LIST
17:05:56.05218,root,BASIC UTIL.BP W_SERVICE.DATAMAP_LIST,,BCC,root@DEV,BASIC UTIL.BP W_SERVICE.DATAMAP_LIST
17:05:56.05219,root,CATALOG UTIL.BP W_SERVICE.DATAMAP_LIST,,BCC,root@DEV,CATALOG UTIL.BP W_SERVICE.DATAMAP_LIST
17:05:58.05220,root,,,U_TEST,root@DEV,
17:05:58.05221,root,,,U_TEST,root@DEV,
17:05:58.05222,root,,,U_TEST,root@DEV,
17:05:58.05223,root,SELECT UTIL.CONFIG LIKE siena_data....list TO 1,,U_TEST,root@DEV,SELECT UTIL.CONFIG LIKE siena_data....list TO 1
17:05:58.05224,root,,00.00.00,U_TEST,root@DEV,
17:05:58.05225,root,,00.00.00,U_TEST,root@DEV,
17:05:58.05226,root,,,U_TEST,root@DEV,
17:05:58.05227,root,,,U_TEST,root@DEV,
17:05:58.05228,root,,00.00.00,U_TEST,root@DEV,
17:05:58.05229,root,,00.00.00,U_TEST,root@DEV,
17:05:58.05230,root,,,U_TEST,root@DEV,
17:05:58.05231,root,,,U_TEST,root@DEV,
17:05:58.05232,root,,00.00.00,U_TEST,root@DEV,
17:05:58.05233,root,,00.00.00,U_TEST,root@DEV,
17:06:34.05234,root,,,BCC,root@DEV,
17:06:34.05235,root,FORMAT UTIL.BP W_SERVICE.DATAMAP_LIST,,BCC,root@DEV,FORMAT UTIL.BP W_SERVICE.DATAMAP_LIST
17:06:34.05236,root,BASIC UTIL.BP W_SERVICE.DATAMAP_LIST,,BCC,root@DEV,BASIC UTIL.BP W_SERVICE.DATAMAP_LIST
17:06:34.05237,root,CATALOG UTIL.BP W_SERVICE.DATAMAP_LIST,,BCC,root@DEV,CATALOG UTIL.BP W_SERVICE.DATAMAP_LIST
17:06:36.05238,root,,,U_TEST,root@DEV,
17:06:37.05239,root,,,U_TEST,root@DEV,
17:06:37.05240,root,,,U_TEST,root@DEV,
17:06:37.05241,root,SELECT UTIL.CONFIG LIKE siena_data....list TO 1,,U_TEST,root@DEV,SELECT UTIL.CONFIG LIKE siena_data....list TO 1
17:06:37.05242,root,,00.00.00,U_TEST,root@DEV,
17:06:37.05243,root,,00.00.00,U_TEST,root@DEV,
17:06:37.05244,root,,,U_TEST,root@DEV,
17:06:37.05245,root,,,U_TEST,root@DEV,
17:06:37.05246,root,,00.00.00,U_TEST,root@DEV,
17:06:37.05247,root,,00.00.00,U_TEST,root@DEV,
17:06:37.05248,root,,,U_TEST,root@DEV,
17:06:37.05249,root,,,U_TEST,root@DEV,
17:06:37.05250,root,,00.00.00,U_TEST,root@DEV,
17:06:37.05251,root,,00.00.00,U_TEST,root@DEV,
17:07:33.05252,root,,,BCC,root@DEV,
17:07:33.05253,root,FORMAT UTIL.BP W_SERVICE.DATAMAP_LIST,,BCC,root@DEV,FORMAT UTIL.BP W_SERVICE.DATAMAP_LIST
17:07:33.05254,root,BASIC UTIL.BP W_SERVICE.DATAMAP_LIST,,BCC,root@DEV,BASIC UTIL.BP W_SERVICE.DATAMAP_LIST
17:07:33.05255,root,CATALOG UTIL.BP W_SERVICE.DATAMAP_LIST,,BCC,root@DEV,CATALOG UTIL.BP W_SERVICE.DATAMAP_LIST
17:07:34.05256,root,,,U_TEST,root@DEV,
17:07:34.05257,root,,,U_TEST,root@DEV,
17:07:34.05258,root,,,U_TEST,root@DEV,
17:07:34.05259,root,SELECT UTIL.CONFIG LIKE siena_data....list TO 1,,U_TEST,root@DEV,SELECT UTIL.CONFIG LIKE siena_data....list TO 1
17:07:34.05260,root,,00.00.00,U_TEST,root@DEV,
17:07:34.05261,root,,00.00.00,U_TEST,root@DEV,
17:07:34.05262,root,,,U_TEST,root@DEV,
17:07:34.05263,root,,,U_TEST,root@DEV,
17:07:34.05264,root,,00.00.00,U_TEST,root@DEV,
17:07:34.05265,root,,00.00.00,U_TEST,root@DEV,
17:07:34.05266,root,,,U_TEST,root@DEV,
17:07:34.05267,root,,,U_TEST,root@DEV,
17:07:34.05268,root,,00.00.00,U_TEST,root@DEV,
17:07:34.05269,root,,00.00.00,U_TEST,root@DEV,
17:08:32.05270,root,,,U_TEST,root@DEV,
17:08:33.05271,root,,,U_TEST,root@DEV,
17:08:33.05272,root,,,U_TEST,root@DEV,
17:08:33.05273,root,SELECT UTIL.CONFIG LIKE siena_data....list TO 1,,U_TEST,root@DEV,SELECT UTIL.CONFIG LIKE siena_data....list TO 1
17:08:33.05274,root,,00.00.00,U_TEST,root@DEV,
17:08:33.05275,root,,00.00.00,U_TEST,root@DEV,
17:08:33.05276,root,,,U_TEST,root@DEV,
17:08:33.05277,root,,,U_TEST,root@DEV,
17:08:33.05278,root,,00.00.00,U_TEST,root@DEV,
17:08:33.05279,root,,00.00.00,U_TEST,root@DEV,
17:08:33.05280,root,,,U_TEST,root@DEV,
17:08:33.05281,root,,,U_TEST,root@DEV,
17:08:33.05282,root,,00.00.00,U_TEST,root@DEV,
17:08:33.05283,root,,00.00.00,U_TEST,root@DEV,
17:09:35.05284,root,,,U_TEST,root@DEV,
17:09:36.05285,root,,,U_TEST,root@DEV,
17:09:36.05286,root,,,U_TEST,root@DEV,
17:09:36.05287,root,SELECT UTIL.CONFIG LIKE siena_data....list TO 1,,U_TEST,root@DEV,SELECT UTIL.CONFIG LIKE siena_data....list TO 1
17:09:36.05288,root,,00.00.00,U_TEST,root@DEV,
17:09:36.05289,root,,00.00.00,U_TEST,root@DEV,
17:09:36.05290,root,,,U_TEST,root@DEV,
17:09:36.05291,root,,,U_TEST,root@DEV,
17:09:36.05292,root,,00.00.00,U_TEST,root@DEV,
17:09:36.05293,root,,00.00.00,U_TEST,root@DEV,
17:09:36.05294,root,,,U_TEST,root@DEV,
17:09:36.05295,root,,,U_TEST,root@DEV,
17:09:36.05296,root,,00.00.00,U_TEST,root@DEV,
17:09:36.05297,root,,00.00.00,U_TEST,root@DEV,
17:09:39.05298,root,,,BCC,root@DEV,
17:09:39.05299,root,FORMAT UTIL.BP W_SERVICE.DATAMAP_LIST,,BCC,root@DEV,FORMAT UTIL.BP W_SERVICE.DATAMAP_LIST
17:09:39.05300,root,BASIC UTIL.BP W_SERVICE.DATAMAP_LIST,,BCC,root@DEV,BASIC UTIL.BP W_SERVICE.DATAMAP_LIST
17:09:39.05301,root,CATALOG UTIL.BP W_SERVICE.DATAMAP_LIST,,BCC,root@DEV,CATALOG UTIL.BP W_SERVICE.DATAMAP_LIST
17:09:41.05302,root,,,U_TEST,root@DEV,
17:09:41.05303,root,,,U_TEST,root@DEV,
17:09:41.05304,root,,,U_TEST,root@DEV,
17:09:41.05305,root,SELECT UTIL.CONFIG LIKE siena_data....list TO 1,,U_TEST,root@DEV,SELECT UTIL.CONFIG LIKE siena_data....list TO 1
17:09:41.05306,root,,00.00.00,U_TEST,root@DEV,
17:09:41.05307,root,,00.00.00,U_TEST,root@DEV,
17:09:41.05308,root,,,U_TEST,root@DEV,
17:09:41.05309,root,,,U_TEST,root@DEV,
17:09:41.05310,root,,00.00.00,U_TEST,root@DEV,
17:09:41.05311,root,,00.00.00,U_TEST,root@DEV,
17:09:41.05312,root,,,U_TEST,root@DEV,
17:09:41.05313,root,,,U_TEST,root@DEV,
17:09:41.05314,root,,00.00.00,U_TEST,root@DEV,
17:09:41.05315,root,,00.00.00,U_TEST,root@DEV,
17:10:38.05316,root,,,BCC,root@DEV,
17:10:38.05317,root,FORMAT UTIL.BP W_SERVICE.DATAMAP_LIST,,BCC,root@DEV,FORMAT UTIL.BP W_SERVICE.DATAMAP_LIST
17:10:38.05318,root,BASIC UTIL.BP W_SERVICE.DATAMAP_LIST,,BCC,root@DEV,BASIC UTIL.BP W_SERVICE.DATAMAP_LIST
17:10:38.05319,root,CATALOG UTIL.BP W_SERVICE.DATAMAP_LIST,,BCC,root@DEV,CATALOG UTIL.BP W_SERVICE.DATAMAP_LIST
17:10:41.05320,root,,,U_TEST,root@DEV,
17:10:41.05321,root,,,U_TEST,root@DEV,
17:10:41.05322,root,,,U_TEST,root@DEV,
17:10:41.05323,root,SELECT UTIL.CONFIG LIKE siena_data....list TO 1,,U_TEST,root@DEV,SELECT UTIL.CONFIG LIKE siena_data....list TO 1
17:10:41.05324,root,,00.00.00,U_TEST,root@DEV,
17:10:41.05325,root,,00.00.00,U_TEST,root@DEV,
17:10:41.05326,root,,,U_TEST,root@DEV,
17:10:41.05327,root,,,U_TEST,root@DEV,
17:10:41.05328,root,,00.00.00,U_TEST,root@DEV,
17:10:41.05329,root,,00.00.00,U_TEST,root@DEV,
17:10:41.05330,root,,,U_TEST,root@DEV,
17:10:41.05331,root,,,U_TEST,root@DEV,
17:10:41.05332,root,,00.00.00,U_TEST,root@DEV,
17:10:41.05333,root,,00.00.00,U_TEST,root@DEV,
17:17:12.05334,root,,,BCC,root@DEV,
17:17:13.05335,root,FORMAT UTIL.BP W_SERVICE.DATAMAP_LIST,,BCC,root@DEV,FORMAT UTIL.BP W_SERVICE.DATAMAP_LIST
17:17:13.05336,root,BASIC UTIL.BP W_SERVICE.DATAMAP_LIST,,BCC,root@DEV,BASIC UTIL.BP W_SERVICE.DATAMAP_LIST
17:17:13.05337,root,CATALOG UTIL.BP W_SERVICE.DATAMAP_LIST,,BCC,root@DEV,CATALOG UTIL.BP W_SERVICE.DATAMAP_LIST
17:17:15.05338,root,,,U_TEST,root@DEV,
17:17:15.05339,root,,,U_TEST,root@DEV,
17:17:15.05340,root,,,U_TEST,root@DEV,
17:17:15.05341,root,SELECT UTIL.CONFIG LIKE siena_data....list TO 1,,U_TEST,root@DEV,SELECT UTIL.CONFIG LIKE siena_data....list TO 1
17:17:15.05342,root,,00.00.00,U_TEST,root@DEV,
17:17:15.05343,root,,00.00.00,U_TEST,root@DEV,
17:17:15.05344,root,,,U_TEST,root@DEV,
17:17:16.05345,root,,,U_TEST,root@DEV,
17:17:16.05346,root,,00.00.01,U_TEST,root@DEV,
17:17:16.05347,root,,00.00.01,U_TEST,root@DEV,
17:17:16.05348,root,,,U_TEST,root@DEV,
17:17:16.05349,root,,,U_TEST,root@DEV,
17:17:16.05350,root,,00.00.00,U_TEST,root@DEV,
17:17:16.05351,root,,00.00.00,U_TEST,root@DEV,
17:18:02.05352,root,,,BCC,root@DEV,
17:18:02.05353,root,FORMAT UTIL.BP W_SERVICE.DATAMAP_LIST,,BCC,root@DEV,FORMAT UTIL.BP W_SERVICE.DATAMAP_LIST
17:18:02.05354,root,BASIC UTIL.BP W_SERVICE.DATAMAP_LIST,,BCC,root@DEV,BASIC UTIL.BP W_SERVICE.DATAMAP_LIST
17:18:02.05355,root,CATALOG UTIL.BP W_SERVICE.DATAMAP_LIST,,BCC,root@DEV,CATALOG UTIL.BP W_SERVICE.DATAMAP_LIST
17:18:04.05356,root,,,U_TEST,root@DEV,
17:18:04.05357,root,,,U_TEST,root@DEV,
17:18:04.05358,root,,,U_TEST,root@DEV,
17:18:04.05359,root,SELECT UTIL.CONFIG LIKE siena_data....list TO 1,,U_TEST,root@DEV,SELECT UTIL.CONFIG LIKE siena_data....list TO 1
17:18:04.05360,root,,00.00.00,U_TEST,root@DEV,
17:18:04.05361,root,,00.00.00,U_TEST,root@DEV,
17:18:04.05362,root,,,U_TEST,root@DEV,
17:18:04.05363,root,,,U_TEST,root@DEV,
17:18:04.05364,root,,00.00.00,U_TEST,root@DEV,
17:18:04.05365,root,,00.00.00,U_TEST,root@DEV,
17:18:04.05366,root,,,U_TEST,root@DEV,
17:18:04.05367,root,,,U_TEST,root@DEV,
17:18:04.05368,root,,00.00.00,U_TEST,root@DEV,
17:18:04.05369,root,,00.00.00,U_TEST,root@DEV,
17:19:04.05370,root,,,BCC,root@DEV,
17:19:04.05371,root,FORMAT UTIL.BP W_SERVICE.DATAMAP_LIST,,BCC,root@DEV,FORMAT UTIL.BP W_SERVICE.DATAMAP_LIST
17:19:04.05372,root,BASIC UTIL.BP W_SERVICE.DATAMAP_LIST,,BCC,root@DEV,BASIC UTIL.BP W_SERVICE.DATAMAP_LIST
17:19:04.05373,root,CATALOG UTIL.BP W_SERVICE.DATAMAP_LIST,,BCC,root@DEV,CATALOG UTIL.BP W_SERVICE.DATAMAP_LIST
17:19:06.05374,root,,,U_TEST,root@DEV,
17:19:06.05375,root,,,U_TEST,root@DEV,
17:19:06.05376,root,,,U_TEST,root@DEV,
17:19:06.05377,root,SELECT UTIL.CONFIG LIKE siena_data....list TO 1,,U_TEST,root@DEV,SELECT UTIL.CONFIG LIKE siena_data....list TO 1
17:19:06.05378,root,,00.00.00,U_TEST,root@DEV,
17:19:06.05379,root,,00.00.00,U_TEST,root@DEV,
17:19:06.05380,root,,,U_TEST,root@DEV,
17:19:06.05381,root,,,U_TEST,root@DEV,
17:19:06.05382,root,,00.00.00,U_TEST,root@DEV,
17:19:06.05383,root,,00.00.00,U_TEST,root@DEV,
17:19:06.05384,root,,,U_TEST,root@DEV,
17:19:06.05385,root,,,U_TEST,root@DEV,
17:19:06.05386,root,,00.00.00,U_TEST,root@DEV,
17:19:06.05387,root,,00.00.00,U_TEST,root@DEV,
17:19:53.05388,root,,,BCC,root@DEV,
17:19:53.05389,root,FORMAT UTIL.BP W_SERVICE.DATAMAP_LIST,,BCC,root@DEV,FORMAT UTIL.BP W_SERVICE.DATAMAP_LIST
17:19:53.05390,root,BASIC UTIL.BP W_SERVICE.DATAMAP_LIST,,BCC,root@DEV,BASIC UTIL.BP W_SERVICE.DATAMAP_LIST
17:19:53.05391,root,CATALOG UTIL.BP W_SERVICE.DATAMAP_LIST,,BCC,root@DEV,CATALOG UTIL.BP W_SERVICE.DATAMAP_LIST
17:19:55.05392,root,,,U_TEST,root@DEV,
17:19:55.05393,root,,,U_TEST,root@DEV,
17:19:56.05394,root,,,U_TEST,root@DEV,
17:19:56.05395,root,SELECT UTIL.CONFIG LIKE siena_data....list TO 1,,U_TEST,root@DEV,SELECT UTIL.CONFIG LIKE siena_data....list TO 1
17:19:56.05396,root,,00.00.01,U_TEST,root@DEV,
17:19:56.05397,root,,00.00.01,U_TEST,root@DEV,
17:19:56.05398,root,,,U_TEST,root@DEV,
17:19:56.05399,root,,,U_TEST,root@DEV,
17:19:56.05400,root,,00.00.00,U_TEST,root@DEV,
17:19:56.05401,root,,00.00.00,U_TEST,root@DEV,
17:19:56.05402,root,,,U_TEST,root@DEV,
17:19:56.05403,root,,,U_TEST,root@DEV,
17:19:56.05404,root,,00.00.00,U_TEST,root@DEV,
17:19:56.05405,root,,00.00.00,U_TEST,root@DEV,
17:21:09.05406,root,,,BCC,root@DEV,
17:21:09.05407,root,FORMAT UTIL.BP U_TEST NOPAGE,,BCC,root@DEV,FORMAT UTIL.BP U_TEST NOPAGE
17:21:09.05408,root,BASIC UTIL.BP U_TEST NOPAGE,,BCC,root@DEV,BASIC UTIL.BP U_TEST NOPAGE
17:21:09.05409,root,CATALOG UTIL.BP U_TEST NOPAGE,,BCC,root@DEV,CATALOG UTIL.BP U_TEST NOPAGE
17:21:12.05410,root,,,U_TEST,root@DEV,
17:21:13.05411,root,,,U_TEST,root@DEV,
17:21:13.05412,root,,,U_TEST,root@DEV,
17:21:13.05413,root,SELECT UTIL.CONFIG LIKE siena_data....list TO 1,,U_TEST,root@DEV,SELECT UTIL.CONFIG LIKE siena_data....list TO 1
17:21:13.05414,root,,00.00.00,U_TEST,root@DEV,
17:21:13.05415,root,,00.00.00,U_TEST,root@DEV,
17:21:13.05416,root,,,U_TEST,root@DEV,
17:21:13.05417,root,,,U_TEST,root@DEV,
17:21:13.05418,root,,00.00.00,U_TEST,root@DEV,
17:21:13.05419,root,,00.00.00,U_TEST,root@DEV,
17:21:13.05420,root,,,U_TEST,root@DEV,
17:21:13.05421,root,,,U_TEST,root@DEV,
17:21:13.05422,root,,00.00.00,U_TEST,root@DEV,
17:21:13.05423,root,,00.00.00,U_TEST,root@DEV,
17:23:08.05424,root,,,BCC,root@DEV,
17:23:08.05425,root,FORMAT UTIL.BP U_TEST NOPAGE,,BCC,root@DEV,FORMAT UTIL.BP U_TEST NOPAGE
17:23:08.05426,root,BASIC UTIL.BP U_TEST NOPAGE,,BCC,root@DEV,BASIC UTIL.BP U_TEST NOPAGE
17:23:08.05427,root,CATALOG UTIL.BP U_TEST NOPAGE,,BCC,root@DEV,CATALOG UTIL.BP U_TEST NOPAGE
17:23:09.05428,root,,,U_TEST,root@DEV,
17:23:09.05429,root,,,U_TEST,root@DEV,
17:23:10.05430,root,,,U_TEST,root@DEV,
17:23:10.05431,root,SELECT UTIL.CONFIG LIKE siena_data....list TO 1,,U_TEST,root@DEV,SELECT UTIL.CONFIG LIKE siena_data....list TO 1
17:23:10.05432,root,,00.00.01,U_TEST,root@DEV,
17:23:10.05433,root,,00.00.01,U_TEST,root@DEV,
17:23:10.05434,root,,,U_TEST,root@DEV,
17:23:10.05435,root,,,U_TEST,root@DEV,
17:23:10.05436,root,,00.00.00,U_TEST,root@DEV,
17:23:10.05437,root,,00.00.00,U_TEST,root@DEV,
17:23:10.05438,root,,,U_TEST,root@DEV,
17:23:10.05439,root,,,U_TEST,root@DEV,
17:23:10.05440,root,,00.00.00,U_TEST,root@DEV,
17:23:10.05441,root,,00.00.00,U_TEST,root@DEV,
17:23:10.05442,root,,,U_TEST,root@DEV,
17:23:10.05443,root,,,U_TEST,root@DEV,
17:23:10.05444,root,,00.00.00,U_TEST,root@DEV,
17:23:10.05445,root,,00.00.00,U_TEST,root@DEV,
17:23:10.05446,root,,,U_TEST,root@DEV,
17:23:10.05447,root,,,U_TEST,root@DEV,
17:23:10.05448,root,,00.00.00,U_TEST,root@DEV,
17:23:10.05449,root,,00.00.00,U_TEST,root@DEV,
17:23:10.05450,root,,,U_TEST,root@DEV,
17:23:10.05451,root,,,U_TEST,root@DEV,
17:23:10.05452,root,,00.00.00,U_TEST,root@DEV,
17:23:10.05453,root,,00.00.00,U_TEST,root@DEV,
17:24:56.05454,root,,,U_TEST,root@DEV,
17:24:56.05455,root,,,U_TEST,root@DEV,
17:24:56.05456,root,,,U_TEST,root@DEV,
17:24:56.05457,root,SELECT UTIL.CONFIG LIKE siena_data....list TO 1,,U_TEST,root@DEV,SELECT UTIL.CONFIG LIKE siena_data....list TO 1
17:24:56.05458,root,,00.00.00,U_TEST,root@DEV,
17:24:56.05459,root,,00.00.00,U_TEST,root@DEV,
17:24:56.05460,root,,,U_TEST,root@DEV,
17:24:56.05461,root,,,U_TEST,root@DEV,
17:24:56.05462,root,,00.00.00,U_TEST,root@DEV,
17:24:56.05463,root,,00.00.00,U_TEST,root@DEV,
17:24:56.05464,root,,,U_TEST,root@DEV,
17:24:57.05465,root,,,U_TEST,root@DEV,
17:24:57.05466,root,,00.00.01,U_TEST,root@DEV,
17:24:57.05467,root,,00.00.01,U_TEST,root@DEV,
17:24:57.05468,root,,,U_TEST,root@DEV,
17:24:57.05469,root,,,U_TEST,root@DEV,
17:24:57.05470,root,,00.00.00,U_TEST,root@DEV,
17:24:57.05471,root,,00.00.00,U_TEST,root@DEV,
17:24:57.05472,root,,,U_TEST,root@DEV,
17:24:57.05473,root,,,U_TEST,root@DEV,
17:24:57.05474,root,,00.00.00,U_TEST,root@DEV,
17:24:57.05475,root,,00.00.00,U_TEST,root@DEV,
17:24:57.05476,root,,,U_TEST,root@DEV,
17:24:57.05477,root,,,U_TEST,root@DEV,
17:24:57.05478,root,,00.00.00,U_TEST,root@DEV,
17:24:57.05479,root,,00.00.00,U_TEST,root@DEV,
17:26:54.05480,root,,,REPORT.DO,root@DEV,
17:26:54.05481,root,,,REPORT.DO,root@DEV,
17:26:54.05482,root,"SORT UTIL.LOG.EVENT BY TIME TIME CMD ELAPSED SESSIONTOKEN SESSIONUSER CSV CMD WITH 1 EQ ""WCT_REQUEST"" ID-SUPP",,REPORT.DO,root@DEV,"SORT UTIL.LOG.EVENT BY TIME TIME CMD ELAPSED SESSIONTOKEN SESSIONUSER CSV CMD WITH 1 EQ ""WCT_REQUEST"" ID-SUPP"
17:26:54.05483,root,,00.00.00,REPORT.DO,root@DEV,
17:26:54.05484,root,,00.00.00,REPORT.DO,root@DEV,
17:27:22.05485,root,,,REPORT.DO,root@DEV,
17:27:22.05486,root,,,REPORT.DO,root@DEV,
17:27:22.05487,root,"SORT UTIL.LOG.EVENT BY TIME TIME CMD ELAPSED SESSIONTOKEN SESSIONUSER CSV CMD WITH 1 EQ ""WCT_REQUEST"" ID-SUPP",,REPORT.DO,root@DEV,"SORT UTIL.LOG.EVENT BY TIME TIME CMD ELAPSED SESSIONTOKEN SESSIONUSER CSV CMD WITH 1 EQ ""WCT_REQUEST"" ID-SUPP"
17:27:22.05488,root,,00.00.00,REPORT.DO,root@DEV,
17:27:22.05489,root,,00.00.00,REPORT.DO,root@DEV,
17:29:04.05490,root,,,REPORT.DO,root@DEV,
17:29:04.05491,root,,,REPORT.DO,root@DEV,
17:29:04.05492,root,SORT UTIL.LOG.EVENT BY DATE BY TIME EVENT SUBR MSG CMD ELAPSED ID-SUPP CSV /,,REPORT.DO,root@DEV,SORT UTIL.LOG.EVENT BY DATE BY TIME EVENT SUBR MSG CMD ELAPSED ID-SUPP CSV /
17:29:07.05493,root,,00.00.03,REPORT.DO,root@DEV,
17:29:07.05494,root,,00.00.03,REPORT.DO,root@DEV,
17:29:29.05495,root,,,REPORT.DO,root@DEV,
17:29:29.05496,root,,,REPORT.DO,root@DEV,
17:29:30.05497,root,SORT UTIL.LOG.EVENT BY TIME TIME CMD ELAPSED SESSIONTOKEN SESSIONUSER CSV CMD ID-SUPP NOPAGE,,REPORT.DO,root@DEV,SORT UTIL.LOG.EVENT BY TIME TIME CMD ELAPSED SESSIONTOKEN SESSIONUSER CSV CMD ID-SUPP NOPAGE
17:29:33.05498,root,,00.00.04,REPORT.DO,root@DEV,
17:29:33.05499,root,,00.00.04,REPORT.DO,root@DEV,
17:29:58.05500,root,,,REPORT.DO,root@DEV,
17:29:58.05501,root,,,REPORT.DO,root@DEV,
17:29:59.05502,root,SORT UTIL.LOG.EVENT BY TIME TIME 2 CMD ELAPSED SESSIONTOKEN SESSIONUSER CSV CMD ID-SUPP NOPAGE,,REPORT.DO,root@DEV,SORT UTIL.LOG.EVENT BY TIME TIME 2 CMD ELAPSED SESSIONTOKEN SESSIONUSER CSV CMD ID-SUPP NOPAGE
17:30:12.05503,root,,,REPORT.DO,root@DEV,
17:30:12.05504,root,,,REPORT.DO,root@DEV,
655 record(s) listed
'.keep' not found
